[Sun Jan  5 12:38:10 2025] Client Started
[Sun Jan  5 12:38:10 2025] Client Config Loaded
[Sun Jan  5 12:38:10 2025] Socket criado com sucesso
[Sun Jan  5 12:38:10 2025] Conectado ao servidor
[Sun Jan  5 12:38:20 2025] Correct Guess
[Sun Jan  5 12:38:20 2025] Correct Guess
[Sun Jan  5 12:38:20 2025] Correct Guess
[Sun Jan  5 12:38:21 2025] Correct Guess
[Sun Jan  5 12:38:21 2025] Correct Guess
[Sun Jan  5 12:38:21 2025] Correct Guess
[Sun Jan  5 12:38:21 2025] Correct Guess
[Sun Jan  5 12:38:21 2025] Correct Guess
[Sun Jan  5 12:38:21 2025] Correct Guess
[Sun Jan  5 12:38:21 2025] Correct Guess
[Sun Jan  5 12:38:21 2025] Correct Guess
[Sun Jan  5 12:38:22 2025] Correct Guess
[Sun Jan  5 12:38:22 2025] Correct Guess
[Sun Jan  5 12:38:22 2025] Correct Guess
[Sun Jan  5 12:38:22 2025] Correct Guess
[Sun Jan  5 12:38:22 2025] Correct Guess
[Sun Jan  5 12:38:22 2025] Correct Guess
[Sun Jan  5 12:38:22 2025] Correct Guess
[Sun Jan  5 12:38:22 2025] Correct Guess
[Sun Jan  5 12:38:23 2025] Correct Guess
[Sun Jan  5 12:38:23 2025] Correct Guess
[Sun Jan  5 12:38:24 2025] Correct Guess
[Sun Jan  5 12:38:24 2025] Correct Guess
[Sun Jan  5 12:38:24 2025] Correct Guess
[Sun Jan  5 12:38:25 2025] Correct Guess
[Sun Jan  5 12:38:25 2025] Correct Guess
[Sun Jan  5 12:38:26 2025] Correct Guess
[Sun Jan  5 12:38:26 2025] Correct Guess
[Sun Jan  5 12:38:27 2025] Correct Guess
[Sun Jan  5 12:38:27 2025] Correct Guess
[Sun Jan  5 12:38:28 2025] Correct Guess
[Sun Jan  5 12:38:28 2025] Correct Guess
[Sun Jan  5 12:38:28 2025] Correct Guess
[Sun Jan  5 12:38:28 2025] Correct Guess
[Sun Jan  5 12:38:28 2025] Correct Guess
[Sun Jan  5 12:38:29 2025] Correct Guess
[Sun Jan  5 12:38:29 2025] Correct Guess
[Sun Jan  5 12:38:29 2025] Correct Guess
[Sun Jan  5 12:38:29 2025] Correct Guess
[Sun Jan  5 12:38:30 2025] Correct Guess
[Sun Jan  5 12:38:30 2025] Correct Guess
[Sun Jan  5 12:38:30 2025] Correct Guess
[Sun Jan  5 12:38:30 2025] Correct Guess
[Sun Jan  5 12:38:30 2025] Correct Guess
[Sun Jan  5 12:38:30 2025] Correct Guess
[Sun Jan  5 12:38:30 2025] Correct Guess
[Sun Jan  5 12:38:30 2025] Correct Guess
[Sun Jan  5 12:38:30 2025] Correct Guess
[Sun Jan  5 12:38:30 2025] Correct Guess
[Sun Jan  5 12:38:30 2025] Correct Guess
[Sun Jan  5 12:38:30 2025] Correct Guess
[Sun Jan  5 12:38:30 2025] Correct Guess
[Sun Jan  5 12:38:30 2025] Correct Guess
[Sun Jan  5 12:38:30 2025] Correct Guess
[Sun Jan  5 12:38:30 2025] Correct Guess
[Sun Jan  5 12:38:30 2025] Correct Guess
[Sun Jan  5 12:38:31 2025] Correct Guess
[Sun Jan  5 12:38:32 2025] Correct Guess
[Sun Jan  5 12:38:32 2025] Correct Guess
[Sun Jan  5 12:38:32 2025] Correct Guess
[Sun Jan  5 12:38:32 2025] Correct Guess
[Sun Jan  5 12:38:32 2025] Correct Guess
[Sun Jan  5 12:38:32 2025] Correct Guess
[Sun Jan  5 12:38:32 2025] Correct Guess
[Sun Jan  5 12:38:33 2025] Correct Guess
[Sun Jan  5 12:38:33 2025] Correct Guess
[Sun Jan  5 12:38:33 2025] Correct Guess
[Sun Jan  5 12:38:34 2025] Correct Guess
[Sun Jan  5 12:38:34 2025] Correct Guess
[Sun Jan  5 12:38:34 2025] Correct Guess
[Sun Jan  5 12:38:34 2025] Correct Guess
[Sun Jan  5 12:38:35 2025] Correct Guess
[Sun Jan  5 12:38:35 2025] Correct Guess
[Sun Jan  5 12:38:36 2025] Correct Guess
[Sun Jan  5 12:38:36 2025] Correct Guess
[Sun Jan  5 12:38:36 2025] Correct Guess
[Sun Jan  5 12:38:36 2025] Correct Guess
[Sun Jan  5 12:38:36 2025] Correct Guess
[Sun Jan  5 12:38:36 2025] Correct Guess
[Sun Jan  5 12:38:36 2025] Correct Guess
[Sun Jan  5 12:38:37 2025] Correct Guess
[Sun Jan  5 12:38:38 2025] Correct Guess
[Sun Jan  5 12:38:38 2025] Correct Guess
[Sun Jan  5 12:38:38 2025] Correct Guess
[Sun Jan  5 12:38:39 2025] Correct Guess
[Sun Jan  5 12:38:48 2025] Client Started
[Sun Jan  5 12:38:48 2025] Client Config Loaded
[Sun Jan  5 12:38:48 2025] Socket criado com sucesso
[Sun Jan  5 12:38:48 2025] Conectado ao servidor
[Sun Jan  5 12:38:51 2025] Correct Guess
[Sun Jan  5 12:38:52 2025] Correct Guess
[Sun Jan  5 12:38:52 2025] Correct Guess
[Sun Jan  5 12:38:52 2025] Correct Guess
[Sun Jan  5 12:38:53 2025] Correct Guess
[Sun Jan  5 12:38:53 2025] Correct Guess
[Sun Jan  5 12:38:53 2025] Correct Guess
[Sun Jan  5 12:38:53 2025] Correct Guess
[Sun Jan  5 12:38:54 2025] Correct Guess
[Sun Jan  5 12:38:54 2025] Correct Guess
[Sun Jan  5 12:38:54 2025] Correct Guess
[Sun Jan  5 12:38:54 2025] Correct Guess
[Sun Jan  5 12:38:54 2025] Correct Guess
[Sun Jan  5 12:38:55 2025] Correct Guess
[Sun Jan  5 12:38:55 2025] Correct Guess
[Sun Jan  5 12:38:55 2025] Correct Guess
[Sun Jan  5 12:38:55 2025] Correct Guess
[Sun Jan  5 12:38:56 2025] Correct Guess
[Sun Jan  5 12:38:56 2025] Correct Guess
[Sun Jan  5 12:38:57 2025] Correct Guess
[Sun Jan  5 12:38:57 2025] Correct Guess
[Sun Jan  5 12:38:57 2025] Correct Guess
[Sun Jan  5 12:38:57 2025] Correct Guess
[Sun Jan  5 12:38:57 2025] Correct Guess
[Sun Jan  5 12:38:58 2025] Correct Guess
[Sun Jan  5 12:38:58 2025] Correct Guess
[Sun Jan  5 12:38:59 2025] Correct Guess
[Sun Jan  5 12:39:01 2025] Correct Guess
[Sun Jan  5 12:39:01 2025] Correct Guess
[Sun Jan  5 12:39:01 2025] Correct Guess
[Sun Jan  5 12:39:01 2025] Correct Guess
[Sun Jan  5 12:39:01 2025] Correct Guess
[Sun Jan  5 12:39:01 2025] Correct Guess
[Sun Jan  5 12:39:01 2025] Correct Guess
[Sun Jan  5 12:39:02 2025] Correct Guess
[Sun Jan  5 12:39:02 2025] Correct Guess
[Sun Jan  5 12:39:02 2025] Correct Guess
[Sun Jan  5 12:39:02 2025] Correct Guess
[Sun Jan  5 12:39:02 2025] Correct Guess
[Sun Jan  5 12:39:02 2025] Correct Guess
[Sun Jan  5 12:39:02 2025] Correct Guess
[Sun Jan  5 12:39:02 2025] Correct Guess
[Sun Jan  5 12:39:02 2025] Correct Guess
[Sun Jan  5 12:39:02 2025] Correct Guess
[Sun Jan  5 12:39:02 2025] Correct Guess
[Sun Jan  5 12:39:02 2025] Correct Guess
[Sun Jan  5 12:39:02 2025] Correct Guess
[Sun Jan  5 12:39:02 2025] Correct Guess
[Sun Jan  5 12:39:02 2025] Correct Guess
[Sun Jan  5 12:39:02 2025] Correct Guess
[Sun Jan  5 12:39:02 2025] Correct Guess
[Sun Jan  5 12:39:02 2025] Correct Guess
[Sun Jan  5 12:39:02 2025] Correct Guess
[Sun Jan  5 12:39:02 2025] Correct Guess
[Sun Jan  5 12:39:02 2025] Correct Guess
[Sun Jan  5 12:39:03 2025] Correct Guess
[Sun Jan  5 12:39:04 2025] Correct Guess
[Sun Jan  5 12:39:04 2025] Correct Guess
[Sun Jan  5 12:39:04 2025] Correct Guess
[Sun Jan  5 12:39:04 2025] Correct Guess
[Sun Jan  5 12:39:05 2025] Correct Guess
[Sun Jan  5 12:39:05 2025] Correct Guess
[Sun Jan  5 12:39:05 2025] Correct Guess
[Sun Jan  5 12:39:05 2025] Correct Guess
[Sun Jan  5 12:39:05 2025] Correct Guess
[Sun Jan  5 12:39:06 2025] Correct Guess
[Sun Jan  5 12:39:06 2025] Correct Guess
[Sun Jan  5 12:39:06 2025] Correct Guess
[Sun Jan  5 12:39:06 2025] Correct Guess
[Sun Jan  5 12:39:06 2025] Correct Guess
[Sun Jan  5 12:39:06 2025] Correct Guess
[Sun Jan  5 12:39:06 2025] Correct Guess
[Sun Jan  5 12:39:06 2025] Correct Guess
[Sun Jan  5 12:39:06 2025] Correct Guess
[Sun Jan  5 12:39:06 2025] Correct Guess
[Sun Jan  5 12:39:06 2025] Correct Guess
[Sun Jan  5 12:39:06 2025] Correct Guess
[Sun Jan  5 12:39:06 2025] Correct Guess
[Sun Jan  5 12:39:06 2025] Correct Guess
[Sun Jan  5 12:39:06 2025] Correct Guess
[Sun Jan  5 12:39:06 2025] Correct Guess
[Sun Jan  5 12:39:06 2025] Correct Guess
[Sun Jan  5 12:39:06 2025] Correct Guess
[Sun Jan  5 12:39:06 2025] Correct Guess
[Sun Jan  5 12:39:06 2025] Correct Guess
[Sun Jan  5 12:39:06 2025] Correct Guess
[Sun Jan  5 12:39:06 2025] Correct Guess
[Sun Jan  5 12:39:06 2025] Correct Guess
[Sun Jan  5 12:39:06 2025] Correct Guess
[Sun Jan  5 12:39:06 2025] Correct Guess
[Sun Jan  5 12:39:06 2025] Correct Guess
[Sun Jan  5 12:39:06 2025] Correct Guess
[Sun Jan  5 12:39:06 2025] Correct Guess
[Sun Jan  5 12:39:06 2025] Correct Guess
[Sun Jan  5 12:39:06 2025] Correct Guess
[Sun Jan  5 12:39:06 2025] Correct Guess
[Sun Jan  5 12:39:06 2025] Correct Guess
[Sun Jan  5 12:39:07 2025] Correct Guess
[Sun Jan  5 12:39:07 2025] Correct Guess
[Sun Jan  5 12:39:07 2025] Correct Guess
[Sun Jan  5 12:39:07 2025] Correct Guess
[Sun Jan  5 12:39:07 2025] Correct Guess
[Sun Jan  5 12:39:07 2025] Correct Guess
[Sun Jan  5 12:39:07 2025] Correct Guess
[Sun Jan  5 12:39:07 2025] Correct Guess
[Sun Jan  5 12:39:07 2025] Correct Guess
[Sun Jan  5 12:39:07 2025] Correct Guess
[Sun Jan  5 12:39:07 2025] Correct Guess
[Sun Jan  5 12:39:07 2025] Correct Guess
[Sun Jan  5 12:39:07 2025] Correct Guess
[Sun Jan  5 12:39:07 2025] Correct Guess
[Sun Jan  5 12:39:07 2025] Correct Guess
[Sun Jan  5 12:39:07 2025] Correct Guess
[Sun Jan  5 12:39:07 2025] Correct Guess
[Sun Jan  5 12:39:07 2025] Correct Guess
[Sun Jan  5 12:39:07 2025] Correct Guess
[Sun Jan  5 12:39:07 2025] Correct Guess
[Sun Jan  5 12:39:07 2025] Correct Guess
[Sun Jan  5 12:39:07 2025] Correct Guess
[Sun Jan  5 12:39:07 2025] Correct Guess
[Sun Jan  5 12:39:07 2025] Correct Guess
[Sun Jan  5 12:39:07 2025] Correct Guess
[Sun Jan  5 12:39:07 2025] Correct Guess
[Sun Jan  5 12:39:07 2025] Correct Guess
[Sun Jan  5 12:39:07 2025] Correct Guess
[Sun Jan  5 12:39:07 2025] Correct Guess
[Sun Jan  5 12:39:07 2025] Correct Guess
[Sun Jan  5 12:39:07 2025] Correct Guess
[Sun Jan  5 12:39:07 2025] Correct Guess
[Sun Jan  5 12:39:07 2025] Correct Guess
[Sun Jan  5 12:39:07 2025] Correct Guess
[Sun Jan  5 12:39:07 2025] Correct Guess
[Sun Jan  5 12:39:07 2025] Correct Guess
[Sun Jan  5 12:39:07 2025] Correct Guess
[Sun Jan  5 12:39:07 2025] Correct Guess
[Sun Jan  5 12:39:07 2025] Correct Guess
[Sun Jan  5 12:39:07 2025] Correct Guess
[Sun Jan  5 12:39:07 2025] Correct Guess
[Sun Jan  5 12:39:07 2025] Correct Guess
[Sun Jan  5 12:39:07 2025] Correct Guess
[Sun Jan  5 12:39:07 2025] Correct Guess
[Sun Jan  5 12:39:07 2025] Correct Guess
[Sun Jan  5 12:39:07 2025] Correct Guess
[Sun Jan  5 12:39:07 2025] Correct Guess
[Sun Jan  5 12:39:07 2025] Correct Guess
[Sun Jan  5 12:39:07 2025] Correct Guess
[Sun Jan  5 12:39:07 2025] Correct Guess
[Sun Jan  5 12:39:07 2025] Correct Guess
[Sun Jan  5 12:39:07 2025] Correct Guess
[Sun Jan  5 12:39:07 2025] Correct Guess
[Sun Jan  5 12:39:07 2025] Correct Guess
[Sun Jan  5 12:39:07 2025] Correct Guess
[Sun Jan  5 12:39:08 2025] Correct Guess
[Sun Jan  5 12:39:08 2025] Correct Guess
[Sun Jan  5 12:39:08 2025] Correct Guess
[Sun Jan  5 12:39:08 2025] Correct Guess
[Sun Jan  5 12:39:08 2025] Correct Guess
[Sun Jan  5 12:39:08 2025] Correct Guess
[Sun Jan  5 12:39:08 2025] Correct Guess
[Sun Jan  5 12:39:08 2025] Correct Guess
[Sun Jan  5 12:39:08 2025] Correct Guess
[Sun Jan  5 12:39:08 2025] Correct Guess
[Sun Jan  5 12:39:08 2025] Correct Guess
[Sun Jan  5 12:39:08 2025] Correct Guess
[Sun Jan  5 12:39:08 2025] Correct Guess
[Sun Jan  5 12:39:08 2025] Correct Guess
[Sun Jan  5 12:39:08 2025] Correct Guess
[Sun Jan  5 12:39:08 2025] Correct Guess
[Sun Jan  5 12:39:08 2025] Correct Guess
[Sun Jan  5 12:39:08 2025] Correct Guess
[Sun Jan  5 12:39:08 2025] Correct Guess
[Sun Jan  5 12:39:08 2025] Correct Guess
[Sun Jan  5 12:39:08 2025] Correct Guess
[Sun Jan  5 12:39:08 2025] Correct Guess
[Sun Jan  5 12:39:08 2025] Correct Guess
[Sun Jan  5 12:39:08 2025] Correct Guess
[Sun Jan  5 12:39:08 2025] Correct Guess
[Sun Jan  5 12:39:08 2025] Correct Guess
[Sun Jan  5 12:39:08 2025] Correct Guess
[Sun Jan  5 12:39:08 2025] Correct Guess
[Sun Jan  5 12:39:08 2025] Correct Guess
[Sun Jan  5 12:39:08 2025] Correct Guess
[Sun Jan  5 12:39:08 2025] Correct Guess
[Sun Jan  5 12:39:08 2025] Correct Guess
[Sun Jan  5 12:39:08 2025] Correct Guess
[Sun Jan  5 12:39:08 2025] Correct Guess
[Sun Jan  5 12:39:08 2025] Correct Guess
[Sun Jan  5 12:39:08 2025] Correct Guess
[Sun Jan  5 12:39:08 2025] Correct Guess
[Sun Jan  5 12:39:08 2025] Correct Guess
[Sun Jan  5 12:39:08 2025] Correct Guess
[Sun Jan  5 12:39:08 2025] Correct Guess
[Sun Jan  5 12:39:08 2025] Correct Guess
[Sun Jan  5 12:39:08 2025] Correct Guess
[Sun Jan  5 12:39:08 2025] Correct Guess
[Sun Jan  5 12:39:08 2025] Correct Guess
[Sun Jan  5 12:39:08 2025] Correct Guess
[Sun Jan  5 12:39:08 2025] Correct Guess
[Sun Jan  5 12:39:08 2025] Correct Guess
[Sun Jan  5 12:39:08 2025] Correct Guess
[Sun Jan  5 12:39:08 2025] Correct Guess
[Sun Jan  5 12:39:08 2025] Correct Guess
[Sun Jan  5 12:39:08 2025] Correct Guess
[Sun Jan  5 12:39:08 2025] Correct Guess
[Sun Jan  5 12:39:08 2025] Correct Guess
[Sun Jan  5 12:39:08 2025] Correct Guess
[Sun Jan  5 12:39:09 2025] Correct Guess
[Sun Jan  5 12:39:09 2025] Correct Guess
[Sun Jan  5 12:39:09 2025] Correct Guess
[Sun Jan  5 12:39:09 2025] Correct Guess
[Sun Jan  5 12:39:09 2025] Correct Guess
[Sun Jan  5 12:39:09 2025] Correct Guess
[Sun Jan  5 12:39:09 2025] Correct Guess
[Sun Jan  5 12:39:09 2025] Correct Guess
[Sun Jan  5 12:39:09 2025] Correct Guess
[Sun Jan  5 12:39:09 2025] Correct Guess
[Sun Jan  5 12:39:09 2025] Correct Guess
[Sun Jan  5 12:39:09 2025] Correct Guess
[Sun Jan  5 12:39:09 2025] Correct Guess
[Sun Jan  5 12:39:09 2025] Correct Guess
[Sun Jan  5 12:39:09 2025] Correct Guess
[Sun Jan  5 12:39:09 2025] Correct Guess
[Sun Jan  5 12:39:09 2025] Correct Guess
[Sun Jan  5 12:39:09 2025] Correct Guess
[Sun Jan  5 12:39:09 2025] Correct Guess
[Sun Jan  5 12:39:09 2025] Correct Guess
[Sun Jan  5 12:39:09 2025] Correct Guess
[Sun Jan  5 12:39:09 2025] Correct Guess
[Sun Jan  5 12:39:09 2025] Correct Guess
[Sun Jan  5 12:39:09 2025] Correct Guess
[Sun Jan  5 12:39:09 2025] Correct Guess
[Sun Jan  5 12:39:09 2025] Correct Guess
[Sun Jan  5 12:39:09 2025] Correct Guess
[Sun Jan  5 12:39:09 2025] Correct Guess
[Sun Jan  5 12:39:09 2025] Correct Guess
[Sun Jan  5 12:39:09 2025] Correct Guess
[Sun Jan  5 12:39:09 2025] Correct Guess
[Sun Jan  5 12:39:09 2025] Correct Guess
[Sun Jan  5 12:39:09 2025] Correct Guess
[Sun Jan  5 12:39:09 2025] Correct Guess
[Sun Jan  5 12:39:09 2025] Correct Guess
[Sun Jan  5 12:39:09 2025] Correct Guess
[Sun Jan  5 12:39:09 2025] Correct Guess
[Sun Jan  5 12:39:09 2025] Correct Guess
[Sun Jan  5 12:39:09 2025] Correct Guess
[Sun Jan  5 12:39:09 2025] Correct Guess
[Sun Jan  5 12:39:09 2025] Correct Guess
[Sun Jan  5 12:39:09 2025] Correct Guess
[Sun Jan  5 12:39:09 2025] Correct Guess
[Sun Jan  5 12:39:09 2025] Correct Guess
[Sun Jan  5 12:39:09 2025] Correct Guess
[Sun Jan  5 12:39:09 2025] Correct Guess
[Sun Jan  5 12:39:09 2025] Correct Guess
[Sun Jan  5 12:39:09 2025] Correct Guess
[Sun Jan  5 12:39:09 2025] Correct Guess
[Sun Jan  5 12:39:09 2025] Correct Guess
[Sun Jan  5 12:39:09 2025] Correct Guess
[Sun Jan  5 12:39:10 2025] Correct Guess
[Sun Jan  5 12:39:10 2025] Correct Guess
[Sun Jan  5 12:39:10 2025] Correct Guess
[Sun Jan  5 12:39:10 2025] Correct Guess
[Sun Jan  5 12:39:10 2025] Correct Guess
[Sun Jan  5 12:39:10 2025] Correct Guess
[Sun Jan  5 12:39:10 2025] Correct Guess
[Sun Jan  5 12:39:10 2025] Correct Guess
[Sun Jan  5 12:39:10 2025] Correct Guess
[Sun Jan  5 12:39:10 2025] Correct Guess
[Sun Jan  5 12:39:10 2025] Correct Guess
[Sun Jan  5 12:39:10 2025] Correct Guess
[Sun Jan  5 12:39:10 2025] Correct Guess
[Sun Jan  5 12:39:10 2025] Correct Guess
[Sun Jan  5 12:39:10 2025] Correct Guess
[Sun Jan  5 12:39:10 2025] Correct Guess
[Sun Jan  5 12:39:10 2025] Correct Guess
[Sun Jan  5 12:39:10 2025] Correct Guess
[Sun Jan  5 12:39:10 2025] Correct Guess
[Sun Jan  5 12:39:10 2025] Correct Guess
[Sun Jan  5 12:39:10 2025] Correct Guess
[Sun Jan  5 12:39:10 2025] Correct Guess
[Sun Jan  5 12:39:10 2025] Correct Guess
[Sun Jan  5 12:39:10 2025] Correct Guess
[Sun Jan  5 12:39:10 2025] Correct Guess
[Sun Jan  5 12:39:10 2025] Correct Guess
[Sun Jan  5 12:39:10 2025] Correct Guess
[Sun Jan  5 12:39:10 2025] Correct Guess
[Sun Jan  5 12:39:10 2025] Correct Guess
[Sun Jan  5 12:39:10 2025] Correct Guess
[Sun Jan  5 12:39:10 2025] Correct Guess
[Sun Jan  5 12:39:10 2025] Correct Guess
[Sun Jan  5 12:39:10 2025] Correct Guess
[Sun Jan  5 12:39:10 2025] Correct Guess
[Sun Jan  5 12:39:10 2025] Correct Guess
[Sun Jan  5 12:39:10 2025] Correct Guess
[Sun Jan  5 12:39:10 2025] Correct Guess
[Sun Jan  5 12:39:10 2025] Correct Guess
[Sun Jan  5 12:39:10 2025] Correct Guess
[Sun Jan  5 12:39:10 2025] Correct Guess
[Sun Jan  5 12:39:10 2025] Correct Guess
[Sun Jan  5 12:39:10 2025] Correct Guess
[Sun Jan  5 12:39:10 2025] Correct Guess
[Sun Jan  5 12:39:10 2025] Correct Guess
[Sun Jan  5 12:39:10 2025] Correct Guess
[Sun Jan  5 12:39:10 2025] Correct Guess
[Sun Jan  5 12:39:10 2025] Correct Guess
[Sun Jan  5 12:39:10 2025] Correct Guess
[Sun Jan  5 12:39:10 2025] Correct Guess
[Sun Jan  5 12:39:10 2025] Correct Guess
[Sun Jan  5 12:39:11 2025] Correct Guess
[Sun Jan  5 12:39:11 2025] Correct Guess
[Sun Jan  5 12:39:11 2025] Correct Guess
[Sun Jan  5 12:39:11 2025] Correct Guess
[Sun Jan  5 12:39:11 2025] Correct Guess
[Sun Jan  5 12:39:11 2025] Correct Guess
[Sun Jan  5 12:39:11 2025] Correct Guess
[Sun Jan  5 12:39:11 2025] Correct Guess
[Sun Jan  5 12:39:11 2025] Correct Guess
[Sun Jan  5 12:39:11 2025] Correct Guess
[Sun Jan  5 12:39:11 2025] Correct Guess
[Sun Jan  5 12:39:11 2025] Correct Guess
[Sun Jan  5 12:39:11 2025] Correct Guess
[Sun Jan  5 12:39:11 2025] Correct Guess
[Sun Jan  5 12:39:11 2025] Correct Guess
[Sun Jan  5 12:39:11 2025] Correct Guess
[Sun Jan  5 12:39:11 2025] Correct Guess
[Sun Jan  5 12:39:11 2025] Correct Guess
[Sun Jan  5 12:39:11 2025] Correct Guess
[Sun Jan  5 12:39:11 2025] Correct Guess
[Sun Jan  5 12:39:11 2025] Correct Guess
[Sun Jan  5 12:39:11 2025] Correct Guess
[Sun Jan  5 12:39:11 2025] Correct Guess
[Sun Jan  5 12:39:11 2025] Correct Guess
[Sun Jan  5 12:39:11 2025] Correct Guess
[Sun Jan  5 12:39:11 2025] Correct Guess
[Sun Jan  5 12:39:11 2025] Correct Guess
[Sun Jan  5 12:39:11 2025] Correct Guess
[Sun Jan  5 12:39:11 2025] Correct Guess
[Sun Jan  5 12:39:11 2025] Correct Guess
[Sun Jan  5 12:39:11 2025] Correct Guess
[Sun Jan  5 12:39:11 2025] Correct Guess
[Sun Jan  5 12:39:11 2025] Correct Guess
[Sun Jan  5 12:39:11 2025] Correct Guess
[Sun Jan  5 12:39:11 2025] Correct Guess
[Sun Jan  5 12:39:11 2025] Correct Guess
[Sun Jan  5 12:39:11 2025] Correct Guess
[Sun Jan  5 12:39:11 2025] Correct Guess
[Sun Jan  5 12:39:11 2025] Correct Guess
[Sun Jan  5 12:39:11 2025] Correct Guess
[Sun Jan  5 12:39:11 2025] Correct Guess
[Sun Jan  5 12:39:11 2025] Correct Guess
[Sun Jan  5 12:39:11 2025] Correct Guess
[Sun Jan  5 12:39:11 2025] Correct Guess
[Sun Jan  5 12:39:11 2025] Correct Guess
[Sun Jan  5 12:39:11 2025] Correct Guess
[Sun Jan  5 12:39:11 2025] Correct Guess
[Sun Jan  5 12:39:11 2025] Correct Guess
[Sun Jan  5 12:39:11 2025] Correct Guess
[Sun Jan  5 12:39:11 2025] Correct Guess
[Sun Jan  5 12:39:12 2025] Correct Guess
[Sun Jan  5 12:39:12 2025] Correct Guess
[Sun Jan  5 12:39:12 2025] Correct Guess
[Sun Jan  5 12:39:12 2025] Correct Guess
[Sun Jan  5 12:39:12 2025] Correct Guess
[Sun Jan  5 12:39:12 2025] Correct Guess
[Sun Jan  5 12:39:12 2025] Correct Guess
[Sun Jan  5 12:39:12 2025] Correct Guess
[Sun Jan  5 12:39:12 2025] Correct Guess
[Sun Jan  5 12:39:12 2025] Correct Guess
[Sun Jan  5 12:39:12 2025] Correct Guess
[Sun Jan  5 12:39:12 2025] Correct Guess
[Sun Jan  5 12:39:12 2025] Correct Guess
[Sun Jan  5 12:39:12 2025] Correct Guess
[Sun Jan  5 12:39:12 2025] Correct Guess
[Sun Jan  5 12:39:12 2025] Correct Guess
[Sun Jan  5 12:39:12 2025] Correct Guess
[Sun Jan  5 12:39:12 2025] Correct Guess
[Sun Jan  5 12:39:12 2025] Correct Guess
[Sun Jan  5 12:39:12 2025] Correct Guess
[Sun Jan  5 12:39:12 2025] Correct Guess
[Sun Jan  5 12:39:12 2025] Correct Guess
[Sun Jan  5 12:39:12 2025] Correct Guess
[Sun Jan  5 12:39:12 2025] Correct Guess
[Sun Jan  5 12:39:12 2025] Correct Guess
[Sun Jan  5 12:39:12 2025] Correct Guess
[Sun Jan  5 12:39:12 2025] Correct Guess
[Sun Jan  5 12:39:12 2025] Correct Guess
[Sun Jan  5 12:39:12 2025] Correct Guess
[Sun Jan  5 12:39:12 2025] Correct Guess
[Sun Jan  5 12:39:12 2025] Correct Guess
[Sun Jan  5 12:39:12 2025] Correct Guess
[Sun Jan  5 12:39:12 2025] Correct Guess
[Sun Jan  5 12:39:12 2025] Correct Guess
[Sun Jan  5 12:39:12 2025] Correct Guess
[Sun Jan  5 12:39:12 2025] Correct Guess
[Sun Jan  5 12:39:12 2025] Correct Guess
[Sun Jan  5 12:39:12 2025] Correct Guess
[Sun Jan  5 12:39:12 2025] Correct Guess
[Sun Jan  5 12:39:12 2025] Correct Guess
[Sun Jan  5 12:39:12 2025] Correct Guess
[Sun Jan  5 12:39:12 2025] Correct Guess
[Sun Jan  5 12:39:12 2025] Correct Guess
[Sun Jan  5 12:39:12 2025] Correct Guess
[Sun Jan  5 12:39:12 2025] Correct Guess
[Sun Jan  5 12:39:12 2025] Correct Guess
[Sun Jan  5 12:39:12 2025] Correct Guess
[Sun Jan  5 12:39:12 2025] Correct Guess
[Sun Jan  5 12:39:12 2025] Correct Guess
[Sun Jan  5 12:39:12 2025] Correct Guess
[Sun Jan  5 12:39:12 2025] Correct Guess
[Sun Jan  5 12:39:12 2025] Correct Guess
[Sun Jan  5 12:39:12 2025] Correct Guess
[Sun Jan  5 12:39:12 2025] Correct Guess
[Sun Jan  5 12:39:12 2025] Correct Guess
[Sun Jan  5 12:39:13 2025] Correct Guess
[Sun Jan  5 12:39:13 2025] Correct Guess
[Sun Jan  5 12:39:13 2025] Correct Guess
[Sun Jan  5 12:39:13 2025] Correct Guess
[Sun Jan  5 12:39:13 2025] Correct Guess
[Sun Jan  5 12:39:13 2025] Correct Guess
[Sun Jan  5 12:39:13 2025] Correct Guess
[Sun Jan  5 12:39:13 2025] Correct Guess
[Sun Jan  5 12:39:13 2025] Correct Guess
[Sun Jan  5 12:39:13 2025] Correct Guess
[Sun Jan  5 12:39:13 2025] Correct Guess
[Sun Jan  5 12:39:13 2025] Correct Guess
[Sun Jan  5 12:39:13 2025] Correct Guess
[Sun Jan  5 12:39:13 2025] Correct Guess
[Sun Jan  5 12:39:13 2025] Correct Guess
[Sun Jan  5 12:39:13 2025] Correct Guess
[Sun Jan  5 12:39:13 2025] Correct Guess
[Sun Jan  5 12:39:13 2025] Correct Guess
[Sun Jan  5 12:39:13 2025] Correct Guess
[Sun Jan  5 12:39:13 2025] Correct Guess
[Sun Jan  5 12:39:13 2025] Correct Guess
[Sun Jan  5 12:39:13 2025] Correct Guess
[Sun Jan  5 12:39:13 2025] Correct Guess
[Sun Jan  5 12:39:13 2025] Correct Guess
[Sun Jan  5 12:39:13 2025] Correct Guess
[Sun Jan  5 12:39:13 2025] Correct Guess
[Sun Jan  5 12:39:13 2025] Correct Guess
[Sun Jan  5 12:39:13 2025] Correct Guess
[Sun Jan  5 12:39:13 2025] Correct Guess
[Sun Jan  5 12:39:13 2025] Correct Guess
[Sun Jan  5 12:39:13 2025] Correct Guess
[Sun Jan  5 12:39:13 2025] Correct Guess
[Sun Jan  5 12:39:13 2025] Correct Guess
[Sun Jan  5 12:39:13 2025] Correct Guess
[Sun Jan  5 12:39:13 2025] Correct Guess
[Sun Jan  5 12:39:13 2025] Correct Guess
[Sun Jan  5 12:39:13 2025] Correct Guess
[Sun Jan  5 12:39:13 2025] Correct Guess
[Sun Jan  5 12:39:13 2025] Correct Guess
[Sun Jan  5 12:39:13 2025] Correct Guess
[Sun Jan  5 12:39:13 2025] Correct Guess
[Sun Jan  5 12:39:13 2025] Correct Guess
[Sun Jan  5 12:39:13 2025] Correct Guess
[Sun Jan  5 12:39:13 2025] Correct Guess
[Sun Jan  5 12:39:14 2025] Correct Guess
[Sun Jan  5 12:39:14 2025] Correct Guess
[Sun Jan  5 12:39:14 2025] Correct Guess
[Sun Jan  5 12:39:14 2025] Correct Guess
[Sun Jan  5 12:39:14 2025] Correct Guess
[Sun Jan  5 12:39:14 2025] Correct Guess
[Sun Jan  5 12:39:14 2025] Correct Guess
[Sun Jan  5 12:39:14 2025] Correct Guess
[Sun Jan  5 12:39:14 2025] Correct Guess
[Sun Jan  5 12:39:14 2025] Correct Guess
[Sun Jan  5 12:39:14 2025] Correct Guess
[Sun Jan  5 12:39:14 2025] Correct Guess
[Sun Jan  5 12:39:14 2025] Correct Guess
[Sun Jan  5 12:39:14 2025] Correct Guess
[Sun Jan  5 12:39:14 2025] Correct Guess
[Sun Jan  5 12:39:14 2025] Correct Guess
[Sun Jan  5 12:39:14 2025] Correct Guess
[Sun Jan  5 12:39:14 2025] Correct Guess
[Sun Jan  5 12:39:14 2025] Correct Guess
[Sun Jan  5 12:39:14 2025] Correct Guess
[Sun Jan  5 12:39:14 2025] Correct Guess
[Sun Jan  5 12:39:14 2025] Correct Guess
[Sun Jan  5 12:39:14 2025] Correct Guess
[Sun Jan  5 12:39:14 2025] Correct Guess
[Sun Jan  5 12:39:14 2025] Correct Guess
[Sun Jan  5 12:39:14 2025] Correct Guess
[Sun Jan  5 12:39:14 2025] Correct Guess
[Sun Jan  5 12:39:14 2025] Correct Guess
[Sun Jan  5 12:39:14 2025] Correct Guess
[Sun Jan  5 12:39:14 2025] Correct Guess
[Sun Jan  5 12:39:14 2025] Correct Guess
[Sun Jan  5 12:39:14 2025] Correct Guess
[Sun Jan  5 12:39:14 2025] Correct Guess
[Sun Jan  5 12:39:14 2025] Correct Guess
[Sun Jan  5 12:39:14 2025] Correct Guess
[Sun Jan  5 12:39:14 2025] Correct Guess
[Sun Jan  5 12:39:14 2025] Correct Guess
[Sun Jan  5 12:39:14 2025] Correct Guess
[Sun Jan  5 12:39:14 2025] Correct Guess
[Sun Jan  5 12:39:14 2025] Correct Guess
[Sun Jan  5 12:39:14 2025] Correct Guess
[Sun Jan  5 12:39:14 2025] Correct Guess
[Sun Jan  5 12:39:14 2025] Correct Guess
[Sun Jan  5 12:39:14 2025] Correct Guess
[Sun Jan  5 12:39:14 2025] Correct Guess
[Sun Jan  5 12:39:14 2025] Correct Guess
[Sun Jan  5 12:39:14 2025] Correct Guess
[Sun Jan  5 12:39:14 2025] Correct Guess
[Sun Jan  5 12:39:14 2025] Correct Guess
[Sun Jan  5 12:39:14 2025] Correct Guess
[Sun Jan  5 12:39:14 2025] Correct Guess
[Sun Jan  5 12:39:14 2025] Correct Guess
[Sun Jan  5 12:39:14 2025] Correct Guess
[Sun Jan  5 12:39:14 2025] Correct Guess
[Sun Jan  5 12:39:15 2025] Correct Guess
[Sun Jan  5 12:39:15 2025] Correct Guess
[Sun Jan  5 12:39:15 2025] Correct Guess
[Sun Jan  5 12:39:15 2025] Correct Guess
[Sun Jan  5 12:39:15 2025] Correct Guess
[Sun Jan  5 12:39:15 2025] Correct Guess
[Sun Jan  5 12:39:15 2025] Correct Guess
[Sun Jan  5 12:39:15 2025] Correct Guess
[Sun Jan  5 12:39:15 2025] Correct Guess
[Sun Jan  5 12:39:15 2025] Correct Guess
[Sun Jan  5 12:39:15 2025] Correct Guess
[Sun Jan  5 12:39:15 2025] Correct Guess
[Sun Jan  5 12:39:15 2025] Correct Guess
[Sun Jan  5 12:39:15 2025] Correct Guess
[Sun Jan  5 12:39:15 2025] Correct Guess
[Sun Jan  5 12:39:15 2025] Correct Guess
[Sun Jan  5 12:39:15 2025] Correct Guess
[Sun Jan  5 12:39:15 2025] Correct Guess
[Sun Jan  5 12:39:15 2025] Correct Guess
[Sun Jan  5 12:39:15 2025] Correct Guess
[Sun Jan  5 12:39:15 2025] Correct Guess
[Sun Jan  5 12:39:15 2025] Correct Guess
[Sun Jan  5 12:39:15 2025] Correct Guess
[Sun Jan  5 12:39:15 2025] Correct Guess
[Sun Jan  5 12:39:15 2025] Correct Guess
[Sun Jan  5 12:39:15 2025] Correct Guess
[Sun Jan  5 12:39:15 2025] Correct Guess
[Sun Jan  5 12:39:15 2025] Correct Guess
[Sun Jan  5 12:39:15 2025] Correct Guess
[Sun Jan  5 12:39:15 2025] Correct Guess
[Sun Jan  5 12:39:15 2025] Correct Guess
[Sun Jan  5 12:39:15 2025] Correct Guess
[Sun Jan  5 12:39:15 2025] Correct Guess
[Sun Jan  5 12:39:15 2025] Correct Guess
[Sun Jan  5 12:39:15 2025] Correct Guess
[Sun Jan  5 12:39:15 2025] Correct Guess
[Sun Jan  5 12:39:15 2025] Correct Guess
[Sun Jan  5 12:39:15 2025] Correct Guess
[Sun Jan  5 12:39:15 2025] Correct Guess
[Sun Jan  5 12:39:15 2025] Correct Guess
[Sun Jan  5 12:39:15 2025] Correct Guess
[Sun Jan  5 12:39:15 2025] Correct Guess
[Sun Jan  5 12:39:15 2025] Correct Guess
[Sun Jan  5 12:39:15 2025] Correct Guess
[Sun Jan  5 12:39:15 2025] Correct Guess
[Sun Jan  5 12:39:15 2025] Correct Guess
[Sun Jan  5 12:39:15 2025] Correct Guess
[Sun Jan  5 12:39:15 2025] Correct Guess
[Sun Jan  5 12:39:15 2025] Correct Guess
[Sun Jan  5 12:39:15 2025] Correct Guess
[Sun Jan  5 12:39:15 2025] Correct Guess
[Sun Jan  5 12:39:15 2025] Correct Guess
[Sun Jan  5 12:39:15 2025] Correct Guess
[Sun Jan  5 12:39:15 2025] Correct Guess
[Sun Jan  5 12:39:15 2025] Correct Guess
[Sun Jan  5 12:39:15 2025] Correct Guess
[Sun Jan  5 12:39:15 2025] Correct Guess
[Sun Jan  5 12:39:15 2025] Correct Guess
[Sun Jan  5 12:39:15 2025] Correct Guess
[Sun Jan  5 12:39:15 2025] Correct Guess
[Sun Jan  5 12:39:15 2025] Correct Guess
[Sun Jan  5 12:39:16 2025] Correct Guess
[Sun Jan  5 12:39:16 2025] Correct Guess
[Sun Jan  5 12:39:16 2025] Correct Guess
[Sun Jan  5 12:39:16 2025] Correct Guess
[Sun Jan  5 12:39:16 2025] Correct Guess
[Sun Jan  5 12:39:16 2025] Correct Guess
[Sun Jan  5 12:39:16 2025] Correct Guess
[Sun Jan  5 12:39:16 2025] Correct Guess
[Sun Jan  5 12:39:16 2025] Correct Guess
[Sun Jan  5 12:39:16 2025] Correct Guess
[Sun Jan  5 12:39:16 2025] Correct Guess
[Sun Jan  5 12:39:16 2025] Correct Guess
[Sun Jan  5 12:39:16 2025] Correct Guess
[Sun Jan  5 12:39:16 2025] Correct Guess
[Sun Jan  5 12:39:16 2025] Correct Guess
[Sun Jan  5 12:39:16 2025] Correct Guess
[Sun Jan  5 12:39:16 2025] Correct Guess
[Sun Jan  5 12:39:16 2025] Correct Guess
[Sun Jan  5 12:39:16 2025] Correct Guess
[Sun Jan  5 12:39:16 2025] Correct Guess
[Sun Jan  5 12:39:16 2025] Correct Guess
[Sun Jan  5 12:39:16 2025] Correct Guess
[Sun Jan  5 12:39:16 2025] Correct Guess
[Sun Jan  5 12:39:16 2025] Correct Guess
[Sun Jan  5 12:39:16 2025] Correct Guess
[Sun Jan  5 12:39:16 2025] Correct Guess
[Sun Jan  5 12:39:16 2025] Correct Guess
[Sun Jan  5 12:39:16 2025] Correct Guess
[Sun Jan  5 12:39:16 2025] Correct Guess
[Sun Jan  5 12:39:16 2025] Correct Guess
[Sun Jan  5 12:39:16 2025] Correct Guess
[Sun Jan  5 12:39:16 2025] Correct Guess
[Sun Jan  5 12:39:16 2025] Correct Guess
[Sun Jan  5 12:39:16 2025] Correct Guess
[Sun Jan  5 12:39:16 2025] Correct Guess
[Sun Jan  5 12:39:17 2025] Correct Guess
[Sun Jan  5 12:39:17 2025] Correct Guess
[Sun Jan  5 12:39:17 2025] Correct Guess
[Sun Jan  5 12:39:17 2025] Correct Guess
[Sun Jan  5 12:39:17 2025] Correct Guess
[Sun Jan  5 12:39:17 2025] Correct Guess
[Sun Jan  5 12:39:17 2025] Correct Guess
[Sun Jan  5 12:39:17 2025] Correct Guess
[Sun Jan  5 12:39:17 2025] Correct Guess
[Sun Jan  5 12:39:17 2025] Correct Guess
[Sun Jan  5 12:39:17 2025] Correct Guess
[Sun Jan  5 12:39:17 2025] Correct Guess
[Sun Jan  5 12:39:17 2025] Correct Guess
[Sun Jan  5 12:39:17 2025] Correct Guess
[Sun Jan  5 12:39:17 2025] Correct Guess
[Sun Jan  5 12:39:17 2025] Correct Guess
[Sun Jan  5 12:39:17 2025] Correct Guess
[Sun Jan  5 12:39:17 2025] Correct Guess
[Sun Jan  5 12:39:17 2025] Correct Guess
[Sun Jan  5 12:39:17 2025] Correct Guess
[Sun Jan  5 12:39:17 2025] Correct Guess
[Sun Jan  5 12:39:17 2025] Correct Guess
[Sun Jan  5 12:39:17 2025] Correct Guess
[Sun Jan  5 12:39:17 2025] Correct Guess
[Sun Jan  5 12:39:17 2025] Correct Guess
[Sun Jan  5 12:39:17 2025] Correct Guess
[Sun Jan  5 12:39:17 2025] Correct Guess
[Sun Jan  5 12:39:17 2025] Correct Guess
[Sun Jan  5 12:39:17 2025] Correct Guess
[Sun Jan  5 12:39:17 2025] Correct Guess
[Sun Jan  5 12:39:17 2025] Correct Guess
[Sun Jan  5 12:39:17 2025] Correct Guess
[Sun Jan  5 12:39:17 2025] Correct Guess
[Sun Jan  5 12:39:17 2025] Correct Guess
[Sun Jan  5 12:39:17 2025] Correct Guess
[Sun Jan  5 12:39:17 2025] Correct Guess
[Sun Jan  5 12:39:17 2025] Correct Guess
[Sun Jan  5 12:39:17 2025] Correct Guess
[Sun Jan  5 12:39:17 2025] Correct Guess
[Sun Jan  5 12:39:17 2025] Correct Guess
[Sun Jan  5 12:39:17 2025] Correct Guess
[Sun Jan  5 12:39:17 2025] Correct Guess
[Sun Jan  5 12:39:17 2025] Correct Guess
[Sun Jan  5 12:39:17 2025] Correct Guess
[Sun Jan  5 12:39:17 2025] Correct Guess
[Sun Jan  5 12:39:17 2025] Correct Guess
[Sun Jan  5 12:39:17 2025] Correct Guess
[Sun Jan  5 12:39:17 2025] Correct Guess
[Sun Jan  5 12:39:17 2025] Correct Guess
[Sun Jan  5 12:39:17 2025] Correct Guess
[Sun Jan  5 12:39:17 2025] Correct Guess
[Sun Jan  5 12:39:17 2025] Correct Guess
[Sun Jan  5 12:39:18 2025] Correct Guess
[Sun Jan  5 12:39:18 2025] Correct Guess
[Sun Jan  5 12:39:18 2025] Correct Guess
[Sun Jan  5 12:39:18 2025] Correct Guess
[Sun Jan  5 12:39:18 2025] Correct Guess
[Sun Jan  5 12:39:18 2025] Correct Guess
[Sun Jan  5 12:39:18 2025] Correct Guess
[Sun Jan  5 12:39:18 2025] Correct Guess
[Sun Jan  5 12:39:18 2025] Correct Guess
[Sun Jan  5 12:39:18 2025] Correct Guess
[Sun Jan  5 12:39:18 2025] Correct Guess
[Sun Jan  5 12:39:18 2025] Correct Guess
[Sun Jan  5 12:39:18 2025] Correct Guess
[Sun Jan  5 12:39:18 2025] Correct Guess
[Sun Jan  5 12:39:18 2025] Correct Guess
[Sun Jan  5 12:39:18 2025] Correct Guess
[Sun Jan  5 12:39:18 2025] Correct Guess
[Sun Jan  5 12:39:18 2025] Correct Guess
[Sun Jan  5 12:39:18 2025] Correct Guess
[Sun Jan  5 12:39:18 2025] Correct Guess
[Sun Jan  5 12:39:18 2025] Correct Guess
[Sun Jan  5 12:39:18 2025] Correct Guess
[Sun Jan  5 12:39:18 2025] Correct Guess
[Sun Jan  5 12:39:18 2025] Correct Guess
[Sun Jan  5 12:39:18 2025] Correct Guess
[Sun Jan  5 12:39:18 2025] Correct Guess
[Sun Jan  5 12:39:18 2025] Correct Guess
[Sun Jan  5 12:39:18 2025] Correct Guess
[Sun Jan  5 12:39:18 2025] Correct Guess
[Sun Jan  5 12:39:18 2025] Correct Guess
[Sun Jan  5 12:39:18 2025] Correct Guess
[Sun Jan  5 12:39:18 2025] Correct Guess
[Sun Jan  5 12:39:18 2025] Correct Guess
[Sun Jan  5 12:39:18 2025] Correct Guess
[Sun Jan  5 12:39:18 2025] Correct Guess
[Sun Jan  5 12:39:18 2025] Correct Guess
[Sun Jan  5 12:39:18 2025] Correct Guess
[Sun Jan  5 12:39:18 2025] Correct Guess
[Sun Jan  5 12:39:18 2025] Correct Guess
[Sun Jan  5 12:39:18 2025] Correct Guess
[Sun Jan  5 12:39:18 2025] Correct Guess
[Sun Jan  5 12:39:18 2025] Correct Guess
[Sun Jan  5 12:39:18 2025] Correct Guess
[Sun Jan  5 12:39:18 2025] Correct Guess
[Sun Jan  5 12:39:18 2025] Correct Guess
[Sun Jan  5 12:39:18 2025] Correct Guess
[Sun Jan  5 12:39:18 2025] Correct Guess
[Sun Jan  5 12:39:18 2025] Correct Guess
[Sun Jan  5 12:39:18 2025] Correct Guess
[Sun Jan  5 12:39:18 2025] Correct Guess
[Sun Jan  5 12:39:18 2025] Correct Guess
[Sun Jan  5 12:39:18 2025] Correct Guess
[Sun Jan  5 12:39:18 2025] Correct Guess
[Sun Jan  5 12:39:18 2025] Correct Guess
[Sun Jan  5 12:39:18 2025] Correct Guess
[Sun Jan  5 12:39:19 2025] Correct Guess
[Sun Jan  5 12:39:19 2025] Correct Guess
[Sun Jan  5 12:39:19 2025] Correct Guess
[Sun Jan  5 12:39:19 2025] Correct Guess
[Sun Jan  5 12:39:19 2025] Correct Guess
[Sun Jan  5 12:39:19 2025] Correct Guess
[Sun Jan  5 12:39:19 2025] Correct Guess
[Sun Jan  5 12:39:19 2025] Correct Guess
[Sun Jan  5 12:39:19 2025] Correct Guess
[Sun Jan  5 12:39:19 2025] Correct Guess
[Sun Jan  5 12:39:19 2025] Correct Guess
[Sun Jan  5 12:39:19 2025] Correct Guess
[Sun Jan  5 12:39:19 2025] Correct Guess
[Sun Jan  5 12:39:19 2025] Correct Guess
[Sun Jan  5 12:39:19 2025] Correct Guess
[Sun Jan  5 12:39:19 2025] Correct Guess
[Sun Jan  5 12:39:19 2025] Correct Guess
[Sun Jan  5 12:39:19 2025] Correct Guess
[Sun Jan  5 12:39:19 2025] Correct Guess
[Sun Jan  5 12:39:19 2025] Correct Guess
[Sun Jan  5 12:39:19 2025] Correct Guess
[Sun Jan  5 12:39:19 2025] Correct Guess
[Sun Jan  5 12:39:19 2025] Correct Guess
[Sun Jan  5 12:39:19 2025] Correct Guess
[Sun Jan  5 12:39:19 2025] Correct Guess
[Sun Jan  5 12:39:19 2025] Correct Guess
[Sun Jan  5 12:39:19 2025] Correct Guess
[Sun Jan  5 12:39:19 2025] Correct Guess
[Sun Jan  5 12:39:19 2025] Correct Guess
[Sun Jan  5 12:39:19 2025] Correct Guess
[Sun Jan  5 12:39:19 2025] Correct Guess
[Sun Jan  5 12:39:19 2025] Correct Guess
[Sun Jan  5 12:39:19 2025] Correct Guess
[Sun Jan  5 12:39:19 2025] Correct Guess
[Sun Jan  5 12:39:19 2025] Correct Guess
[Sun Jan  5 12:39:19 2025] Correct Guess
[Sun Jan  5 12:39:19 2025] Correct Guess
[Sun Jan  5 12:39:19 2025] Correct Guess
[Sun Jan  5 12:39:19 2025] Correct Guess
[Sun Jan  5 12:39:19 2025] Correct Guess
[Sun Jan  5 12:39:20 2025] Correct Guess
[Sun Jan  5 12:39:20 2025] Correct Guess
[Sun Jan  5 12:39:20 2025] Correct Guess
[Sun Jan  5 12:39:20 2025] Correct Guess
[Sun Jan  5 12:39:20 2025] Correct Guess
[Sun Jan  5 12:39:20 2025] Correct Guess
[Sun Jan  5 12:39:20 2025] Correct Guess
[Sun Jan  5 12:39:20 2025] Correct Guess
[Sun Jan  5 12:39:20 2025] Correct Guess
[Sun Jan  5 12:39:20 2025] Correct Guess
[Sun Jan  5 12:39:20 2025] Correct Guess
[Sun Jan  5 12:39:20 2025] Correct Guess
[Sun Jan  5 12:39:20 2025] Correct Guess
[Sun Jan  5 12:39:20 2025] Correct Guess
[Sun Jan  5 12:39:20 2025] Correct Guess
[Sun Jan  5 12:39:20 2025] Correct Guess
[Sun Jan  5 12:39:20 2025] Correct Guess
[Sun Jan  5 12:39:20 2025] Correct Guess
[Sun Jan  5 12:39:20 2025] Correct Guess
[Sun Jan  5 12:39:20 2025] Correct Guess
[Sun Jan  5 12:39:20 2025] Correct Guess
[Sun Jan  5 12:39:20 2025] Correct Guess
[Sun Jan  5 12:39:20 2025] Correct Guess
[Sun Jan  5 12:39:20 2025] Correct Guess
[Sun Jan  5 12:39:20 2025] Correct Guess
[Sun Jan  5 12:39:20 2025] Correct Guess
[Sun Jan  5 12:39:20 2025] Correct Guess
[Sun Jan  5 12:39:20 2025] Correct Guess
[Sun Jan  5 12:39:20 2025] Correct Guess
[Sun Jan  5 12:39:20 2025] Correct Guess
[Sun Jan  5 12:39:20 2025] Correct Guess
[Sun Jan  5 12:39:20 2025] Correct Guess
[Sun Jan  5 12:39:20 2025] Correct Guess
[Sun Jan  5 12:39:20 2025] Correct Guess
[Sun Jan  5 12:39:20 2025] Correct Guess
[Sun Jan  5 12:39:20 2025] Correct Guess
[Sun Jan  5 12:39:20 2025] Correct Guess
[Sun Jan  5 12:39:20 2025] Correct Guess
[Sun Jan  5 12:39:20 2025] Correct Guess
[Sun Jan  5 12:39:20 2025] Correct Guess
[Sun Jan  5 12:39:20 2025] Correct Guess
[Sun Jan  5 12:39:20 2025] Correct Guess
[Sun Jan  5 12:39:20 2025] Correct Guess
[Sun Jan  5 12:39:20 2025] Correct Guess
[Sun Jan  5 12:39:20 2025] Correct Guess
[Sun Jan  5 12:39:20 2025] Correct Guess
[Sun Jan  5 12:39:20 2025] Correct Guess
[Sun Jan  5 12:39:20 2025] Correct Guess
[Sun Jan  5 12:39:20 2025] Correct Guess
[Sun Jan  5 12:39:20 2025] Correct Guess
[Sun Jan  5 12:39:20 2025] Correct Guess
[Sun Jan  5 12:39:20 2025] Correct Guess
[Sun Jan  5 12:39:20 2025] Correct Guess
[Sun Jan  5 12:39:20 2025] Correct Guess
[Sun Jan  5 12:39:20 2025] Correct Guess
[Sun Jan  5 12:39:20 2025] Correct Guess
[Sun Jan  5 12:39:20 2025] Correct Guess
[Sun Jan  5 12:39:20 2025] Correct Guess
[Sun Jan  5 12:39:20 2025] Correct Guess
[Sun Jan  5 12:39:20 2025] Correct Guess
[Sun Jan  5 12:39:20 2025] Correct Guess
[Sun Jan  5 12:39:21 2025] Correct Guess
[Sun Jan  5 12:39:21 2025] Correct Guess
[Sun Jan  5 12:39:21 2025] Correct Guess
[Sun Jan  5 12:39:21 2025] Correct Guess
[Sun Jan  5 12:39:21 2025] Correct Guess
[Sun Jan  5 12:39:21 2025] Correct Guess
[Sun Jan  5 12:39:21 2025] Correct Guess
[Sun Jan  5 12:39:21 2025] Correct Guess
[Sun Jan  5 12:39:21 2025] Correct Guess
[Sun Jan  5 12:39:21 2025] Correct Guess
[Sun Jan  5 12:39:21 2025] Correct Guess
[Sun Jan  5 12:39:21 2025] Correct Guess
[Sun Jan  5 12:39:21 2025] Correct Guess
[Sun Jan  5 12:39:21 2025] Correct Guess
[Sun Jan  5 12:39:21 2025] Correct Guess
[Sun Jan  5 12:39:21 2025] Correct Guess
[Sun Jan  5 12:39:21 2025] Correct Guess
[Sun Jan  5 12:39:21 2025] Correct Guess
[Sun Jan  5 12:39:21 2025] Correct Guess
[Sun Jan  5 12:39:21 2025] Correct Guess
[Sun Jan  5 12:39:21 2025] Correct Guess
[Sun Jan  5 12:39:21 2025] Correct Guess
[Sun Jan  5 12:39:21 2025] Correct Guess
[Sun Jan  5 12:39:21 2025] Correct Guess
[Sun Jan  5 12:39:21 2025] Correct Guess
[Sun Jan  5 12:39:21 2025] Correct Guess
[Sun Jan  5 12:39:21 2025] Correct Guess
[Sun Jan  5 12:39:21 2025] Correct Guess
[Sun Jan  5 12:39:21 2025] Correct Guess
[Sun Jan  5 12:39:21 2025] Correct Guess
[Sun Jan  5 12:39:21 2025] Correct Guess
[Sun Jan  5 12:39:21 2025] Correct Guess
[Sun Jan  5 12:39:21 2025] Correct Guess
[Sun Jan  5 12:39:21 2025] Correct Guess
[Sun Jan  5 12:39:21 2025] Correct Guess
[Sun Jan  5 12:39:21 2025] Correct Guess
[Sun Jan  5 12:39:21 2025] Correct Guess
[Sun Jan  5 12:39:22 2025] Correct Guess
[Sun Jan  5 12:39:22 2025] Correct Guess
[Sun Jan  5 12:39:22 2025] Correct Guess
[Sun Jan  5 12:39:22 2025] Correct Guess
[Sun Jan  5 12:39:22 2025] Correct Guess
[Sun Jan  5 12:39:22 2025] Correct Guess
[Sun Jan  5 12:39:22 2025] Correct Guess
[Sun Jan  5 12:39:22 2025] Correct Guess
[Sun Jan  5 12:39:22 2025] Correct Guess
[Sun Jan  5 12:39:22 2025] Correct Guess
[Sun Jan  5 12:39:22 2025] Correct Guess
[Sun Jan  5 12:39:22 2025] Correct Guess
[Sun Jan  5 12:39:22 2025] Correct Guess
[Sun Jan  5 12:39:22 2025] Correct Guess
[Sun Jan  5 12:39:22 2025] Correct Guess
[Sun Jan  5 12:39:22 2025] Correct Guess
[Sun Jan  5 12:39:22 2025] Correct Guess
[Sun Jan  5 12:39:22 2025] Correct Guess
[Sun Jan  5 12:39:22 2025] Correct Guess
[Sun Jan  5 12:39:22 2025] Correct Guess
[Sun Jan  5 12:39:22 2025] Correct Guess
[Sun Jan  5 12:39:22 2025] Correct Guess
[Sun Jan  5 12:39:22 2025] Correct Guess
[Sun Jan  5 12:39:22 2025] Correct Guess
[Sun Jan  5 12:39:22 2025] Correct Guess
[Sun Jan  5 12:39:22 2025] Correct Guess
[Sun Jan  5 12:39:22 2025] Correct Guess
[Sun Jan  5 12:39:22 2025] Correct Guess
[Sun Jan  5 12:39:22 2025] Correct Guess
[Sun Jan  5 12:39:22 2025] Correct Guess
[Sun Jan  5 12:39:22 2025] Correct Guess
[Sun Jan  5 12:39:22 2025] Correct Guess
[Sun Jan  5 12:39:22 2025] Correct Guess
[Sun Jan  5 12:39:22 2025] Correct Guess
[Sun Jan  5 12:39:22 2025] Correct Guess
[Sun Jan  5 12:39:22 2025] Correct Guess
[Sun Jan  5 12:39:22 2025] Correct Guess
[Sun Jan  5 12:39:22 2025] Correct Guess
[Sun Jan  5 12:39:22 2025] Correct Guess
[Sun Jan  5 12:39:22 2025] Correct Guess
[Sun Jan  5 12:39:22 2025] Correct Guess
[Sun Jan  5 12:39:22 2025] Correct Guess
[Sun Jan  5 12:39:22 2025] Correct Guess
[Sun Jan  5 12:39:22 2025] Correct Guess
[Sun Jan  5 12:39:22 2025] Correct Guess
[Sun Jan  5 12:39:22 2025] Correct Guess
[Sun Jan  5 12:39:22 2025] Correct Guess
[Sun Jan  5 12:39:22 2025] Correct Guess
[Sun Jan  5 12:39:22 2025] Correct Guess
[Sun Jan  5 12:39:22 2025] Correct Guess
[Sun Jan  5 12:39:23 2025] Correct Guess
[Sun Jan  5 12:39:23 2025] Correct Guess
[Sun Jan  5 12:39:23 2025] Correct Guess
[Sun Jan  5 12:39:23 2025] Correct Guess
[Sun Jan  5 12:39:23 2025] Correct Guess
[Sun Jan  5 12:39:23 2025] Correct Guess
[Sun Jan  5 12:39:23 2025] Correct Guess
[Sun Jan  5 12:39:23 2025] Correct Guess
[Sun Jan  5 12:39:23 2025] Correct Guess
[Sun Jan  5 12:39:23 2025] Correct Guess
[Sun Jan  5 12:39:23 2025] Correct Guess
[Sun Jan  5 12:39:23 2025] Correct Guess
[Sun Jan  5 12:39:23 2025] Correct Guess
[Sun Jan  5 12:39:23 2025] Correct Guess
[Sun Jan  5 12:39:23 2025] Correct Guess
[Sun Jan  5 12:39:23 2025] Correct Guess
[Sun Jan  5 12:39:23 2025] Correct Guess
[Sun Jan  5 12:39:23 2025] Correct Guess
[Sun Jan  5 12:39:23 2025] Correct Guess
[Sun Jan  5 12:39:23 2025] Correct Guess
[Sun Jan  5 12:39:23 2025] Correct Guess
[Sun Jan  5 12:39:23 2025] Correct Guess
[Sun Jan  5 12:39:23 2025] Correct Guess
[Sun Jan  5 12:39:23 2025] Correct Guess
[Sun Jan  5 12:39:23 2025] Correct Guess
[Sun Jan  5 12:39:23 2025] Correct Guess
[Sun Jan  5 12:39:23 2025] Correct Guess
[Sun Jan  5 12:39:23 2025] Correct Guess
[Sun Jan  5 12:39:23 2025] Correct Guess
[Sun Jan  5 12:39:23 2025] Correct Guess
[Sun Jan  5 12:39:23 2025] Correct Guess
[Sun Jan  5 12:39:23 2025] Correct Guess
[Sun Jan  5 12:39:23 2025] Correct Guess
[Sun Jan  5 12:39:23 2025] Correct Guess
[Sun Jan  5 12:39:23 2025] Correct Guess
[Sun Jan  5 12:39:23 2025] Correct Guess
[Sun Jan  5 12:39:23 2025] Correct Guess
[Sun Jan  5 12:39:23 2025] Correct Guess
[Sun Jan  5 12:39:23 2025] Correct Guess
[Sun Jan  5 12:39:23 2025] Correct Guess
[Sun Jan  5 12:39:23 2025] Correct Guess
[Sun Jan  5 12:39:23 2025] Correct Guess
[Sun Jan  5 12:39:23 2025] Correct Guess
[Sun Jan  5 12:39:23 2025] Correct Guess
[Sun Jan  5 12:39:23 2025] Correct Guess
[Sun Jan  5 12:39:23 2025] Correct Guess
[Sun Jan  5 12:39:23 2025] Correct Guess
[Sun Jan  5 12:39:23 2025] Correct Guess
[Sun Jan  5 12:39:23 2025] Correct Guess
[Sun Jan  5 12:39:23 2025] Correct Guess
[Sun Jan  5 12:39:23 2025] Correct Guess
[Sun Jan  5 12:39:24 2025] Correct Guess
[Sun Jan  5 12:39:24 2025] Correct Guess
[Sun Jan  5 12:39:24 2025] Correct Guess
[Sun Jan  5 12:39:24 2025] Correct Guess
[Sun Jan  5 12:39:24 2025] Correct Guess
[Sun Jan  5 12:39:24 2025] Correct Guess
[Sun Jan  5 12:39:24 2025] Correct Guess
[Sun Jan  5 12:39:24 2025] Correct Guess
[Sun Jan  5 12:39:24 2025] Correct Guess
[Sun Jan  5 12:39:24 2025] Correct Guess
[Sun Jan  5 12:39:24 2025] Correct Guess
[Sun Jan  5 12:39:24 2025] Correct Guess
[Sun Jan  5 12:39:24 2025] Correct Guess
[Sun Jan  5 12:39:24 2025] Correct Guess
[Sun Jan  5 12:39:24 2025] Correct Guess
[Sun Jan  5 12:39:24 2025] Correct Guess
[Sun Jan  5 12:39:24 2025] Correct Guess
[Sun Jan  5 12:39:24 2025] Correct Guess
[Sun Jan  5 12:39:24 2025] Correct Guess
[Sun Jan  5 12:39:24 2025] Correct Guess
[Sun Jan  5 12:39:24 2025] Correct Guess
[Sun Jan  5 12:39:24 2025] Correct Guess
[Sun Jan  5 12:39:24 2025] Correct Guess
[Sun Jan  5 12:39:24 2025] Correct Guess
[Sun Jan  5 12:39:24 2025] Correct Guess
[Sun Jan  5 12:39:24 2025] Correct Guess
[Sun Jan  5 12:39:24 2025] Correct Guess
[Sun Jan  5 12:39:24 2025] Correct Guess
[Sun Jan  5 12:39:24 2025] Correct Guess
[Sun Jan  5 12:39:24 2025] Correct Guess
[Sun Jan  5 12:39:24 2025] Correct Guess
[Sun Jan  5 12:39:24 2025] Correct Guess
[Sun Jan  5 12:39:24 2025] Correct Guess
[Sun Jan  5 12:39:24 2025] Correct Guess
[Sun Jan  5 12:39:24 2025] Correct Guess
[Sun Jan  5 12:39:24 2025] Correct Guess
[Sun Jan  5 12:39:24 2025] Correct Guess
[Sun Jan  5 12:39:24 2025] Correct Guess
[Sun Jan  5 12:39:24 2025] Correct Guess
[Sun Jan  5 12:39:24 2025] Correct Guess
[Sun Jan  5 12:39:24 2025] Correct Guess
[Sun Jan  5 12:39:24 2025] Correct Guess
[Sun Jan  5 12:39:24 2025] Correct Guess
[Sun Jan  5 12:39:24 2025] Correct Guess
[Sun Jan  5 12:39:24 2025] Correct Guess
[Sun Jan  5 12:39:25 2025] Correct Guess
[Sun Jan  5 12:39:25 2025] Correct Guess
[Sun Jan  5 12:39:25 2025] Correct Guess
[Sun Jan  5 12:39:25 2025] Correct Guess
[Sun Jan  5 12:39:25 2025] Correct Guess
[Sun Jan  5 12:39:25 2025] Correct Guess
[Sun Jan  5 12:39:25 2025] Correct Guess
[Sun Jan  5 12:39:25 2025] Correct Guess
[Sun Jan  5 12:39:25 2025] Correct Guess
[Sun Jan  5 12:39:25 2025] Correct Guess
[Sun Jan  5 12:39:25 2025] Correct Guess
[Sun Jan  5 12:39:25 2025] Correct Guess
[Sun Jan  5 12:39:25 2025] Correct Guess
[Sun Jan  5 12:39:25 2025] Correct Guess
[Sun Jan  5 12:39:25 2025] Correct Guess
[Sun Jan  5 12:39:25 2025] Correct Guess
[Sun Jan  5 12:39:25 2025] Correct Guess
[Sun Jan  5 12:39:25 2025] Correct Guess
[Sun Jan  5 12:39:25 2025] Correct Guess
[Sun Jan  5 12:39:25 2025] Correct Guess
[Sun Jan  5 12:39:25 2025] Correct Guess
[Sun Jan  5 12:39:25 2025] Correct Guess
[Sun Jan  5 12:39:25 2025] Correct Guess
[Sun Jan  5 12:39:25 2025] Correct Guess
[Sun Jan  5 12:39:25 2025] Correct Guess
[Sun Jan  5 12:39:25 2025] Correct Guess
[Sun Jan  5 12:39:25 2025] Correct Guess
[Sun Jan  5 12:39:25 2025] Correct Guess
[Sun Jan  5 12:39:25 2025] Correct Guess
[Sun Jan  5 12:39:25 2025] Correct Guess
[Sun Jan  5 12:39:25 2025] Correct Guess
[Sun Jan  5 12:39:25 2025] Correct Guess
[Sun Jan  5 12:39:25 2025] Correct Guess
[Sun Jan  5 12:39:25 2025] Correct Guess
[Sun Jan  5 12:39:25 2025] Correct Guess
[Sun Jan  5 12:39:25 2025] Correct Guess
[Sun Jan  5 12:39:25 2025] Correct Guess
[Sun Jan  5 12:39:25 2025] Correct Guess
[Sun Jan  5 12:39:25 2025] Correct Guess
[Sun Jan  5 12:39:25 2025] Correct Guess
[Sun Jan  5 12:39:25 2025] Correct Guess
[Sun Jan  5 12:39:25 2025] Correct Guess
[Sun Jan  5 12:39:25 2025] Correct Guess
[Sun Jan  5 12:39:25 2025] Correct Guess
[Sun Jan  5 12:39:25 2025] Correct Guess
[Sun Jan  5 12:39:25 2025] Correct Guess
[Sun Jan  5 12:39:25 2025] Correct Guess
[Sun Jan  5 12:39:25 2025] Correct Guess
[Sun Jan  5 12:39:26 2025] Correct Guess
[Sun Jan  5 12:39:26 2025] Correct Guess
[Sun Jan  5 12:39:26 2025] Correct Guess
[Sun Jan  5 12:39:26 2025] Correct Guess
[Sun Jan  5 12:39:26 2025] Correct Guess
[Sun Jan  5 12:39:26 2025] Correct Guess
[Sun Jan  5 12:39:26 2025] Correct Guess
[Sun Jan  5 12:39:26 2025] Correct Guess
[Sun Jan  5 12:39:26 2025] Correct Guess
[Sun Jan  5 12:39:26 2025] Correct Guess
[Sun Jan  5 12:39:26 2025] Correct Guess
[Sun Jan  5 12:39:26 2025] Correct Guess
[Sun Jan  5 12:39:26 2025] Correct Guess
[Sun Jan  5 12:39:26 2025] Correct Guess
[Sun Jan  5 12:39:26 2025] Correct Guess
[Sun Jan  5 12:39:26 2025] Correct Guess
[Sun Jan  5 12:39:26 2025] Correct Guess
[Sun Jan  5 12:39:26 2025] Correct Guess
[Sun Jan  5 12:39:26 2025] Correct Guess
[Sun Jan  5 12:39:26 2025] Correct Guess
[Sun Jan  5 12:39:26 2025] Correct Guess
[Sun Jan  5 12:39:26 2025] Correct Guess
[Sun Jan  5 12:39:26 2025] Correct Guess
[Sun Jan  5 12:39:26 2025] Correct Guess
[Sun Jan  5 12:39:26 2025] Correct Guess
[Sun Jan  5 12:39:26 2025] Correct Guess
[Sun Jan  5 12:39:26 2025] Correct Guess
[Sun Jan  5 12:39:26 2025] Correct Guess
[Sun Jan  5 12:39:26 2025] Correct Guess
[Sun Jan  5 12:39:26 2025] Correct Guess
[Sun Jan  5 12:39:26 2025] Correct Guess
[Sun Jan  5 12:39:26 2025] Correct Guess
[Sun Jan  5 12:39:26 2025] Correct Guess
[Sun Jan  5 12:39:26 2025] Correct Guess
[Sun Jan  5 12:39:26 2025] Correct Guess
[Sun Jan  5 12:39:26 2025] Correct Guess
[Sun Jan  5 12:39:26 2025] Correct Guess
[Sun Jan  5 12:39:26 2025] Correct Guess
[Sun Jan  5 12:39:26 2025] Correct Guess
[Sun Jan  5 12:39:26 2025] Correct Guess
[Sun Jan  5 12:39:26 2025] Correct Guess
[Sun Jan  5 12:39:26 2025] Correct Guess
[Sun Jan  5 12:39:26 2025] Correct Guess
[Sun Jan  5 12:39:26 2025] Correct Guess
[Sun Jan  5 12:39:26 2025] Correct Guess
[Sun Jan  5 12:39:26 2025] Correct Guess
[Sun Jan  5 12:39:26 2025] Correct Guess
[Sun Jan  5 12:39:27 2025] Correct Guess
[Sun Jan  5 12:39:27 2025] Correct Guess
[Sun Jan  5 12:39:27 2025] Correct Guess
[Sun Jan  5 12:39:27 2025] Correct Guess
[Sun Jan  5 12:39:27 2025] Correct Guess
[Sun Jan  5 12:39:27 2025] Correct Guess
[Sun Jan  5 12:39:27 2025] Correct Guess
[Sun Jan  5 12:39:27 2025] Correct Guess
[Sun Jan  5 12:39:27 2025] Correct Guess
[Sun Jan  5 12:39:27 2025] Correct Guess
[Sun Jan  5 12:39:27 2025] Correct Guess
[Sun Jan  5 12:39:27 2025] Correct Guess
[Sun Jan  5 12:39:27 2025] Correct Guess
[Sun Jan  5 12:39:27 2025] Correct Guess
[Sun Jan  5 12:39:27 2025] Correct Guess
[Sun Jan  5 12:39:27 2025] Correct Guess
[Sun Jan  5 12:39:27 2025] Correct Guess
[Sun Jan  5 12:39:27 2025] Correct Guess
[Sun Jan  5 12:39:27 2025] Correct Guess
[Sun Jan  5 12:39:27 2025] Correct Guess
[Sun Jan  5 12:39:27 2025] Correct Guess
[Sun Jan  5 12:39:27 2025] Correct Guess
[Sun Jan  5 12:39:27 2025] Correct Guess
[Sun Jan  5 12:39:27 2025] Correct Guess
[Sun Jan  5 12:39:27 2025] Correct Guess
[Sun Jan  5 12:39:27 2025] Correct Guess
[Sun Jan  5 12:39:27 2025] Correct Guess
[Sun Jan  5 12:39:27 2025] Correct Guess
[Sun Jan  5 12:39:27 2025] Correct Guess
[Sun Jan  5 12:39:27 2025] Correct Guess
[Sun Jan  5 12:39:27 2025] Correct Guess
[Sun Jan  5 12:39:27 2025] Correct Guess
[Sun Jan  5 12:39:27 2025] Correct Guess
[Sun Jan  5 12:39:27 2025] Correct Guess
[Sun Jan  5 12:39:27 2025] Correct Guess
[Sun Jan  5 12:39:27 2025] Correct Guess
[Sun Jan  5 12:39:27 2025] Correct Guess
[Sun Jan  5 12:39:27 2025] Correct Guess
[Sun Jan  5 12:39:27 2025] Correct Guess
[Sun Jan  5 12:39:27 2025] Correct Guess
[Sun Jan  5 12:39:27 2025] Correct Guess
[Sun Jan  5 12:39:27 2025] Correct Guess
[Sun Jan  5 12:39:27 2025] Correct Guess
[Sun Jan  5 12:39:27 2025] Correct Guess
[Sun Jan  5 12:39:27 2025] Correct Guess
[Sun Jan  5 12:39:27 2025] Correct Guess
[Sun Jan  5 12:39:27 2025] Correct Guess
[Sun Jan  5 12:39:27 2025] Correct Guess
[Sun Jan  5 12:39:27 2025] Correct Guess
[Sun Jan  5 12:39:27 2025] Correct Guess
[Sun Jan  5 12:39:27 2025] Correct Guess
[Sun Jan  5 12:39:27 2025] Correct Guess
[Sun Jan  5 12:39:28 2025] Correct Guess
[Sun Jan  5 12:39:28 2025] Correct Guess
[Sun Jan  5 12:39:28 2025] Correct Guess
[Sun Jan  5 12:39:28 2025] Correct Guess
[Sun Jan  5 12:39:28 2025] Correct Guess
[Sun Jan  5 12:39:28 2025] Correct Guess
[Sun Jan  5 12:39:28 2025] Correct Guess
[Sun Jan  5 12:39:28 2025] Correct Guess
[Sun Jan  5 12:39:28 2025] Correct Guess
[Sun Jan  5 12:39:28 2025] Correct Guess
[Sun Jan  5 12:39:28 2025] Correct Guess
[Sun Jan  5 12:39:28 2025] Correct Guess
[Sun Jan  5 12:39:28 2025] Correct Guess
[Sun Jan  5 12:39:28 2025] Correct Guess
[Sun Jan  5 12:39:28 2025] Correct Guess
[Sun Jan  5 12:39:28 2025] Correct Guess
[Sun Jan  5 12:39:28 2025] Correct Guess
[Sun Jan  5 12:39:28 2025] Correct Guess
[Sun Jan  5 12:39:28 2025] Correct Guess
[Sun Jan  5 12:39:28 2025] Correct Guess
[Sun Jan  5 12:39:28 2025] Correct Guess
[Sun Jan  5 12:39:28 2025] Correct Guess
[Sun Jan  5 12:39:28 2025] Correct Guess
[Sun Jan  5 12:39:28 2025] Correct Guess
[Sun Jan  5 12:39:28 2025] Correct Guess
[Sun Jan  5 12:39:28 2025] Correct Guess
[Sun Jan  5 12:39:28 2025] Correct Guess
[Sun Jan  5 12:39:28 2025] Correct Guess
[Sun Jan  5 12:39:28 2025] Correct Guess
[Sun Jan  5 12:39:28 2025] Correct Guess
[Sun Jan  5 12:39:28 2025] Correct Guess
[Sun Jan  5 12:39:28 2025] Correct Guess
[Sun Jan  5 12:39:28 2025] Correct Guess
[Sun Jan  5 12:39:28 2025] Correct Guess
[Sun Jan  5 12:39:28 2025] Correct Guess
[Sun Jan  5 12:39:28 2025] Correct Guess
[Sun Jan  5 12:39:28 2025] Correct Guess
[Sun Jan  5 12:39:28 2025] Correct Guess
[Sun Jan  5 12:39:28 2025] Correct Guess
[Sun Jan  5 12:39:28 2025] Correct Guess
[Sun Jan  5 12:39:28 2025] Correct Guess
[Sun Jan  5 12:39:28 2025] Correct Guess
[Sun Jan  5 12:39:28 2025] Correct Guess
[Sun Jan  5 12:39:28 2025] Correct Guess
[Sun Jan  5 12:39:28 2025] Correct Guess
[Sun Jan  5 12:39:28 2025] Correct Guess
[Sun Jan  5 12:39:28 2025] Correct Guess
[Sun Jan  5 12:39:28 2025] Correct Guess
[Sun Jan  5 12:39:28 2025] Correct Guess
[Sun Jan  5 12:39:28 2025] Correct Guess
[Sun Jan  5 12:39:28 2025] Correct Guess
[Sun Jan  5 12:39:28 2025] Correct Guess
[Sun Jan  5 12:39:28 2025] Correct Guess
[Sun Jan  5 12:39:28 2025] Correct Guess
[Sun Jan  5 12:39:28 2025] Correct Guess
[Sun Jan  5 12:39:28 2025] Correct Guess
[Sun Jan  5 12:39:28 2025] Correct Guess
[Sun Jan  5 12:39:28 2025] Correct Guess
[Sun Jan  5 12:39:28 2025] Correct Guess
[Sun Jan  5 12:39:29 2025] Correct Guess
[Sun Jan  5 12:39:29 2025] Correct Guess
[Sun Jan  5 12:39:29 2025] Correct Guess
[Sun Jan  5 12:39:29 2025] Correct Guess
[Sun Jan  5 12:39:29 2025] Correct Guess
[Sun Jan  5 12:39:29 2025] Correct Guess
[Sun Jan  5 12:39:29 2025] Correct Guess
[Sun Jan  5 12:39:29 2025] Correct Guess
[Sun Jan  5 12:39:29 2025] Correct Guess
[Sun Jan  5 12:39:29 2025] Correct Guess
[Sun Jan  5 12:39:29 2025] Correct Guess
[Sun Jan  5 12:39:29 2025] Correct Guess
[Sun Jan  5 12:39:29 2025] Correct Guess
[Sun Jan  5 12:39:29 2025] Correct Guess
[Sun Jan  5 12:39:29 2025] Correct Guess
[Sun Jan  5 12:39:29 2025] Correct Guess
[Sun Jan  5 12:39:29 2025] Correct Guess
[Sun Jan  5 12:39:29 2025] Correct Guess
[Sun Jan  5 12:39:29 2025] Correct Guess
[Sun Jan  5 12:39:29 2025] Correct Guess
[Sun Jan  5 12:39:29 2025] Correct Guess
[Sun Jan  5 12:39:29 2025] Correct Guess
[Sun Jan  5 12:39:29 2025] Correct Guess
[Sun Jan  5 12:39:29 2025] Correct Guess
[Sun Jan  5 12:39:29 2025] Correct Guess
[Sun Jan  5 12:39:29 2025] Correct Guess
[Sun Jan  5 12:39:29 2025] Correct Guess
[Sun Jan  5 12:39:29 2025] Correct Guess
[Sun Jan  5 12:39:29 2025] Correct Guess
[Sun Jan  5 12:39:29 2025] Correct Guess
[Sun Jan  5 12:39:30 2025] Correct Guess
[Sun Jan  5 12:39:30 2025] Correct Guess
[Sun Jan  5 12:39:30 2025] Correct Guess
[Sun Jan  5 12:39:30 2025] Correct Guess
[Sun Jan  5 12:39:30 2025] Correct Guess
[Sun Jan  5 12:39:30 2025] Correct Guess
[Sun Jan  5 12:39:30 2025] Correct Guess
[Sun Jan  5 12:39:30 2025] Correct Guess
[Sun Jan  5 12:39:30 2025] Correct Guess
[Sun Jan  5 12:39:30 2025] Correct Guess
[Sun Jan  5 12:39:30 2025] Correct Guess
[Sun Jan  5 12:39:30 2025] Correct Guess
[Sun Jan  5 12:39:30 2025] Correct Guess
[Sun Jan  5 12:39:30 2025] Correct Guess
[Sun Jan  5 12:39:30 2025] Correct Guess
[Sun Jan  5 12:39:30 2025] Correct Guess
[Sun Jan  5 12:39:30 2025] Correct Guess
[Sun Jan  5 12:39:30 2025] Correct Guess
[Sun Jan  5 12:39:30 2025] Correct Guess
[Sun Jan  5 12:39:30 2025] Correct Guess
[Sun Jan  5 12:39:30 2025] Correct Guess
[Sun Jan  5 12:39:30 2025] Correct Guess
[Sun Jan  5 12:39:30 2025] Correct Guess
[Sun Jan  5 12:39:30 2025] Correct Guess
[Sun Jan  5 12:39:30 2025] Correct Guess
[Sun Jan  5 12:39:30 2025] Correct Guess
[Sun Jan  5 12:39:30 2025] Correct Guess
[Sun Jan  5 12:39:30 2025] Correct Guess
[Sun Jan  5 12:39:30 2025] Correct Guess
[Sun Jan  5 12:39:30 2025] Correct Guess
[Sun Jan  5 12:39:30 2025] Correct Guess
[Sun Jan  5 12:39:30 2025] Correct Guess
[Sun Jan  5 12:39:30 2025] Correct Guess
[Sun Jan  5 12:39:30 2025] Correct Guess
[Sun Jan  5 12:39:30 2025] Correct Guess
[Sun Jan  5 12:39:30 2025] Correct Guess
[Sun Jan  5 12:39:30 2025] Correct Guess
[Sun Jan  5 12:39:30 2025] Correct Guess
[Sun Jan  5 12:39:30 2025] Correct Guess
[Sun Jan  5 12:39:30 2025] Correct Guess
[Sun Jan  5 12:39:30 2025] Correct Guess
[Sun Jan  5 12:39:30 2025] Correct Guess
[Sun Jan  5 12:39:30 2025] Correct Guess
[Sun Jan  5 12:39:31 2025] Correct Guess
[Sun Jan  5 12:39:31 2025] Correct Guess
[Sun Jan  5 12:39:31 2025] Correct Guess
[Sun Jan  5 12:39:31 2025] Correct Guess
[Sun Jan  5 12:39:31 2025] Correct Guess
[Sun Jan  5 12:39:31 2025] Correct Guess
[Sun Jan  5 12:39:31 2025] Correct Guess
[Sun Jan  5 12:39:31 2025] Correct Guess
[Sun Jan  5 12:39:31 2025] Correct Guess
[Sun Jan  5 12:39:31 2025] Correct Guess
[Sun Jan  5 12:39:31 2025] Correct Guess
[Sun Jan  5 12:39:31 2025] Correct Guess
[Sun Jan  5 12:39:31 2025] Correct Guess
[Sun Jan  5 12:39:31 2025] Correct Guess
[Sun Jan  5 12:39:31 2025] Correct Guess
[Sun Jan  5 12:39:31 2025] Correct Guess
[Sun Jan  5 12:39:31 2025] Correct Guess
[Sun Jan  5 12:39:31 2025] Correct Guess
[Sun Jan  5 12:39:31 2025] Correct Guess
[Sun Jan  5 12:39:31 2025] Correct Guess
[Sun Jan  5 12:39:31 2025] Correct Guess
[Sun Jan  5 12:39:31 2025] Correct Guess
[Sun Jan  5 12:39:31 2025] Correct Guess
[Sun Jan  5 12:39:31 2025] Correct Guess
[Sun Jan  5 12:39:31 2025] Correct Guess
[Sun Jan  5 12:39:31 2025] Correct Guess
[Sun Jan  5 12:39:31 2025] Correct Guess
[Sun Jan  5 12:39:31 2025] Correct Guess
[Sun Jan  5 12:39:31 2025] Correct Guess
[Sun Jan  5 12:39:31 2025] Correct Guess
[Sun Jan  5 12:39:31 2025] Correct Guess
[Sun Jan  5 12:39:31 2025] Correct Guess
[Sun Jan  5 12:39:31 2025] Correct Guess
[Sun Jan  5 12:39:31 2025] Correct Guess
[Sun Jan  5 12:39:31 2025] Correct Guess
[Sun Jan  5 12:39:31 2025] Correct Guess
[Sun Jan  5 12:39:31 2025] Correct Guess
[Sun Jan  5 12:39:31 2025] Correct Guess
[Sun Jan  5 12:39:31 2025] Correct Guess
[Sun Jan  5 12:39:31 2025] Correct Guess
[Sun Jan  5 12:39:31 2025] Correct Guess
[Sun Jan  5 12:39:32 2025] Correct Guess
[Sun Jan  5 12:39:32 2025] Correct Guess
[Sun Jan  5 12:39:32 2025] Correct Guess
[Sun Jan  5 12:39:32 2025] Correct Guess
[Sun Jan  5 12:39:32 2025] Correct Guess
[Sun Jan  5 12:39:32 2025] Correct Guess
[Sun Jan  5 12:39:32 2025] Correct Guess
[Sun Jan  5 12:39:32 2025] Correct Guess
[Sun Jan  5 12:39:32 2025] Correct Guess
[Sun Jan  5 12:39:32 2025] Correct Guess
[Sun Jan  5 12:39:32 2025] Correct Guess
[Sun Jan  5 12:39:32 2025] Correct Guess
[Sun Jan  5 12:39:32 2025] Correct Guess
[Sun Jan  5 12:39:32 2025] Correct Guess
[Sun Jan  5 12:39:32 2025] Correct Guess
[Sun Jan  5 12:39:32 2025] Correct Guess
[Sun Jan  5 12:39:32 2025] Correct Guess
[Sun Jan  5 12:39:32 2025] Correct Guess
[Sun Jan  5 12:39:32 2025] Correct Guess
[Sun Jan  5 12:39:32 2025] Correct Guess
[Sun Jan  5 12:39:32 2025] Correct Guess
[Sun Jan  5 12:39:32 2025] Correct Guess
[Sun Jan  5 12:39:32 2025] Correct Guess
[Sun Jan  5 12:39:32 2025] Correct Guess
[Sun Jan  5 12:39:32 2025] Correct Guess
[Sun Jan  5 12:39:32 2025] Correct Guess
[Sun Jan  5 12:39:32 2025] Correct Guess
[Sun Jan  5 12:39:32 2025] Correct Guess
[Sun Jan  5 12:39:32 2025] Correct Guess
[Sun Jan  5 12:39:32 2025] Correct Guess
[Sun Jan  5 12:39:32 2025] Correct Guess
[Sun Jan  5 12:39:32 2025] Correct Guess
[Sun Jan  5 12:39:32 2025] Correct Guess
[Sun Jan  5 12:39:32 2025] Correct Guess
[Sun Jan  5 12:39:32 2025] Correct Guess
[Sun Jan  5 12:39:32 2025] Correct Guess
[Sun Jan  5 12:39:32 2025] Correct Guess
[Sun Jan  5 12:39:32 2025] Correct Guess
[Sun Jan  5 12:39:32 2025] Correct Guess
[Sun Jan  5 12:39:33 2025] Correct Guess
[Sun Jan  5 12:39:33 2025] Correct Guess
[Sun Jan  5 12:39:33 2025] Correct Guess
[Sun Jan  5 12:39:33 2025] Correct Guess
[Sun Jan  5 12:39:33 2025] Correct Guess
[Sun Jan  5 12:39:33 2025] Correct Guess
[Sun Jan  5 12:39:33 2025] Correct Guess
[Sun Jan  5 12:39:33 2025] Correct Guess
[Sun Jan  5 12:39:33 2025] Correct Guess
[Sun Jan  5 12:39:33 2025] Correct Guess
[Sun Jan  5 12:39:33 2025] Correct Guess
[Sun Jan  5 12:39:33 2025] Correct Guess
[Sun Jan  5 12:39:33 2025] Correct Guess
[Sun Jan  5 12:39:33 2025] Correct Guess
[Sun Jan  5 12:39:33 2025] Correct Guess
[Sun Jan  5 12:39:33 2025] Correct Guess
[Sun Jan  5 12:39:33 2025] Correct Guess
[Sun Jan  5 12:39:33 2025] Correct Guess
[Sun Jan  5 12:39:33 2025] Correct Guess
[Sun Jan  5 12:39:33 2025] Correct Guess
[Sun Jan  5 12:39:33 2025] Correct Guess
[Sun Jan  5 12:39:33 2025] Correct Guess
[Sun Jan  5 12:39:33 2025] Correct Guess
[Sun Jan  5 12:39:33 2025] Correct Guess
[Sun Jan  5 12:39:33 2025] Correct Guess
[Sun Jan  5 12:39:33 2025] Correct Guess
[Sun Jan  5 12:39:33 2025] Correct Guess
[Sun Jan  5 12:39:33 2025] Correct Guess
[Sun Jan  5 12:39:33 2025] Correct Guess
[Sun Jan  5 12:39:33 2025] Correct Guess
[Sun Jan  5 12:39:33 2025] Correct Guess
[Sun Jan  5 12:39:33 2025] Correct Guess
[Sun Jan  5 12:39:33 2025] Correct Guess
[Sun Jan  5 12:39:33 2025] Correct Guess
[Sun Jan  5 12:39:33 2025] Correct Guess
[Sun Jan  5 12:39:33 2025] Correct Guess
[Sun Jan  5 12:39:33 2025] Correct Guess
[Sun Jan  5 12:39:33 2025] Correct Guess
[Sun Jan  5 12:39:34 2025] Correct Guess
[Sun Jan  5 12:39:34 2025] Correct Guess
[Sun Jan  5 12:39:34 2025] Correct Guess
[Sun Jan  5 12:39:34 2025] Correct Guess
[Sun Jan  5 12:39:34 2025] Correct Guess
[Sun Jan  5 12:39:34 2025] Correct Guess
[Sun Jan  5 12:39:34 2025] Correct Guess
[Sun Jan  5 12:39:34 2025] Correct Guess
[Sun Jan  5 12:39:34 2025] Correct Guess
[Sun Jan  5 12:39:34 2025] Correct Guess
[Sun Jan  5 12:39:34 2025] Correct Guess
[Sun Jan  5 12:39:34 2025] Correct Guess
[Sun Jan  5 12:39:34 2025] Correct Guess
[Sun Jan  5 12:39:34 2025] Correct Guess
[Sun Jan  5 12:39:34 2025] Correct Guess
[Sun Jan  5 12:39:34 2025] Correct Guess
[Sun Jan  5 12:39:34 2025] Correct Guess
[Sun Jan  5 12:39:34 2025] Correct Guess
[Sun Jan  5 12:39:34 2025] Correct Guess
[Sun Jan  5 12:39:34 2025] Correct Guess
[Sun Jan  5 12:39:34 2025] Correct Guess
[Sun Jan  5 12:39:34 2025] Correct Guess
[Sun Jan  5 12:39:34 2025] Correct Guess
[Sun Jan  5 12:39:34 2025] Correct Guess
[Sun Jan  5 12:39:34 2025] Correct Guess
[Sun Jan  5 12:39:34 2025] Correct Guess
[Sun Jan  5 12:39:34 2025] Correct Guess
[Sun Jan  5 12:39:34 2025] Correct Guess
[Sun Jan  5 12:39:34 2025] Correct Guess
[Sun Jan  5 12:39:34 2025] Correct Guess
[Sun Jan  5 12:39:34 2025] Correct Guess
[Sun Jan  5 12:39:34 2025] Correct Guess
[Sun Jan  5 12:39:34 2025] Correct Guess
[Sun Jan  5 12:39:34 2025] Correct Guess
[Sun Jan  5 12:39:34 2025] Correct Guess
[Sun Jan  5 12:39:34 2025] Correct Guess
[Sun Jan  5 12:39:46 2025] Client Started
[Sun Jan  5 12:39:46 2025] Client Config Loaded
[Sun Jan  5 12:39:46 2025] Socket criado com sucesso
[Sun Jan  5 12:39:46 2025] Conectado ao servidor
[Sun Jan  5 12:39:48 2025] Correct Guess
[Sun Jan  5 12:39:48 2025] Correct Guess
[Sun Jan  5 12:39:49 2025] Correct Guess
[Sun Jan  5 12:39:49 2025] Correct Guess
[Sun Jan  5 12:39:49 2025] Correct Guess
[Sun Jan  5 12:39:49 2025] Correct Guess
[Sun Jan  5 12:39:50 2025] Correct Guess
[Sun Jan  5 12:39:50 2025] Correct Guess
[Sun Jan  5 12:39:50 2025] Correct Guess
[Sun Jan  5 12:39:50 2025] Correct Guess
[Sun Jan  5 12:39:50 2025] Correct Guess
[Sun Jan  5 12:39:51 2025] Correct Guess
[Sun Jan  5 12:39:51 2025] Correct Guess
[Sun Jan  5 12:39:51 2025] Correct Guess
[Sun Jan  5 12:39:51 2025] Correct Guess
[Sun Jan  5 12:39:51 2025] Correct Guess
[Sun Jan  5 12:39:51 2025] Correct Guess
[Sun Jan  5 12:39:52 2025] Correct Guess
[Sun Jan  5 12:39:52 2025] Correct Guess
[Sun Jan  5 12:39:52 2025] Correct Guess
[Sun Jan  5 12:39:52 2025] Correct Guess
[Sun Jan  5 12:39:52 2025] Correct Guess
[Sun Jan  5 12:39:54 2025] Correct Guess
[Sun Jan  5 12:39:54 2025] Correct Guess
[Sun Jan  5 12:39:54 2025] Correct Guess
[Sun Jan  5 12:39:54 2025] Correct Guess
[Sun Jan  5 12:39:54 2025] Correct Guess
[Sun Jan  5 12:39:54 2025] Correct Guess
[Sun Jan  5 12:39:54 2025] Correct Guess
[Sun Jan  5 12:39:54 2025] Correct Guess
[Sun Jan  5 12:39:55 2025] Correct Guess
[Sun Jan  5 12:39:55 2025] Correct Guess
[Sun Jan  5 12:39:55 2025] Correct Guess
[Sun Jan  5 12:39:55 2025] Correct Guess
[Sun Jan  5 12:39:56 2025] Correct Guess
[Sun Jan  5 12:39:56 2025] Correct Guess
[Sun Jan  5 12:39:56 2025] Correct Guess
[Sun Jan  5 12:39:57 2025] Correct Guess
[Sun Jan  5 12:39:57 2025] Correct Guess
[Sun Jan  5 12:39:57 2025] Correct Guess
[Sun Jan  5 12:39:58 2025] Correct Guess
[Sun Jan  5 12:39:58 2025] Correct Guess
[Sun Jan  5 12:39:58 2025] Correct Guess
[Sun Jan  5 12:39:59 2025] Correct Guess
[Sun Jan  5 12:39:59 2025] Correct Guess
[Sun Jan  5 12:39:59 2025] Correct Guess
[Sun Jan  5 12:39:59 2025] Correct Guess
[Sun Jan  5 12:39:59 2025] Correct Guess
[Sun Jan  5 12:40:00 2025] Correct Guess
[Sun Jan  5 12:40:01 2025] Correct Guess
[Sun Jan  5 12:40:01 2025] Correct Guess
[Sun Jan  5 12:40:02 2025] Correct Guess
[Sun Jan  5 12:47:11 2025] Client Started
[Sun Jan  5 12:47:11 2025] Client Config Loaded
[Sun Jan  5 12:47:11 2025] Socket criado com sucesso
[Sun Jan  5 12:47:11 2025] Conectado ao servidor
[Sun Jan  5 12:47:13 2025] Correct Guess
[Sun Jan  5 12:47:13 2025] Correct Guess
[Sun Jan  5 12:47:14 2025] Correct Guess
[Sun Jan  5 12:47:14 2025] Correct Guess
[Sun Jan  5 12:47:14 2025] Correct Guess
[Sun Jan  5 12:47:14 2025] Correct Guess
[Sun Jan  5 12:47:14 2025] Correct Guess
[Sun Jan  5 12:47:15 2025] Correct Guess
[Sun Jan  5 12:47:15 2025] Correct Guess
[Sun Jan  5 12:47:16 2025] Correct Guess
[Sun Jan  5 12:47:16 2025] Correct Guess
[Sun Jan  5 12:47:16 2025] Correct Guess
[Sun Jan  5 12:47:16 2025] Correct Guess
[Sun Jan  5 12:47:16 2025] Correct Guess
[Sun Jan  5 12:47:16 2025] Correct Guess
[Sun Jan  5 12:47:16 2025] Correct Guess
[Sun Jan  5 12:47:16 2025] Correct Guess
[Sun Jan  5 12:47:17 2025] Correct Guess
[Sun Jan  5 12:47:17 2025] Correct Guess
[Sun Jan  5 12:47:17 2025] Correct Guess
[Sun Jan  5 12:47:17 2025] Correct Guess
[Sun Jan  5 12:47:17 2025] Correct Guess
[Sun Jan  5 12:47:18 2025] Correct Guess
[Sun Jan  5 12:47:18 2025] Correct Guess
[Sun Jan  5 12:47:18 2025] Correct Guess
[Sun Jan  5 12:47:18 2025] Correct Guess
[Sun Jan  5 12:47:18 2025] Correct Guess
[Sun Jan  5 12:47:18 2025] Correct Guess
[Sun Jan  5 12:47:18 2025] Correct Guess
[Sun Jan  5 12:47:18 2025] Correct Guess
[Sun Jan  5 12:47:18 2025] Correct Guess
[Sun Jan  5 12:47:19 2025] Correct Guess
[Sun Jan  5 12:47:19 2025] Correct Guess
[Sun Jan  5 12:47:19 2025] Correct Guess
[Sun Jan  5 12:47:20 2025] Correct Guess
[Sun Jan  5 12:47:20 2025] Correct Guess
[Sun Jan  5 12:47:20 2025] Correct Guess
[Sun Jan  5 12:47:20 2025] Correct Guess
[Sun Jan  5 12:47:21 2025] Correct Guess
[Sun Jan  5 12:47:21 2025] Correct Guess
[Sun Jan  5 12:47:21 2025] Correct Guess
[Sun Jan  5 12:47:22 2025] Correct Guess
[Sun Jan  5 12:47:22 2025] Correct Guess
[Sun Jan  5 12:47:22 2025] Correct Guess
[Sun Jan  5 12:47:22 2025] Correct Guess
[Sun Jan  5 12:47:23 2025] Correct Guess
[Sun Jan  5 12:47:23 2025] Correct Guess
[Sun Jan  5 12:47:23 2025] Correct Guess
[Sun Jan  5 12:47:23 2025] Correct Guess
[Sun Jan  5 12:47:24 2025] Correct Guess
[Sun Jan  5 12:47:24 2025] Correct Guess
[Sun Jan  5 12:47:25 2025] Correct Guess
[Sun Jan  5 12:47:25 2025] Correct Guess
[Sun Jan  5 12:47:25 2025] Correct Guess
[Sun Jan  5 12:47:25 2025] Correct Guess
[Sun Jan  5 12:47:26 2025] Correct Guess
[Sun Jan  5 12:47:26 2025] Correct Guess
[Sun Jan  5 12:47:26 2025] Correct Guess
[Sun Jan  5 12:47:26 2025] Correct Guess
[Sun Jan  5 12:47:27 2025] Correct Guess
[Sun Jan  5 12:47:27 2025] Correct Guess
[Sun Jan  5 12:47:27 2025] Correct Guess
[Sun Jan  5 12:47:28 2025] Correct Guess
[Sun Jan  5 12:47:28 2025] Correct Guess
[Sun Jan  5 12:47:28 2025] Correct Guess
[Sun Jan  5 12:47:28 2025] Correct Guess
[Sun Jan  5 12:47:28 2025] Correct Guess
[Sun Jan  5 12:47:29 2025] Correct Guess
[Sun Jan  5 12:47:29 2025] Correct Guess
[Sun Jan  5 12:47:29 2025] Correct Guess
[Sun Jan  5 12:47:29 2025] Correct Guess
[Sun Jan  5 12:47:29 2025] Correct Guess
[Sun Jan  5 12:47:29 2025] Correct Guess
[Sun Jan  5 12:47:29 2025] Correct Guess
[Sun Jan  5 12:47:30 2025] Correct Guess
[Sun Jan  5 12:47:30 2025] Correct Guess
[Sun Jan  5 12:47:30 2025] Correct Guess
[Sun Jan  5 12:47:30 2025] Correct Guess
[Sun Jan  5 12:47:30 2025] Correct Guess
[Sun Jan  5 12:47:30 2025] Correct Guess
[Sun Jan  5 12:47:31 2025] Correct Guess
[Sun Jan  5 12:47:31 2025] Correct Guess
[Sun Jan  5 12:47:31 2025] Correct Guess
[Sun Jan  5 12:47:31 2025] Correct Guess
[Sun Jan  5 12:47:32 2025] Correct Guess
[Sun Jan  5 12:47:32 2025] Correct Guess
[Sun Jan  5 12:47:32 2025] Correct Guess
[Sun Jan  5 12:47:32 2025] Correct Guess
[Sun Jan  5 12:47:33 2025] Correct Guess
[Sun Jan  5 12:47:33 2025] Correct Guess
[Sun Jan  5 12:47:34 2025] Correct Guess
[Sun Jan  5 12:47:34 2025] Correct Guess
[Sun Jan  5 12:47:34 2025] Correct Guess
[Sun Jan  5 12:47:34 2025] Correct Guess
[Sun Jan  5 12:47:34 2025] Correct Guess
[Sun Jan  5 12:47:34 2025] Correct Guess
[Sun Jan  5 12:47:35 2025] Correct Guess
[Sun Jan  5 12:47:35 2025] Correct Guess
[Sun Jan  5 12:48:48 2025] Client Started
[Sun Jan  5 12:48:48 2025] Client Config Loaded
[Sun Jan  5 12:48:48 2025] Socket criado com sucesso
[Sun Jan  5 12:48:48 2025] Conectado ao servidor
[Sun Jan  5 12:48:50 2025] Correct Guess
[Sun Jan  5 12:48:51 2025] Correct Guess
[Sun Jan  5 12:48:51 2025] Correct Guess
[Sun Jan  5 12:48:51 2025] Correct Guess
[Sun Jan  5 12:48:51 2025] Correct Guess
[Sun Jan  5 12:48:51 2025] Correct Guess
[Sun Jan  5 12:48:52 2025] Correct Guess
[Sun Jan  5 12:48:52 2025] Correct Guess
[Sun Jan  5 12:48:52 2025] Correct Guess
[Sun Jan  5 12:48:52 2025] Correct Guess
[Sun Jan  5 12:48:53 2025] Correct Guess
[Sun Jan  5 12:48:53 2025] Correct Guess
[Sun Jan  5 12:48:54 2025] Correct Guess
[Sun Jan  5 12:48:54 2025] Correct Guess
[Sun Jan  5 12:48:54 2025] Correct Guess
[Sun Jan  5 12:48:55 2025] Correct Guess
[Sun Jan  5 12:48:55 2025] Correct Guess
[Sun Jan  5 12:48:56 2025] Correct Guess
[Sun Jan  5 12:48:56 2025] Correct Guess
[Sun Jan  5 12:48:56 2025] Correct Guess
[Sun Jan  5 12:48:57 2025] Correct Guess
[Sun Jan  5 12:48:57 2025] Correct Guess
[Sun Jan  5 12:48:57 2025] Correct Guess
[Sun Jan  5 12:48:57 2025] Correct Guess
[Sun Jan  5 12:48:58 2025] Correct Guess
[Sun Jan  5 12:48:58 2025] Correct Guess
[Sun Jan  5 12:48:58 2025] Correct Guess
[Sun Jan  5 12:48:58 2025] Correct Guess
[Sun Jan  5 12:48:58 2025] Correct Guess
[Sun Jan  5 12:48:59 2025] Correct Guess
[Sun Jan  5 12:48:59 2025] Correct Guess
[Sun Jan  5 12:48:59 2025] Correct Guess
[Sun Jan  5 12:48:59 2025] Correct Guess
[Sun Jan  5 12:48:59 2025] Correct Guess
[Sun Jan  5 12:49:00 2025] Correct Guess
[Sun Jan  5 12:49:00 2025] Correct Guess
[Sun Jan  5 12:49:00 2025] Correct Guess
[Sun Jan  5 12:49:01 2025] Correct Guess
[Sun Jan  5 12:49:01 2025] Correct Guess
[Sun Jan  5 12:49:01 2025] Correct Guess
[Sun Jan  5 12:49:01 2025] Correct Guess
[Sun Jan  5 12:49:01 2025] Correct Guess
[Sun Jan  5 12:49:01 2025] Correct Guess
[Sun Jan  5 12:49:01 2025] Correct Guess
[Sun Jan  5 12:49:02 2025] Correct Guess
[Sun Jan  5 12:49:03 2025] Correct Guess
[Sun Jan  5 12:49:03 2025] Correct Guess
[Sun Jan  5 12:49:03 2025] Correct Guess
[Sun Jan  5 12:49:03 2025] Correct Guess
[Sun Jan  5 12:49:03 2025] Correct Guess
[Sun Jan  5 12:49:03 2025] Correct Guess
[Sun Jan  5 12:49:04 2025] Correct Guess
[Sun Jan  5 12:49:04 2025] Correct Guess
[Sun Jan  5 12:49:04 2025] Correct Guess
[Sun Jan  5 12:49:04 2025] Correct Guess
[Sun Jan  5 12:49:04 2025] Correct Guess
[Sun Jan  5 12:49:04 2025] Correct Guess
[Sun Jan  5 12:49:05 2025] Correct Guess
[Sun Jan  5 12:49:05 2025] Correct Guess
[Sun Jan  5 12:49:05 2025] Correct Guess
[Sun Jan  5 12:49:05 2025] Correct Guess
[Sun Jan  5 12:49:05 2025] Correct Guess
[Sun Jan  5 12:49:05 2025] Correct Guess
[Sun Jan  5 12:49:05 2025] Correct Guess
[Sun Jan  5 12:49:06 2025] Correct Guess
[Sun Jan  5 12:49:07 2025] Correct Guess
[Sun Jan  5 12:49:07 2025] Correct Guess
[Sun Jan  5 12:49:07 2025] Correct Guess
[Sun Jan  5 12:49:08 2025] Correct Guess
[Sun Jan  5 12:49:08 2025] Correct Guess
[Sun Jan  5 12:49:08 2025] Correct Guess
[Sun Jan  5 12:49:08 2025] Correct Guess
[Sun Jan  5 12:49:09 2025] Correct Guess
[Sun Jan  5 12:49:09 2025] Correct Guess
[Sun Jan  5 12:49:09 2025] Correct Guess
[Sun Jan  5 12:49:09 2025] Correct Guess
[Sun Jan  5 12:49:09 2025] Correct Guess
[Sun Jan  5 12:49:10 2025] Correct Guess
[Sun Jan  5 12:49:11 2025] Correct Guess
[Sun Jan  5 12:49:11 2025] Correct Guess
[Sun Jan  5 12:49:12 2025] Correct Guess
[Sun Jan  5 12:59:11 2025] Client Started
[Sun Jan  5 12:59:11 2025] Client Config Loaded
[Sun Jan  5 12:59:11 2025] Socket criado com sucesso
[Sun Jan  5 12:59:11 2025] Conectado ao servidor
[Sun Jan  5 12:59:13 2025] Correct Guess
[Sun Jan  5 12:59:13 2025] Correct Guess
[Sun Jan  5 12:59:13 2025] Correct Guess
[Sun Jan  5 12:59:14 2025] Correct Guess
[Sun Jan  5 12:59:14 2025] Correct Guess
[Sun Jan  5 12:59:14 2025] Correct Guess
[Sun Jan  5 12:59:15 2025] Correct Guess
[Sun Jan  5 12:59:15 2025] Correct Guess
[Sun Jan  5 12:59:15 2025] Correct Guess
[Sun Jan  5 12:59:15 2025] Correct Guess
[Sun Jan  5 12:59:16 2025] Correct Guess
[Sun Jan  5 12:59:16 2025] Correct Guess
[Sun Jan  5 12:59:17 2025] Correct Guess
[Sun Jan  5 12:59:17 2025] Correct Guess
[Sun Jan  5 12:59:17 2025] Correct Guess
[Sun Jan  5 12:59:17 2025] Correct Guess
[Sun Jan  5 12:59:17 2025] Correct Guess
[Sun Jan  5 12:59:17 2025] Correct Guess
[Sun Jan  5 12:59:17 2025] Correct Guess
[Sun Jan  5 12:59:17 2025] Correct Guess
[Sun Jan  5 12:59:18 2025] Correct Guess
[Sun Jan  5 12:59:18 2025] Correct Guess
[Sun Jan  5 12:59:18 2025] Correct Guess
[Sun Jan  5 12:59:18 2025] Correct Guess
[Sun Jan  5 12:59:18 2025] Correct Guess
[Sun Jan  5 12:59:19 2025] Correct Guess
[Sun Jan  5 12:59:19 2025] Correct Guess
[Sun Jan  5 12:59:19 2025] Correct Guess
[Sun Jan  5 12:59:19 2025] Correct Guess
[Sun Jan  5 12:59:20 2025] Correct Guess
[Sun Jan  5 12:59:20 2025] Correct Guess
[Sun Jan  5 12:59:21 2025] Correct Guess
[Sun Jan  5 12:59:22 2025] Correct Guess
[Sun Jan  5 12:59:22 2025] Correct Guess
[Sun Jan  5 12:59:22 2025] Correct Guess
[Sun Jan  5 12:59:22 2025] Correct Guess
[Sun Jan  5 12:59:22 2025] Correct Guess
[Sun Jan  5 12:59:22 2025] Correct Guess
[Sun Jan  5 12:59:23 2025] Correct Guess
[Sun Jan  5 12:59:23 2025] Correct Guess
[Sun Jan  5 12:59:23 2025] Correct Guess
[Sun Jan  5 12:59:23 2025] Correct Guess
[Sun Jan  5 12:59:24 2025] Correct Guess
[Sun Jan  5 12:59:24 2025] Correct Guess
[Sun Jan  5 12:59:24 2025] Correct Guess
[Sun Jan  5 12:59:24 2025] Correct Guess
[Sun Jan  5 12:59:24 2025] Correct Guess
[Sun Jan  5 12:59:24 2025] Correct Guess
[Sun Jan  5 12:59:24 2025] Correct Guess
[Sun Jan  5 12:59:24 2025] Correct Guess
[Sun Jan  5 12:59:24 2025] Correct Guess
[Sun Jan  5 12:59:24 2025] Correct Guess
[Sun Jan  5 13:01:13 2025] Client Started
[Sun Jan  5 13:01:13 2025] Client Config Loaded
[Sun Jan  5 13:01:13 2025] Socket criado com sucesso
[Sun Jan  5 13:01:13 2025] Conectado ao servidor
[Sun Jan  5 13:01:15 2025] Correct Guess
[Sun Jan  5 13:01:15 2025] Correct Guess
[Sun Jan  5 13:01:15 2025] Correct Guess
[Sun Jan  5 13:01:15 2025] Correct Guess
[Sun Jan  5 13:01:15 2025] Correct Guess
[Sun Jan  5 13:01:16 2025] Correct Guess
[Sun Jan  5 13:01:16 2025] Correct Guess
[Sun Jan  5 13:01:16 2025] Correct Guess
[Sun Jan  5 13:01:17 2025] Correct Guess
[Sun Jan  5 13:01:17 2025] Correct Guess
[Sun Jan  5 13:01:18 2025] Correct Guess
[Sun Jan  5 13:01:18 2025] Correct Guess
[Sun Jan  5 13:01:18 2025] Correct Guess
[Sun Jan  5 13:01:18 2025] Correct Guess
[Sun Jan  5 13:01:18 2025] Correct Guess
[Sun Jan  5 13:01:18 2025] Correct Guess
[Sun Jan  5 13:01:18 2025] Correct Guess
[Sun Jan  5 13:01:18 2025] Correct Guess
[Sun Jan  5 13:01:19 2025] Correct Guess
[Sun Jan  5 13:01:19 2025] Correct Guess
[Sun Jan  5 13:01:19 2025] Correct Guess
[Sun Jan  5 13:01:20 2025] Correct Guess
[Sun Jan  5 13:01:20 2025] Correct Guess
[Sun Jan  5 13:01:20 2025] Correct Guess
[Sun Jan  5 13:01:21 2025] Correct Guess
[Sun Jan  5 13:01:21 2025] Correct Guess
[Sun Jan  5 13:01:21 2025] Correct Guess
[Sun Jan  5 13:01:22 2025] Correct Guess
[Sun Jan  5 13:01:22 2025] Correct Guess
[Sun Jan  5 13:01:23 2025] Correct Guess
[Sun Jan  5 13:01:23 2025] Correct Guess
[Sun Jan  5 13:01:23 2025] Correct Guess
[Sun Jan  5 13:01:23 2025] Correct Guess
[Sun Jan  5 13:01:24 2025] Correct Guess
[Sun Jan  5 13:01:24 2025] Correct Guess
[Sun Jan  5 13:01:24 2025] Correct Guess
[Sun Jan  5 13:01:25 2025] Correct Guess
[Sun Jan  5 13:01:26 2025] Correct Guess
[Sun Jan  5 13:01:26 2025] Correct Guess
[Sun Jan  5 13:01:26 2025] Correct Guess
[Sun Jan  5 13:01:26 2025] Correct Guess
[Sun Jan  5 13:01:26 2025] Correct Guess
[Sun Jan  5 13:01:26 2025] Correct Guess
[Sun Jan  5 13:01:26 2025] Correct Guess
[Sun Jan  5 13:01:27 2025] Correct Guess
[Sun Jan  5 13:01:27 2025] Correct Guess
[Sun Jan  5 13:01:27 2025] Correct Guess
[Sun Jan  5 13:01:27 2025] Correct Guess
[Sun Jan  5 13:01:27 2025] Correct Guess
[Sun Jan  5 13:01:27 2025] Correct Guess
[Sun Jan  5 13:01:28 2025] Correct Guess
[Sun Jan  5 13:01:28 2025] Correct Guess
[Sun Jan  5 13:01:28 2025] Correct Guess
[Sun Jan  5 13:01:28 2025] Correct Guess
[Sun Jan  5 13:01:28 2025] Correct Guess
[Sun Jan  5 13:01:29 2025] Correct Guess
[Sun Jan  5 13:01:29 2025] Correct Guess
[Sun Jan  5 13:01:30 2025] Correct Guess
[Sun Jan  5 13:01:30 2025] Correct Guess
[Sun Jan  5 13:01:30 2025] Correct Guess
[Sun Jan  5 13:01:31 2025] Correct Guess
[Sun Jan  5 13:01:31 2025] Correct Guess
[Sun Jan  5 13:01:31 2025] Correct Guess
[Sun Jan  5 13:01:31 2025] Correct Guess
[Sun Jan  5 13:01:31 2025] Correct Guess
[Sun Jan  5 13:01:31 2025] Correct Guess
[Sun Jan  5 13:01:31 2025] Correct Guess
[Sun Jan  5 13:01:32 2025] Correct Guess
[Sun Jan  5 13:01:32 2025] Correct Guess
[Sun Jan  5 13:01:33 2025] Correct Guess
[Sun Jan  5 13:01:33 2025] Correct Guess
[Sun Jan  5 13:01:33 2025] Correct Guess
[Sun Jan  5 13:01:33 2025] Correct Guess
[Sun Jan  5 13:01:34 2025] Correct Guess
[Sun Jan  5 13:01:34 2025] Correct Guess
[Sun Jan  5 13:01:34 2025] Correct Guess
[Sun Jan  5 13:01:35 2025] Correct Guess
[Sun Jan  5 13:01:35 2025] Correct Guess
[Sun Jan  5 13:01:35 2025] Correct Guess
[Sun Jan  5 13:01:35 2025] Correct Guess
[Sun Jan  5 13:01:35 2025] Correct Guess
[Sun Jan  5 13:01:36 2025] Correct Guess
[Sun Jan  5 13:01:36 2025] Correct Guess
[Sun Jan  5 13:01:36 2025] Correct Guess
[Sun Jan  5 13:01:36 2025] Correct Guess
[Sun Jan  5 13:01:37 2025] Correct Guess
[Sun Jan  5 13:01:39 2025] Correct Guess
[Sun Jan  5 13:01:39 2025] Correct Guess
[Sun Jan  5 13:01:39 2025] Correct Guess
[Sun Jan  5 13:01:39 2025] Correct Guess
[Sun Jan  5 13:01:39 2025] Correct Guess
[Sun Jan  5 13:01:39 2025] Correct Guess
[Sun Jan  5 13:01:41 2025] Correct Guess
[Sun Jan  5 13:01:45 2025] Correct Guess
[Sun Jan  5 13:01:50 2025] Correct Guess
[Sun Jan  5 13:02:55 2025] Correct Guess
[Sun Jan  5 13:04:17 2025] Client Started
[Sun Jan  5 13:04:17 2025] Client Config Loaded
[Sun Jan  5 13:04:17 2025] Socket criado com sucesso
[Sun Jan  5 13:04:17 2025] Conectado ao servidor
[Sun Jan  5 13:04:20 2025] Correct Guess
[Sun Jan  5 13:04:20 2025] Correct Guess
[Sun Jan  5 13:04:21 2025] Correct Guess
[Sun Jan  5 13:04:21 2025] Correct Guess
[Sun Jan  5 13:04:21 2025] Correct Guess
[Sun Jan  5 13:04:22 2025] Correct Guess
[Sun Jan  5 13:04:22 2025] Correct Guess
[Sun Jan  5 13:04:22 2025] Correct Guess
[Sun Jan  5 13:04:22 2025] Correct Guess
[Sun Jan  5 13:04:22 2025] Correct Guess
[Sun Jan  5 13:04:23 2025] Correct Guess
[Sun Jan  5 13:04:23 2025] Correct Guess
[Sun Jan  5 13:04:24 2025] Correct Guess
[Sun Jan  5 13:04:24 2025] Correct Guess
[Sun Jan  5 13:04:24 2025] Correct Guess
[Sun Jan  5 13:04:25 2025] Correct Guess
[Sun Jan  5 13:04:25 2025] Correct Guess
[Sun Jan  5 13:04:26 2025] Correct Guess
[Sun Jan  5 13:04:26 2025] Correct Guess
[Sun Jan  5 13:04:26 2025] Correct Guess
[Sun Jan  5 13:04:26 2025] Correct Guess
[Sun Jan  5 13:04:27 2025] Correct Guess
[Sun Jan  5 13:04:27 2025] Correct Guess
[Sun Jan  5 13:04:27 2025] Correct Guess
[Sun Jan  5 13:04:27 2025] Correct Guess
[Sun Jan  5 13:04:28 2025] Correct Guess
[Sun Jan  5 13:04:28 2025] Correct Guess
[Sun Jan  5 13:04:28 2025] Correct Guess
[Sun Jan  5 13:04:28 2025] Correct Guess
[Sun Jan  5 13:04:28 2025] Correct Guess
[Sun Jan  5 13:04:30 2025] Correct Guess
[Sun Jan  5 13:04:31 2025] Correct Guess
[Sun Jan  5 13:04:31 2025] Correct Guess
[Sun Jan  5 13:04:31 2025] Correct Guess
[Sun Jan  5 13:04:31 2025] Correct Guess
[Sun Jan  5 13:04:31 2025] Correct Guess
[Sun Jan  5 13:04:31 2025] Correct Guess
[Sun Jan  5 13:04:31 2025] Correct Guess
[Sun Jan  5 13:04:32 2025] Correct Guess
[Sun Jan  5 13:04:32 2025] Correct Guess
[Sun Jan  5 13:04:32 2025] Correct Guess
[Sun Jan  5 13:04:32 2025] Correct Guess
[Sun Jan  5 13:04:32 2025] Correct Guess
[Sun Jan  5 13:04:32 2025] Correct Guess
[Sun Jan  5 13:04:33 2025] Correct Guess
[Sun Jan  5 13:04:33 2025] Correct Guess
[Sun Jan  5 13:04:33 2025] Correct Guess
[Sun Jan  5 13:04:33 2025] Correct Guess
[Sun Jan  5 13:04:34 2025] Correct Guess
[Sun Jan  5 13:04:34 2025] Correct Guess
[Sun Jan  5 13:04:34 2025] Correct Guess
[Sun Jan  5 13:04:34 2025] Correct Guess
[Sun Jan  5 13:04:35 2025] Correct Guess
[Sun Jan  5 13:04:35 2025] Correct Guess
[Sun Jan  5 13:04:35 2025] Correct Guess
[Sun Jan  5 13:04:35 2025] Correct Guess
[Sun Jan  5 13:04:36 2025] Correct Guess
[Sun Jan  5 13:04:36 2025] Correct Guess
[Sun Jan  5 13:04:37 2025] Correct Guess
[Sun Jan  5 13:04:37 2025] Correct Guess
[Sun Jan  5 13:04:37 2025] Correct Guess
[Sun Jan  5 13:04:37 2025] Correct Guess
[Sun Jan  5 13:04:37 2025] Correct Guess
[Sun Jan  5 13:04:38 2025] Correct Guess
[Sun Jan  5 13:04:38 2025] Correct Guess
[Sun Jan  5 13:04:38 2025] Correct Guess
[Sun Jan  5 13:04:38 2025] Correct Guess
[Sun Jan  5 13:04:39 2025] Correct Guess
[Sun Jan  5 13:04:39 2025] Correct Guess
[Sun Jan  5 13:04:39 2025] Correct Guess
[Sun Jan  5 13:04:40 2025] Correct Guess
[Sun Jan  5 13:04:40 2025] Correct Guess
[Sun Jan  5 13:04:40 2025] Correct Guess
[Sun Jan  5 13:04:40 2025] Correct Guess
[Sun Jan  5 13:04:40 2025] Correct Guess
[Sun Jan  5 13:04:40 2025] Correct Guess
[Sun Jan  5 13:04:40 2025] Correct Guess
[Sun Jan  5 13:04:40 2025] Correct Guess
[Sun Jan  5 13:04:40 2025] Correct Guess
[Sun Jan  5 13:04:41 2025] Correct Guess
[Sun Jan  5 13:04:41 2025] Correct Guess
[Sun Jan  5 13:04:41 2025] Correct Guess
[Sun Jan  5 13:04:41 2025] Correct Guess
[Sun Jan  5 13:04:41 2025] Correct Guess
[Sun Jan  5 13:04:42 2025] Correct Guess
[Sun Jan  5 13:04:42 2025] Correct Guess
[Sun Jan  5 13:04:42 2025] Correct Guess
[Sun Jan  5 13:04:42 2025] Correct Guess
[Sun Jan  5 13:04:42 2025] Correct Guess
