[Sun Jan  5 11:27:49 2025] Client Started
[Sun Jan  5 11:27:49 2025] Client Config Loaded
[Sun Jan  5 11:27:52 2025] Socket criado com sucesso
[Sun Jan  5 11:27:52 2025] Conectado ao servidor
[Sun Jan  5 11:28:10 2025] Correct Guess
[Sun Jan  5 11:28:10 2025] Correct Guess
[Sun Jan  5 11:28:12 2025] Correct Guess
[Sun Jan  5 11:28:17 2025] Correct Guess
[Sun Jan  5 11:28:18 2025] Correct Guess
[Sun Jan  5 11:28:22 2025] Correct Guess
[Sun Jan  5 11:28:27 2025] Correct Guess
[Sun Jan  5 11:28:28 2025] Correct Guess
[Sun Jan  5 11:28:29 2025] Correct Guess
[Sun Jan  5 11:28:32 2025] Correct Guess
[Sun Jan  5 11:28:36 2025] Correct Guess
[Sun Jan  5 11:28:37 2025] Correct Guess
[Sun Jan  5 11:28:45 2025] Correct Guess
[Sun Jan  5 11:28:45 2025] Correct Guess
[Sun Jan  5 11:28:46 2025] Correct Guess
[Sun Jan  5 11:28:47 2025] Correct Guess
[Sun Jan  5 11:28:48 2025] Correct Guess
[Sun Jan  5 11:28:49 2025] Correct Guess
[Sun Jan  5 11:28:51 2025] Correct Guess
[Sun Jan  5 11:28:51 2025] Correct Guess
[Sun Jan  5 11:29:59 2025] Correct Guess
[Sun Jan  5 11:30:07 2025] Correct Guess
[Sun Jan  5 11:30:11 2025] Correct Guess
[Sun Jan  5 11:30:12 2025] Correct Guess
[Sun Jan  5 11:30:14 2025] Correct Guess
[Sun Jan  5 11:30:22 2025] Correct Guess
[Sun Jan  5 11:30:23 2025] Correct Guess
[Sun Jan  5 11:30:24 2025] Correct Guess
[Sun Jan  5 11:30:28 2025] Correct Guess
[Sun Jan  5 11:30:33 2025] Correct Guess
[Sun Jan  5 11:30:34 2025] Correct Guess
[Sun Jan  5 11:30:39 2025] Correct Guess
[Sun Jan  5 11:30:42 2025] Correct Guess
[Sun Jan  5 11:30:48 2025] Correct Guess
[Sun Jan  5 11:30:59 2025] Correct Guess
[Sun Jan  5 11:30:59 2025] Correct Guess
[Sun Jan  5 11:31:00 2025] Correct Guess
[Sun Jan  5 11:31:04 2025] Correct Guess
[Sun Jan  5 11:31:06 2025] Correct Guess
[Sun Jan  5 11:31:09 2025] Correct Guess
[Sun Jan  5 11:31:10 2025] Correct Guess
[Sun Jan  5 11:31:11 2025] Correct Guess
[Sun Jan  5 11:31:11 2025] Correct Guess
[Sun Jan  5 11:31:12 2025] Correct Guess
[Sun Jan  5 11:31:12 2025] Correct Guess
[Sun Jan  5 11:31:13 2025] Correct Guess
[Sun Jan  5 11:31:14 2025] Correct Guess
[Sun Jan  5 11:31:14 2025] Correct Guess
[Sun Jan  5 11:31:15 2025] Correct Guess
[Sun Jan  5 11:31:15 2025] Correct Guess
[Sun Jan  5 11:31:17 2025] Correct Guess
[Sun Jan  5 11:31:17 2025] Correct Guess
[Sun Jan  5 11:31:18 2025] Correct Guess
[Sun Jan  5 11:31:18 2025] Correct Guess
[Sun Jan  5 11:31:20 2025] Correct Guess
[Sun Jan  5 11:32:28 2025] Client Started
[Sun Jan  5 11:32:28 2025] Client Config Loaded
[Sun Jan  5 11:32:31 2025] Socket criado com sucesso
[Sun Jan  5 11:32:31 2025] Conectado ao servidor
[Sun Jan  5 11:33:14 2025] Client Started
[Sun Jan  5 11:33:14 2025] Client Config Loaded
[Sun Jan  5 11:33:16 2025] Socket criado com sucesso
[Sun Jan  5 11:33:16 2025] Conectado ao servidor
[Sun Jan  5 12:40:24 2025] Client Started
[Sun Jan  5 12:40:24 2025] Client Config Loaded
[Sun Jan  5 12:40:27 2025] Socket criado com sucesso
[Sun Jan  5 12:40:27 2025] Conectado ao servidor
[Sun Jan  5 12:40:29 2025] Client Started
[Sun Jan  5 12:40:29 2025] Client Config Loaded
[Sun Jan  5 12:40:30 2025] Socket criado com sucesso
[Sun Jan  5 12:40:30 2025] Conectado ao servidor
[Sun Jan  5 12:40:38 2025] Correct Guess
[Sun Jan  5 12:40:58 2025] Correct Guess
[Sun Jan  5 12:41:01 2025] Correct Guess
[Sun Jan  5 12:41:02 2025] Correct Guess
[Sun Jan  5 12:41:03 2025] Correct Guess
[Sun Jan  5 12:41:07 2025] Correct Guess
[Sun Jan  5 12:41:09 2025] Correct Guess
[Sun Jan  5 12:41:10 2025] Correct Guess
[Sun Jan  5 12:41:12 2025] Correct Guess
[Sun Jan  5 12:41:13 2025] Correct Guess
[Sun Jan  5 12:41:17 2025] Correct Guess
[Sun Jan  5 12:41:18 2025] Correct Guess
[Sun Jan  5 12:41:26 2025] Correct Guess
[Sun Jan  5 12:42:14 2025] Correct Guess
[Sun Jan  5 12:42:15 2025] Correct Guess
[Sun Jan  5 12:42:16 2025] Correct Guess
[Sun Jan  5 12:42:20 2025] Correct Guess
[Sun Jan  5 12:42:20 2025] Correct Guess
[Sun Jan  5 12:42:21 2025] Correct Guess
[Sun Jan  5 12:42:22 2025] Correct Guess
[Sun Jan  5 12:42:23 2025] Correct Guess
[Sun Jan  5 12:42:25 2025] Correct Guess
[Sun Jan  5 12:43:55 2025] Correct Guess
[Sun Jan  5 12:44:00 2025] Correct Guess
[Sun Jan  5 12:44:02 2025] Correct Guess
[Sun Jan  5 12:44:11 2025] Correct Guess
[Sun Jan  5 12:44:11 2025] Correct Guess
[Sun Jan  5 12:44:15 2025] Correct Guess
[Sun Jan  5 12:44:15 2025] Correct Guess
[Sun Jan  5 12:44:36 2025] Correct Guess
[Sun Jan  5 12:44:37 2025] Correct Guess
[Sun Jan  5 12:44:39 2025] Correct Guess
[Sun Jan  5 12:44:40 2025] Correct Guess
[Sun Jan  5 12:44:42 2025] Correct Guess
[Sun Jan  5 12:44:44 2025] Correct Guess
[Sun Jan  5 12:44:44 2025] Correct Guess
[Sun Jan  5 12:44:46 2025] Correct Guess
[Sun Jan  5 12:44:51 2025] Correct Guess
[Sun Jan  5 12:45:03 2025] Correct Guess
[Sun Jan  5 12:45:05 2025] Correct Guess
[Sun Jan  5 12:45:07 2025] Correct Guess
[Sun Jan  5 12:45:08 2025] Correct Guess
[Sun Jan  5 12:45:10 2025] Correct Guess
[Sun Jan  5 12:45:11 2025] Correct Guess
[Sun Jan  5 12:45:11 2025] Correct Guess
[Sun Jan  5 12:45:12 2025] Correct Guess
[Sun Jan  5 12:45:16 2025] Correct Guess
[Sun Jan  5 12:45:17 2025] Correct Guess
[Sun Jan  5 12:45:18 2025] Correct Guess
[Sun Jan  5 12:45:21 2025] Correct Guess
[Sun Jan  5 12:45:24 2025] Correct Guess
[Sun Jan  5 12:45:25 2025] Correct Guess
[Sun Jan  5 12:45:25 2025] Correct Guess
[Sun Jan  5 12:45:26 2025] Correct Guess
[Sun Jan  5 12:45:31 2025] Correct Guess
[Sun Jan  5 12:49:50 2025] Client Started
[Sun Jan  5 12:49:50 2025] Client Config Loaded
[Sun Jan  5 12:49:53 2025] Socket criado com sucesso
[Sun Jan  5 12:49:53 2025] Conectado ao servidor
[Sun Jan  5 12:49:57 2025] Correct Guess
[Sun Jan  5 12:50:27 2025] Correct Guess
[Sun Jan  5 12:50:30 2025] Correct Guess
[Sun Jan  5 12:50:31 2025] Correct Guess
[Sun Jan  5 12:50:32 2025] Correct Guess
[Sun Jan  5 12:50:34 2025] Correct Guess
[Sun Jan  5 12:50:37 2025] Correct Guess
[Sun Jan  5 12:50:37 2025] Correct Guess
[Sun Jan  5 12:50:38 2025] Correct Guess
[Sun Jan  5 12:50:41 2025] Correct Guess
[Sun Jan  5 12:50:42 2025] Correct Guess
[Sun Jan  5 12:50:43 2025] Correct Guess
[Sun Jan  5 12:50:50 2025] Correct Guess
[Sun Jan  5 12:50:52 2025] Correct Guess
[Sun Jan  5 12:50:53 2025] Correct Guess
[Sun Jan  5 12:50:54 2025] Correct Guess
[Sun Jan  5 12:50:55 2025] Correct Guess
[Sun Jan  5 12:50:56 2025] Correct Guess
[Sun Jan  5 12:51:00 2025] Correct Guess
[Sun Jan  5 12:51:01 2025] Correct Guess
[Sun Jan  5 12:51:02 2025] Correct Guess
[Sun Jan  5 12:51:03 2025] Correct Guess
[Sun Jan  5 12:51:04 2025] Correct Guess
[Sun Jan  5 12:51:05 2025] Correct Guess
[Sun Jan  5 12:51:06 2025] Correct Guess
[Sun Jan  5 12:51:09 2025] Correct Guess
[Sun Jan  5 12:51:10 2025] Correct Guess
[Sun Jan  5 12:51:11 2025] Correct Guess
[Sun Jan  5 12:51:14 2025] Correct Guess
[Sun Jan  5 12:51:16 2025] Correct Guess
[Sun Jan  5 12:51:17 2025] Correct Guess
[Sun Jan  5 12:51:21 2025] Correct Guess
[Sun Jan  5 12:51:21 2025] Correct Guess
[Sun Jan  5 12:51:23 2025] Correct Guess
[Sun Jan  5 12:51:26 2025] Correct Guess
[Sun Jan  5 12:51:27 2025] Correct Guess
[Sun Jan  5 12:51:28 2025] Correct Guess
[Sun Jan  5 12:51:32 2025] Correct Guess
[Sun Jan  5 12:51:40 2025] Correct Guess
[Sun Jan  5 12:51:42 2025] Correct Guess
[Sun Jan  5 12:51:43 2025] Correct Guess
[Sun Jan  5 12:51:43 2025] Correct Guess
[Sun Jan  5 12:51:44 2025] Correct Guess
[Sun Jan  5 12:51:44 2025] Correct Guess
[Sun Jan  5 12:51:45 2025] Correct Guess
[Sun Jan  5 12:51:46 2025] Correct Guess
[Sun Jan  5 12:51:46 2025] Correct Guess
[Sun Jan  5 12:51:47 2025] Correct Guess
[Sun Jan  5 12:51:47 2025] Correct Guess
[Sun Jan  5 12:51:48 2025] Correct Guess
[Sun Jan  5 12:51:49 2025] Correct Guess
[Sun Jan  5 12:51:49 2025] Correct Guess
[Sun Jan  5 12:51:50 2025] Correct Guess
[Sun Jan  5 12:51:50 2025] Correct Guess
[Sun Jan  5 12:51:52 2025] Correct Guess
[Sun Jan  5 12:52:21 2025] Correct Guess
[Sun Jan  5 12:52:28 2025] Correct Guess
[Sun Jan  5 12:52:32 2025] Correct Guess
[Sun Jan  5 12:52:39 2025] Correct Guess
[Sun Jan  5 12:53:21 2025] Correct Guess
[Sun Jan  5 12:53:26 2025] Correct Guess
[Sun Jan  5 12:53:28 2025] Correct Guess
[Sun Jan  5 12:53:29 2025] Correct Guess
[Sun Jan  5 12:53:30 2025] Correct Guess
[Sun Jan  5 12:53:31 2025] Correct Guess
[Sun Jan  5 12:53:34 2025] Correct Guess
[Sun Jan  5 12:53:34 2025] Correct Guess
[Sun Jan  5 12:54:02 2025] Correct Guess
[Sun Jan  5 12:54:08 2025] Correct Guess
[Sun Jan  5 12:54:14 2025] Correct Guess
[Sun Jan  5 12:54:21 2025] Correct Guess
[Sun Jan  5 12:54:29 2025] Correct Guess
[Sun Jan  5 12:54:32 2025] Correct Guess
[Sun Jan  5 12:54:36 2025] Correct Guess
[Sun Jan  5 12:54:37 2025] Correct Guess
[Sun Jan  5 12:54:42 2025] Correct Guess
[Sun Jan  5 12:54:59 2025] Correct Guess
[Sun Jan  5 12:55:09 2025] Correct Guess
[Sun Jan  5 12:55:24 2025] Correct Guess
