[Sun Jan  5 13:21:22 2025] Client Started
[Sun Jan  5 13:21:22 2025] Client Config Loaded
[Sun Jan  5 13:21:22 2025] Socket criado com sucesso
[Sun Jan  5 13:21:22 2025] Conectado ao servidor
[Sun Jan  5 13:21:22 2025] Client Started
[Sun Jan  5 13:21:22 2025] Client Config Loaded
[Sun Jan  5 13:21:22 2025] Socket criado com sucesso
[Sun Jan  5 13:21:22 2025] Conectado ao servidor
[Sun Jan  5 13:21:22 2025] Client Started
[Sun Jan  5 13:21:22 2025] Client Config Loaded
[Sun Jan  5 13:21:22 2025] Socket criado com sucesso
[Sun Jan  5 13:21:22 2025] Conectado ao servidor
[Sun Jan  5 13:21:42 2025] Client Started
[Sun Jan  5 13:21:42 2025] Client Config Loaded
[Sun Jan  5 13:21:42 2025] Socket criado com sucesso
[Sun Jan  5 13:21:42 2025] Conectado ao servidor
[Sun Jan  5 13:21:43 2025] Client Started
[Sun Jan  5 13:21:43 2025] Client Config Loaded
[Sun Jan  5 13:21:43 2025] Socket criado com sucesso
[Sun Jan  5 13:21:43 2025] Conectado ao servidor
[Sun Jan  5 13:21:44 2025] Client Started
[Sun Jan  5 13:21:44 2025] Client Config Loaded
[Sun Jan  5 13:21:44 2025] Socket criado com sucesso
[Sun Jan  5 13:21:44 2025] Conectado ao servidor
[Sun Jan  5 13:23:03 2025] Client Started
[Sun Jan  5 13:23:03 2025] Client Config Loaded
[Sun Jan  5 13:23:03 2025] Socket criado com sucesso
[Sun Jan  5 13:23:03 2025] Conectado ao servidor
[Sun Jan  5 13:23:04 2025] Client Started
[Sun Jan  5 13:23:04 2025] Client Config Loaded
[Sun Jan  5 13:23:04 2025] Socket criado com sucesso
[Sun Jan  5 13:23:04 2025] Conectado ao servidor
[Sun Jan  5 13:23:06 2025] Client Started
[Sun Jan  5 13:23:06 2025] Client Config Loaded
[Sun Jan  5 13:23:06 2025] Socket criado com sucesso
[Sun Jan  5 13:23:06 2025] Conectado ao servidor
[Sun Jan  5 13:31:20 2025] Client Started
[Sun Jan  5 13:31:20 2025] Client Config Loaded
[Sun Jan  5 13:31:20 2025] Socket criado com sucesso
[Sun Jan  5 13:31:20 2025] Conectado ao servidor
[Sun Jan  5 13:31:20 2025] Client Started
[Sun Jan  5 13:31:20 2025] Client Config Loaded
[Sun Jan  5 13:31:20 2025] Socket criado com sucesso
[Sun Jan  5 13:31:20 2025] Conectado ao servidor
[Sun Jan  5 13:31:21 2025] Client Started
[Sun Jan  5 13:31:21 2025] Client Config Loaded
[Sun Jan  5 13:31:21 2025] Socket criado com sucesso
[Sun Jan  5 13:31:21 2025] Conectado ao servidor
[Sun Jan  5 13:32:21 2025] Client Started
[Sun Jan  5 13:32:21 2025] Client Config Loaded
[Sun Jan  5 13:32:21 2025] Socket criado com sucesso
[Sun Jan  5 13:32:21 2025] Conectado ao servidor
[Sun Jan  5 13:32:22 2025] Client Started
[Sun Jan  5 13:32:22 2025] Client Config Loaded
[Sun Jan  5 13:32:22 2025] Socket criado com sucesso
[Sun Jan  5 13:32:22 2025] Conectado ao servidor
[Sun Jan  5 13:32:25 2025] Client Started
[Sun Jan  5 13:32:25 2025] Client Config Loaded
[Sun Jan  5 13:32:25 2025] Socket criado com sucesso
[Sun Jan  5 13:32:25 2025] Conectado ao servidor
[Sun Jan  5 13:34:49 2025] Client Started
[Sun Jan  5 13:34:49 2025] Client Config Loaded
[Sun Jan  5 13:34:49 2025] Socket criado com sucesso
[Sun Jan  5 13:34:49 2025] Conectado ao servidor
[Sun Jan  5 13:34:50 2025] Client Started
[Sun Jan  5 13:34:50 2025] Client Config Loaded
[Sun Jan  5 13:34:50 2025] Socket criado com sucesso
[Sun Jan  5 13:34:50 2025] Conectado ao servidor
[Sun Jan  5 13:34:51 2025] Client Started
[Sun Jan  5 13:34:51 2025] Client Config Loaded
[Sun Jan  5 13:34:51 2025] Socket criado com sucesso
[Sun Jan  5 13:34:51 2025] Conectado ao servidor
[Sun Jan  5 13:35:54 2025] Client Started
[Sun Jan  5 13:35:54 2025] Client Config Loaded
[Sun Jan  5 13:35:54 2025] Socket criado com sucesso
[Sun Jan  5 13:35:54 2025] Conectado ao servidor
[Sun Jan  5 13:35:56 2025] Client Started
[Sun Jan  5 13:35:56 2025] Client Config Loaded
[Sun Jan  5 13:35:56 2025] Socket criado com sucesso
[Sun Jan  5 13:35:56 2025] Conectado ao servidor
[Sun Jan  5 13:35:58 2025] Client Started
[Sun Jan  5 13:35:58 2025] Client Config Loaded
[Sun Jan  5 13:35:58 2025] Socket criado com sucesso
[Sun Jan  5 13:35:58 2025] Conectado ao servidor
[Sun Jan  5 13:36:53 2025] Client Started
[Sun Jan  5 13:36:53 2025] Client Config Loaded
[Sun Jan  5 13:36:53 2025] Socket criado com sucesso
[Sun Jan  5 13:36:53 2025] Conectado ao servidor
[Sun Jan  5 13:36:55 2025] Client Started
[Sun Jan  5 13:36:55 2025] Client Config Loaded
[Sun Jan  5 13:36:55 2025] Socket criado com sucesso
[Sun Jan  5 13:36:55 2025] Conectado ao servidor
[Sun Jan  5 13:36:56 2025] Client Started
[Sun Jan  5 13:36:56 2025] Client Config Loaded
[Sun Jan  5 13:36:56 2025] Socket criado com sucesso
[Sun Jan  5 13:36:56 2025] Conectado ao servidor
[Sun Jan  5 13:39:10 2025] Client Started
[Sun Jan  5 13:39:10 2025] Client Config Loaded
[Sun Jan  5 13:39:10 2025] Socket criado com sucesso
[Sun Jan  5 13:39:10 2025] Conectado ao servidor
[Sun Jan  5 13:39:11 2025] Client Started
[Sun Jan  5 13:39:11 2025] Client Config Loaded
[Sun Jan  5 13:39:11 2025] Socket criado com sucesso
[Sun Jan  5 13:39:11 2025] Conectado ao servidor
[Sun Jan  5 13:39:13 2025] Client Started
[Sun Jan  5 13:39:13 2025] Client Config Loaded
[Sun Jan  5 13:39:13 2025] Socket criado com sucesso
[Sun Jan  5 13:39:13 2025] Conectado ao servidor
[Sun Jan  5 13:44:02 2025] Client Started
[Sun Jan  5 13:44:02 2025] Client Config Loaded
[Sun Jan  5 13:44:02 2025] Socket criado com sucesso
[Sun Jan  5 13:44:02 2025] Conectado ao servidor
[Sun Jan  5 13:44:04 2025] Client Started
[Sun Jan  5 13:44:04 2025] Client Config Loaded
[Sun Jan  5 13:44:04 2025] Socket criado com sucesso
[Sun Jan  5 13:44:04 2025] Conectado ao servidor
[Sun Jan  5 13:44:06 2025] Client Started
[Sun Jan  5 13:44:06 2025] Client Config Loaded
[Sun Jan  5 13:44:06 2025] Socket criado com sucesso
[Sun Jan  5 13:44:06 2025] Conectado ao servidor
[Sun Jan  5 13:44:28 2025] Correct Guess
[Sun Jan  5 13:48:02 2025] Client Started
[Sun Jan  5 13:48:02 2025] Client Config Loaded
[Sun Jan  5 13:48:02 2025] Socket criado com sucesso
[Sun Jan  5 13:48:02 2025] Conectado ao servidor
[Sun Jan  5 13:48:03 2025] Client Started
[Sun Jan  5 13:48:03 2025] Client Config Loaded
[Sun Jan  5 13:48:03 2025] Socket criado com sucesso
[Sun Jan  5 13:48:03 2025] Conectado ao servidor
[Sun Jan  5 13:48:04 2025] Client Started
[Sun Jan  5 13:48:04 2025] Client Config Loaded
[Sun Jan  5 13:48:04 2025] Socket criado com sucesso
[Sun Jan  5 13:48:04 2025] Conectado ao servidor
[Sun Jan  5 13:54:48 2025] Client Started
[Sun Jan  5 13:54:48 2025] Client Config Loaded
[Sun Jan  5 13:54:48 2025] Socket criado com sucesso
[Sun Jan  5 13:54:48 2025] Conectado ao servidor
[Sun Jan  5 13:54:49 2025] Client Started
[Sun Jan  5 13:54:49 2025] Client Config Loaded
[Sun Jan  5 13:54:49 2025] Socket criado com sucesso
[Sun Jan  5 13:54:49 2025] Conectado ao servidor
[Sun Jan  5 13:54:51 2025] Client Started
[Sun Jan  5 13:54:51 2025] Client Config Loaded
[Sun Jan  5 13:54:51 2025] Socket criado com sucesso
[Sun Jan  5 13:54:51 2025] Conectado ao servidor
[Sun Jan  5 14:45:58 2025] Client Started
[Sun Jan  5 14:45:58 2025] Client Config Loaded
[Sun Jan  5 14:45:58 2025] Socket criado com sucesso
[Sun Jan  5 14:45:58 2025] Conectado ao servidor
[Sun Jan  5 14:45:59 2025] Client Started
[Sun Jan  5 14:45:59 2025] Client Config Loaded
[Sun Jan  5 14:45:59 2025] Socket criado com sucesso
[Sun Jan  5 14:45:59 2025] Conectado ao servidor
[Sun Jan  5 14:46:01 2025] Client Started
[Sun Jan  5 14:46:01 2025] Client Config Loaded
[Sun Jan  5 14:46:01 2025] Socket criado com sucesso
[Sun Jan  5 14:46:01 2025] Conectado ao servidor
