[Sun Jan  5 11:58:02 2025] Client Started
[Sun Jan  5 11:58:02 2025] Client Config Loaded
[Sun Jan  5 11:58:02 2025] Socket criado com sucesso
[Sun Jan  5 11:58:02 2025] Conectado ao servidor
[Sun Jan  5 11:58:04 2025] Correct Guess
[Sun Jan  5 11:58:04 2025] Correct Guess
[Sun Jan  5 11:58:05 2025] Correct Guess
[Sun Jan  5 11:58:05 2025] Correct Guess
[Sun Jan  5 11:58:05 2025] Correct Guess
[Sun Jan  5 11:58:06 2025] Correct Guess
[Sun Jan  5 11:58:06 2025] Correct Guess
[Sun Jan  5 11:58:06 2025] Correct Guess
[Sun Jan  5 11:58:06 2025] Correct Guess
[Sun Jan  5 11:58:06 2025] Correct Guess
[Sun Jan  5 11:58:06 2025] Correct Guess
[Sun Jan  5 11:58:06 2025] Correct Guess
[Sun Jan  5 11:58:06 2025] Correct Guess
[Sun Jan  5 11:58:06 2025] Correct Guess
[Sun Jan  5 11:58:06 2025] Correct Guess
[Sun Jan  5 11:58:06 2025] Correct Guess
[Sun Jan  5 11:58:07 2025] Correct Guess
[Sun Jan  5 11:58:07 2025] Correct Guess
[Sun Jan  5 11:58:07 2025] Correct Guess
[Sun Jan  5 11:58:07 2025] Correct Guess
[Sun Jan  5 11:58:07 2025] Correct Guess
[Sun Jan  5 11:58:08 2025] Correct Guess
[Sun Jan  5 11:58:09 2025] Correct Guess
[Sun Jan  5 11:58:09 2025] Correct Guess
[Sun Jan  5 11:58:10 2025] Correct Guess
[Sun Jan  5 11:58:10 2025] Correct Guess
[Sun Jan  5 11:58:10 2025] Correct Guess
[Sun Jan  5 11:58:10 2025] Correct Guess
[Sun Jan  5 11:58:11 2025] Correct Guess
[Sun Jan  5 11:58:11 2025] Correct Guess
[Sun Jan  5 11:58:11 2025] Correct Guess
[Sun Jan  5 11:58:11 2025] Correct Guess
[Sun Jan  5 11:58:12 2025] Correct Guess
[Sun Jan  5 11:58:12 2025] Correct Guess
[Sun Jan  5 11:58:12 2025] Correct Guess
[Sun Jan  5 11:58:12 2025] Correct Guess
[Sun Jan  5 11:58:12 2025] Correct Guess
[Sun Jan  5 11:58:12 2025] Correct Guess
[Sun Jan  5 11:58:12 2025] Correct Guess
[Sun Jan  5 11:58:13 2025] Correct Guess
[Sun Jan  5 11:58:13 2025] Correct Guess
[Sun Jan  5 11:58:13 2025] Correct Guess
[Sun Jan  5 11:58:13 2025] Correct Guess
[Sun Jan  5 11:58:13 2025] Correct Guess
[Sun Jan  5 11:58:14 2025] Correct Guess
[Sun Jan  5 11:58:14 2025] Correct Guess
[Sun Jan  5 11:58:14 2025] Correct Guess
[Sun Jan  5 11:58:14 2025] Correct Guess
[Sun Jan  5 11:58:15 2025] Correct Guess
[Sun Jan  5 11:58:15 2025] Correct Guess
[Sun Jan  5 11:58:15 2025] Correct Guess
[Sun Jan  5 11:58:15 2025] Correct Guess
[Sun Jan  5 11:58:15 2025] Correct Guess
[Sun Jan  5 11:58:15 2025] Correct Guess
[Sun Jan  5 11:58:16 2025] Correct Guess
[Sun Jan  5 11:58:16 2025] Correct Guess
[Sun Jan  5 11:58:16 2025] Correct Guess
[Sun Jan  5 11:58:16 2025] Correct Guess
[Sun Jan  5 11:58:16 2025] Correct Guess
[Sun Jan  5 11:58:16 2025] Correct Guess
[Sun Jan  5 11:58:16 2025] Correct Guess
[Sun Jan  5 11:58:17 2025] Correct Guess
[Sun Jan  5 11:58:17 2025] Correct Guess
[Sun Jan  5 11:58:17 2025] Correct Guess
[Sun Jan  5 11:58:17 2025] Correct Guess
[Sun Jan  5 11:58:17 2025] Correct Guess
[Sun Jan  5 11:58:18 2025] Correct Guess
[Sun Jan  5 11:58:18 2025] Correct Guess
[Sun Jan  5 11:58:18 2025] Correct Guess
[Sun Jan  5 11:58:19 2025] Correct Guess
[Sun Jan  5 11:58:19 2025] Correct Guess
[Sun Jan  5 11:58:20 2025] Correct Guess
[Sun Jan  5 11:58:20 2025] Correct Guess
[Sun Jan  5 11:58:20 2025] Correct Guess
[Sun Jan  5 11:58:20 2025] Correct Guess
[Sun Jan  5 11:58:20 2025] Correct Guess
[Sun Jan  5 11:58:21 2025] Correct Guess
[Sun Jan  5 11:58:21 2025] Correct Guess
[Sun Jan  5 11:58:21 2025] Correct Guess
[Sun Jan  5 11:58:22 2025] Correct Guess
[Sun Jan  5 11:58:22 2025] Correct Guess
[Sun Jan  5 11:58:22 2025] Correct Guess
[Sun Jan  5 11:58:23 2025] Correct Guess
[Sun Jan  5 11:58:23 2025] Correct Guess
[Sun Jan  5 11:58:23 2025] Correct Guess
[Sun Jan  5 11:58:24 2025] Correct Guess
[Sun Jan  5 11:58:24 2025] Correct Guess
[Sun Jan  5 11:58:24 2025] Correct Guess
[Sun Jan  5 11:58:24 2025] Correct Guess
[Sun Jan  5 11:58:24 2025] Correct Guess
[Sun Jan  5 11:58:24 2025] Correct Guess
[Sun Jan  5 11:58:25 2025] Correct Guess
[Sun Jan  5 11:58:25 2025] Correct Guess
[Sun Jan  5 11:58:26 2025] Correct Guess
[Sun Jan  5 11:58:26 2025] Correct Guess
[Sun Jan  5 11:58:26 2025] Correct Guess
[Sun Jan  5 11:58:26 2025] Correct Guess
[Sun Jan  5 11:58:27 2025] Correct Guess
[Sun Jan  5 11:58:27 2025] Correct Guess
[Sun Jan  5 11:58:27 2025] Correct Guess
[Sun Jan  5 11:58:28 2025] Correct Guess
[Sun Jan  5 11:58:28 2025] Correct Guess
[Sun Jan  5 11:58:28 2025] Correct Guess
[Sun Jan  5 11:58:29 2025] Correct Guess
[Sun Jan  5 11:58:29 2025] Correct Guess
[Sun Jan  5 11:58:29 2025] Correct Guess
[Sun Jan  5 11:58:30 2025] Correct Guess
[Sun Jan  5 11:58:30 2025] Correct Guess
[Sun Jan  5 11:58:30 2025] Correct Guess
[Sun Jan  5 11:58:30 2025] Correct Guess
[Sun Jan  5 11:58:39 2025] Correct Guess
[Sun Jan  5 11:58:39 2025] Correct Guess
[Sun Jan  5 11:58:48 2025] Client Started
[Sun Jan  5 11:58:48 2025] Client Config Loaded
[Sun Jan  5 11:58:48 2025] Socket criado com sucesso
[Sun Jan  5 11:58:48 2025] Conectado ao servidor
[Sun Jan  5 11:58:50 2025] Correct Guess
[Sun Jan  5 11:58:50 2025] Correct Guess
[Sun Jan  5 11:58:51 2025] Correct Guess
[Sun Jan  5 11:58:51 2025] Correct Guess
[Sun Jan  5 11:58:51 2025] Correct Guess
[Sun Jan  5 11:58:51 2025] Correct Guess
[Sun Jan  5 11:58:51 2025] Correct Guess
[Sun Jan  5 11:58:51 2025] Correct Guess
[Sun Jan  5 11:58:51 2025] Correct Guess
[Sun Jan  5 11:58:51 2025] Correct Guess
[Sun Jan  5 11:58:51 2025] Correct Guess
[Sun Jan  5 11:58:51 2025] Correct Guess
[Sun Jan  5 11:58:52 2025] Correct Guess
[Sun Jan  5 11:58:52 2025] Correct Guess
[Sun Jan  5 11:58:52 2025] Correct Guess
[Sun Jan  5 11:58:53 2025] Correct Guess
[Sun Jan  5 11:58:53 2025] Correct Guess
[Sun Jan  5 11:58:53 2025] Correct Guess
[Sun Jan  5 11:58:53 2025] Correct Guess
[Sun Jan  5 11:58:54 2025] Correct Guess
[Sun Jan  5 11:58:54 2025] Correct Guess
[Sun Jan  5 11:58:55 2025] Correct Guess
[Sun Jan  5 11:58:55 2025] Correct Guess
[Sun Jan  5 11:58:55 2025] Correct Guess
[Sun Jan  5 11:58:55 2025] Correct Guess
[Sun Jan  5 11:58:56 2025] Correct Guess
[Sun Jan  5 11:58:56 2025] Correct Guess
[Sun Jan  5 11:58:56 2025] Correct Guess
[Sun Jan  5 11:58:56 2025] Correct Guess
[Sun Jan  5 11:58:56 2025] Correct Guess
[Sun Jan  5 11:58:57 2025] Correct Guess
[Sun Jan  5 11:58:57 2025] Correct Guess
[Sun Jan  5 12:02:33 2025] Client Started
[Sun Jan  5 12:02:33 2025] Client Config Loaded
[Sun Jan  5 12:02:33 2025] Socket criado com sucesso
[Sun Jan  5 12:02:33 2025] Conectado ao servidor
[Sun Jan  5 12:02:52 2025] Client Started
[Sun Jan  5 12:02:52 2025] Client Config Loaded
[Sun Jan  5 12:02:52 2025] Socket criado com sucesso
[Sun Jan  5 12:02:52 2025] Conectado ao servidor
[Sun Jan  5 12:04:02 2025] Client Started
[Sun Jan  5 12:04:02 2025] Client Config Loaded
[Sun Jan  5 12:04:02 2025] Socket criado com sucesso
[Sun Jan  5 12:04:02 2025] Conectado ao servidor
[Sun Jan  5 12:09:32 2025] Client Started
[Sun Jan  5 12:09:32 2025] Client Config Loaded
[Sun Jan  5 12:09:32 2025] Socket criado com sucesso
[Sun Jan  5 12:09:32 2025] Conectado ao servidor
[Sun Jan  5 12:09:34 2025] Correct Guess
[Sun Jan  5 12:09:35 2025] Correct Guess
[Sun Jan  5 12:09:35 2025] Correct Guess
[Sun Jan  5 12:09:35 2025] Correct Guess
[Sun Jan  5 12:09:35 2025] Correct Guess
[Sun Jan  5 12:09:35 2025] Correct Guess
[Sun Jan  5 12:09:35 2025] Correct Guess
[Sun Jan  5 12:09:35 2025] Correct Guess
[Sun Jan  5 12:09:37 2025] Correct Guess
[Sun Jan  5 12:09:37 2025] Correct Guess
[Sun Jan  5 12:09:37 2025] Correct Guess
[Sun Jan  5 12:09:38 2025] Correct Guess
[Sun Jan  5 12:09:38 2025] Correct Guess
[Sun Jan  5 12:09:38 2025] Correct Guess
[Sun Jan  5 12:09:39 2025] Correct Guess
[Sun Jan  5 12:09:39 2025] Correct Guess
[Sun Jan  5 12:09:39 2025] Correct Guess
[Sun Jan  5 12:09:39 2025] Correct Guess
[Sun Jan  5 12:09:39 2025] Correct Guess
[Sun Jan  5 12:09:39 2025] Correct Guess
[Sun Jan  5 12:09:39 2025] Correct Guess
[Sun Jan  5 12:09:40 2025] Correct Guess
[Sun Jan  5 12:09:40 2025] Correct Guess
[Sun Jan  5 12:09:40 2025] Correct Guess
[Sun Jan  5 12:09:40 2025] Correct Guess
[Sun Jan  5 12:09:40 2025] Correct Guess
[Sun Jan  5 12:09:40 2025] Correct Guess
[Sun Jan  5 12:09:40 2025] Correct Guess
[Sun Jan  5 12:09:40 2025] Correct Guess
[Sun Jan  5 12:09:40 2025] Correct Guess
[Sun Jan  5 12:09:41 2025] Correct Guess
[Sun Jan  5 12:09:41 2025] Correct Guess
[Sun Jan  5 12:09:42 2025] Correct Guess
[Sun Jan  5 12:09:42 2025] Correct Guess
[Sun Jan  5 12:09:42 2025] Correct Guess
[Sun Jan  5 12:09:42 2025] Correct Guess
[Sun Jan  5 12:09:42 2025] Correct Guess
[Sun Jan  5 12:09:42 2025] Correct Guess
[Sun Jan  5 12:09:43 2025] Correct Guess
[Sun Jan  5 12:09:43 2025] Correct Guess
[Sun Jan  5 12:09:43 2025] Correct Guess
[Sun Jan  5 12:09:43 2025] Correct Guess
[Sun Jan  5 12:09:44 2025] Correct Guess
[Sun Jan  5 12:09:44 2025] Correct Guess
[Sun Jan  5 12:09:44 2025] Correct Guess
[Sun Jan  5 12:09:44 2025] Correct Guess
[Sun Jan  5 12:09:44 2025] Correct Guess
[Sun Jan  5 12:09:45 2025] Correct Guess
[Sun Jan  5 12:09:45 2025] Correct Guess
[Sun Jan  5 12:09:45 2025] Correct Guess
[Sun Jan  5 12:09:46 2025] Correct Guess
[Sun Jan  5 12:09:46 2025] Correct Guess
[Sun Jan  5 12:09:46 2025] Correct Guess
[Sun Jan  5 12:09:46 2025] Correct Guess
[Sun Jan  5 12:09:47 2025] Correct Guess
[Sun Jan  5 12:09:47 2025] Correct Guess
[Sun Jan  5 12:09:47 2025] Correct Guess
[Sun Jan  5 12:09:47 2025] Correct Guess
[Sun Jan  5 12:09:48 2025] Correct Guess
[Sun Jan  5 12:09:48 2025] Correct Guess
[Sun Jan  5 12:09:48 2025] Correct Guess
[Sun Jan  5 12:09:49 2025] Correct Guess
[Sun Jan  5 12:09:49 2025] Correct Guess
[Sun Jan  5 12:09:49 2025] Correct Guess
[Sun Jan  5 12:09:50 2025] Correct Guess
[Sun Jan  5 12:09:50 2025] Correct Guess
[Sun Jan  5 12:09:50 2025] Correct Guess
[Sun Jan  5 12:09:51 2025] Correct Guess
[Sun Jan  5 12:09:51 2025] Correct Guess
[Sun Jan  5 12:09:51 2025] Correct Guess
[Sun Jan  5 12:09:51 2025] Correct Guess
[Sun Jan  5 12:09:51 2025] Correct Guess
[Sun Jan  5 12:09:51 2025] Correct Guess
[Sun Jan  5 12:09:52 2025] Correct Guess
[Sun Jan  5 12:09:52 2025] Correct Guess
[Sun Jan  5 12:09:53 2025] Correct Guess
[Sun Jan  5 12:09:53 2025] Correct Guess
[Sun Jan  5 12:09:53 2025] Correct Guess
[Sun Jan  5 12:09:54 2025] Correct Guess
[Sun Jan  5 12:09:54 2025] Correct Guess
[Sun Jan  5 12:09:54 2025] Correct Guess
[Sun Jan  5 12:09:55 2025] Correct Guess
[Sun Jan  5 12:09:55 2025] Correct Guess
[Sun Jan  5 12:09:56 2025] Correct Guess
[Sun Jan  5 12:09:56 2025] Correct Guess
[Sun Jan  5 12:09:56 2025] Correct Guess
[Sun Jan  5 12:09:56 2025] Correct Guess
[Sun Jan  5 12:09:57 2025] Correct Guess
[Sun Jan  5 12:09:57 2025] Correct Guess
[Sun Jan  5 12:09:57 2025] Correct Guess
[Sun Jan  5 12:09:57 2025] Correct Guess
[Sun Jan  5 12:09:57 2025] Correct Guess
[Sun Jan  5 12:09:57 2025] Correct Guess
[Sun Jan  5 12:09:57 2025] Correct Guess
[Sun Jan  5 12:09:58 2025] Correct Guess
[Sun Jan  5 12:09:58 2025] Correct Guess
[Sun Jan  5 12:09:58 2025] Correct Guess
[Sun Jan  5 12:09:59 2025] Correct Guess
[Sun Jan  5 12:09:59 2025] Correct Guess
[Sun Jan  5 12:09:59 2025] Correct Guess
[Sun Jan  5 12:09:59 2025] Correct Guess
[Sun Jan  5 12:10:00 2025] Correct Guess
[Sun Jan  5 12:10:00 2025] Correct Guess
[Sun Jan  5 12:10:00 2025] Correct Guess
[Sun Jan  5 12:10:00 2025] Correct Guess
[Sun Jan  5 12:10:01 2025] Correct Guess
[Sun Jan  5 12:10:01 2025] Correct Guess
[Sun Jan  5 12:10:01 2025] Correct Guess
[Sun Jan  5 12:10:01 2025] Correct Guess
[Sun Jan  5 12:10:02 2025] Correct Guess
[Sun Jan  5 12:11:06 2025] Correct Guess
[Sun Jan  5 12:11:06 2025] Correct Guess
[Sun Jan  5 12:11:12 2025] Client Started
[Sun Jan  5 12:11:12 2025] Client Config Loaded
[Sun Jan  5 12:11:12 2025] Socket criado com sucesso
[Sun Jan  5 12:11:12 2025] Conectado ao servidor
[Sun Jan  5 12:11:14 2025] Correct Guess
[Sun Jan  5 12:11:14 2025] Correct Guess
[Sun Jan  5 12:11:14 2025] Correct Guess
[Sun Jan  5 12:11:14 2025] Correct Guess
[Sun Jan  5 12:11:14 2025] Correct Guess
[Sun Jan  5 12:11:15 2025] Correct Guess
[Sun Jan  5 12:11:15 2025] Correct Guess
[Sun Jan  5 12:11:15 2025] Correct Guess
[Sun Jan  5 12:11:16 2025] Correct Guess
[Sun Jan  5 12:11:16 2025] Correct Guess
[Sun Jan  5 12:11:16 2025] Correct Guess
[Sun Jan  5 12:11:16 2025] Correct Guess
[Sun Jan  5 12:11:17 2025] Correct Guess
[Sun Jan  5 12:11:18 2025] Correct Guess
[Sun Jan  5 12:11:18 2025] Correct Guess
[Sun Jan  5 12:11:18 2025] Correct Guess
[Sun Jan  5 12:11:18 2025] Correct Guess
[Sun Jan  5 12:11:19 2025] Correct Guess
[Sun Jan  5 12:11:19 2025] Correct Guess
[Sun Jan  5 12:11:19 2025] Correct Guess
[Sun Jan  5 12:11:19 2025] Correct Guess
[Sun Jan  5 12:11:20 2025] Correct Guess
[Sun Jan  5 12:11:20 2025] Correct Guess
[Sun Jan  5 12:11:20 2025] Correct Guess
[Sun Jan  5 12:11:21 2025] Correct Guess
[Sun Jan  5 12:11:21 2025] Correct Guess
[Sun Jan  5 12:11:21 2025] Correct Guess
[Sun Jan  5 12:11:22 2025] Correct Guess
[Sun Jan  5 12:11:22 2025] Correct Guess
[Sun Jan  5 12:11:23 2025] Correct Guess
[Sun Jan  5 12:11:23 2025] Correct Guess
[Sun Jan  5 12:11:23 2025] Correct Guess
[Sun Jan  5 12:11:24 2025] Correct Guess
[Sun Jan  5 12:11:24 2025] Correct Guess
[Sun Jan  5 12:11:25 2025] Correct Guess
[Sun Jan  5 12:11:25 2025] Correct Guess
[Sun Jan  5 12:11:25 2025] Correct Guess
[Sun Jan  5 12:11:25 2025] Correct Guess
[Sun Jan  5 12:11:25 2025] Correct Guess
[Sun Jan  5 12:11:26 2025] Correct Guess
[Sun Jan  5 12:11:26 2025] Correct Guess
[Sun Jan  5 12:11:26 2025] Correct Guess
[Sun Jan  5 12:11:27 2025] Correct Guess
[Sun Jan  5 12:11:27 2025] Correct Guess
[Sun Jan  5 12:11:27 2025] Correct Guess
[Sun Jan  5 12:11:28 2025] Correct Guess
[Sun Jan  5 12:11:28 2025] Correct Guess
[Sun Jan  5 12:11:28 2025] Correct Guess
[Sun Jan  5 12:11:29 2025] Correct Guess
[Sun Jan  5 12:11:29 2025] Correct Guess
[Sun Jan  5 12:11:29 2025] Correct Guess
[Sun Jan  5 12:11:29 2025] Correct Guess
[Sun Jan  5 12:11:29 2025] Correct Guess
[Sun Jan  5 12:11:30 2025] Correct Guess
[Sun Jan  5 12:11:31 2025] Correct Guess
[Sun Jan  5 12:11:31 2025] Correct Guess
[Sun Jan  5 12:11:31 2025] Correct Guess
[Sun Jan  5 12:11:31 2025] Correct Guess
[Sun Jan  5 12:11:31 2025] Correct Guess
[Sun Jan  5 12:11:32 2025] Correct Guess
[Sun Jan  5 12:11:32 2025] Correct Guess
[Sun Jan  5 12:11:32 2025] Correct Guess
[Sun Jan  5 12:11:32 2025] Correct Guess
[Sun Jan  5 12:11:32 2025] Correct Guess
[Sun Jan  5 12:11:33 2025] Correct Guess
[Sun Jan  5 12:11:33 2025] Correct Guess
[Sun Jan  5 12:11:33 2025] Correct Guess
[Sun Jan  5 12:11:33 2025] Correct Guess
[Sun Jan  5 12:11:33 2025] Correct Guess
[Sun Jan  5 12:11:34 2025] Correct Guess
[Sun Jan  5 12:11:34 2025] Correct Guess
[Sun Jan  5 12:11:34 2025] Correct Guess
[Sun Jan  5 12:11:34 2025] Correct Guess
[Sun Jan  5 12:11:36 2025] Correct Guess
[Sun Jan  5 12:11:36 2025] Correct Guess
[Sun Jan  5 12:11:36 2025] Correct Guess
[Sun Jan  5 12:11:36 2025] Correct Guess
[Sun Jan  5 12:11:37 2025] Correct Guess
[Sun Jan  5 12:11:37 2025] Correct Guess
[Sun Jan  5 12:11:37 2025] Correct Guess
[Sun Jan  5 12:11:37 2025] Correct Guess
[Sun Jan  5 12:11:38 2025] Correct Guess
[Sun Jan  5 12:11:38 2025] Correct Guess
[Sun Jan  5 12:11:38 2025] Correct Guess
[Sun Jan  5 12:11:38 2025] Correct Guess
[Sun Jan  5 12:11:38 2025] Correct Guess
[Sun Jan  5 12:11:39 2025] Correct Guess
[Sun Jan  5 12:11:39 2025] Correct Guess
[Sun Jan  5 12:11:40 2025] Correct Guess
[Sun Jan  5 12:11:40 2025] Correct Guess
[Sun Jan  5 12:11:40 2025] Correct Guess
[Sun Jan  5 12:11:40 2025] Correct Guess
[Sun Jan  5 12:11:41 2025] Correct Guess
[Sun Jan  5 12:11:41 2025] Correct Guess
[Sun Jan  5 12:11:41 2025] Correct Guess
[Sun Jan  5 12:11:41 2025] Correct Guess
[Sun Jan  5 12:11:41 2025] Correct Guess
[Sun Jan  5 12:11:41 2025] Correct Guess
[Sun Jan  5 12:11:42 2025] Correct Guess
[Sun Jan  5 12:11:42 2025] Correct Guess
[Sun Jan  5 12:11:42 2025] Correct Guess
[Sun Jan  5 12:11:42 2025] Correct Guess
[Sun Jan  5 12:11:42 2025] Correct Guess
[Sun Jan  5 12:11:42 2025] Correct Guess
[Sun Jan  5 12:11:43 2025] Correct Guess
[Sun Jan  5 12:11:43 2025] Correct Guess
[Sun Jan  5 12:11:43 2025] Correct Guess
[Sun Jan  5 12:11:44 2025] Correct Guess
[Sun Jan  5 12:11:44 2025] Correct Guess
[Sun Jan  5 12:11:44 2025] Correct Guess
[Sun Jan  5 12:14:42 2025] Correct Guess
[Sun Jan  5 12:14:42 2025] Correct Guess
[Sun Jan  5 12:14:48 2025] Client Started
[Sun Jan  5 12:14:48 2025] Client Config Loaded
[Sun Jan  5 12:14:48 2025] Socket criado com sucesso
[Sun Jan  5 12:14:48 2025] Conectado ao servidor
[Sun Jan  5 12:14:50 2025] Correct Guess
[Sun Jan  5 12:14:50 2025] Correct Guess
[Sun Jan  5 12:14:50 2025] Correct Guess
[Sun Jan  5 12:14:51 2025] Correct Guess
[Sun Jan  5 12:14:51 2025] Correct Guess
[Sun Jan  5 12:14:51 2025] Correct Guess
[Sun Jan  5 12:14:52 2025] Correct Guess
[Sun Jan  5 12:14:52 2025] Correct Guess
[Sun Jan  5 12:14:52 2025] Correct Guess
[Sun Jan  5 12:14:52 2025] Correct Guess
[Sun Jan  5 12:14:52 2025] Correct Guess
[Sun Jan  5 12:14:52 2025] Correct Guess
[Sun Jan  5 12:14:52 2025] Correct Guess
[Sun Jan  5 12:14:52 2025] Correct Guess
[Sun Jan  5 12:14:52 2025] Correct Guess
[Sun Jan  5 12:14:52 2025] Correct Guess
[Sun Jan  5 12:14:53 2025] Correct Guess
[Sun Jan  5 12:14:53 2025] Correct Guess
[Sun Jan  5 12:14:53 2025] Correct Guess
[Sun Jan  5 12:14:53 2025] Correct Guess
[Sun Jan  5 12:14:54 2025] Correct Guess
[Sun Jan  5 12:14:54 2025] Correct Guess
[Sun Jan  5 12:14:54 2025] Correct Guess
[Sun Jan  5 12:14:54 2025] Correct Guess
[Sun Jan  5 12:14:54 2025] Correct Guess
[Sun Jan  5 12:14:54 2025] Correct Guess
[Sun Jan  5 12:14:56 2025] Correct Guess
[Sun Jan  5 12:14:56 2025] Correct Guess
[Sun Jan  5 12:14:56 2025] Correct Guess
[Sun Jan  5 12:14:57 2025] Correct Guess
[Sun Jan  5 12:14:57 2025] Correct Guess
[Sun Jan  5 12:14:58 2025] Correct Guess
[Sun Jan  5 12:14:58 2025] Correct Guess
[Sun Jan  5 12:14:58 2025] Correct Guess
[Sun Jan  5 12:14:58 2025] Correct Guess
[Sun Jan  5 12:14:58 2025] Correct Guess
[Sun Jan  5 12:14:59 2025] Correct Guess
[Sun Jan  5 12:14:59 2025] Correct Guess
[Sun Jan  5 12:14:59 2025] Correct Guess
[Sun Jan  5 12:14:59 2025] Correct Guess
[Sun Jan  5 12:14:59 2025] Correct Guess
[Sun Jan  5 12:15:00 2025] Correct Guess
[Sun Jan  5 12:15:01 2025] Correct Guess
[Sun Jan  5 12:15:01 2025] Correct Guess
[Sun Jan  5 12:15:01 2025] Correct Guess
[Sun Jan  5 12:15:02 2025] Correct Guess
[Sun Jan  5 12:15:02 2025] Correct Guess
[Sun Jan  5 12:15:02 2025] Correct Guess
[Sun Jan  5 12:15:03 2025] Correct Guess
[Sun Jan  5 12:15:03 2025] Correct Guess
[Sun Jan  5 12:15:03 2025] Correct Guess
[Sun Jan  5 12:15:03 2025] Correct Guess
[Sun Jan  5 12:15:04 2025] Correct Guess
[Sun Jan  5 12:15:04 2025] Correct Guess
[Sun Jan  5 12:15:05 2025] Correct Guess
[Sun Jan  5 12:15:05 2025] Correct Guess
[Sun Jan  5 12:15:05 2025] Correct Guess
[Sun Jan  5 12:15:05 2025] Correct Guess
[Sun Jan  5 12:15:06 2025] Correct Guess
[Sun Jan  5 12:15:06 2025] Correct Guess
[Sun Jan  5 12:15:06 2025] Correct Guess
[Sun Jan  5 12:15:06 2025] Correct Guess
[Sun Jan  5 12:15:06 2025] Correct Guess
[Sun Jan  5 12:15:06 2025] Correct Guess
[Sun Jan  5 12:15:06 2025] Correct Guess
[Sun Jan  5 12:15:06 2025] Correct Guess
[Sun Jan  5 12:15:07 2025] Correct Guess
[Sun Jan  5 12:15:07 2025] Correct Guess
[Sun Jan  5 12:15:07 2025] Correct Guess
[Sun Jan  5 12:15:08 2025] Correct Guess
[Sun Jan  5 12:15:09 2025] Correct Guess
[Sun Jan  5 12:15:09 2025] Correct Guess
[Sun Jan  5 12:15:09 2025] Correct Guess
[Sun Jan  5 12:15:09 2025] Correct Guess
[Sun Jan  5 12:15:10 2025] Correct Guess
[Sun Jan  5 12:15:10 2025] Correct Guess
[Sun Jan  5 12:15:10 2025] Correct Guess
[Sun Jan  5 12:15:10 2025] Correct Guess
[Sun Jan  5 12:15:10 2025] Correct Guess
[Sun Jan  5 12:15:11 2025] Correct Guess
[Sun Jan  5 12:15:11 2025] Correct Guess
[Sun Jan  5 12:15:11 2025] Correct Guess
[Sun Jan  5 12:15:11 2025] Correct Guess
[Sun Jan  5 12:15:11 2025] Correct Guess
[Sun Jan  5 12:15:12 2025] Correct Guess
[Sun Jan  5 12:15:12 2025] Correct Guess
[Sun Jan  5 12:15:12 2025] Correct Guess
[Sun Jan  5 12:15:12 2025] Correct Guess
[Sun Jan  5 12:15:12 2025] Correct Guess
[Sun Jan  5 12:15:12 2025] Correct Guess
[Sun Jan  5 12:15:13 2025] Correct Guess
[Sun Jan  5 12:15:13 2025] Correct Guess
[Sun Jan  5 12:15:13 2025] Correct Guess
[Sun Jan  5 12:15:14 2025] Correct Guess
[Sun Jan  5 12:15:14 2025] Correct Guess
[Sun Jan  5 12:15:15 2025] Correct Guess
[Sun Jan  5 12:15:16 2025] Correct Guess
[Sun Jan  5 12:15:16 2025] Correct Guess
[Sun Jan  5 12:15:16 2025] Correct Guess
[Sun Jan  5 12:15:16 2025] Correct Guess
[Sun Jan  5 12:15:17 2025] Correct Guess
[Sun Jan  5 12:15:17 2025] Correct Guess
[Sun Jan  5 12:15:17 2025] Correct Guess
[Sun Jan  5 12:15:18 2025] Correct Guess
[Sun Jan  5 12:15:19 2025] Correct Guess
[Sun Jan  5 12:15:19 2025] Correct Guess
[Sun Jan  5 12:15:19 2025] Correct Guess
[Sun Jan  5 12:15:19 2025] Correct Guess
[Sun Jan  5 12:15:19 2025] Correct Guess
[Sun Jan  5 12:15:20 2025] Correct Guess
[Sun Jan  5 12:15:30 2025] Correct Guess
[Sun Jan  5 12:15:30 2025] Correct Guess
[Sun Jan  5 12:15:35 2025] Client Started
[Sun Jan  5 12:15:35 2025] Client Config Loaded
[Sun Jan  5 12:15:35 2025] Socket criado com sucesso
[Sun Jan  5 12:15:35 2025] Conectado ao servidor
[Sun Jan  5 12:15:37 2025] Correct Guess
[Sun Jan  5 12:15:37 2025] Correct Guess
[Sun Jan  5 12:15:37 2025] Correct Guess
[Sun Jan  5 12:15:37 2025] Correct Guess
[Sun Jan  5 12:15:37 2025] Correct Guess
[Sun Jan  5 12:15:38 2025] Correct Guess
[Sun Jan  5 12:15:39 2025] Correct Guess
[Sun Jan  5 12:15:40 2025] Correct Guess
[Sun Jan  5 12:15:40 2025] Correct Guess
[Sun Jan  5 12:15:40 2025] Correct Guess
[Sun Jan  5 12:15:40 2025] Correct Guess
[Sun Jan  5 12:15:40 2025] Correct Guess
[Sun Jan  5 12:15:40 2025] Correct Guess
[Sun Jan  5 12:15:40 2025] Correct Guess
[Sun Jan  5 12:15:40 2025] Correct Guess
[Sun Jan  5 12:15:41 2025] Correct Guess
[Sun Jan  5 12:15:41 2025] Correct Guess
[Sun Jan  5 12:15:42 2025] Correct Guess
[Sun Jan  5 12:15:42 2025] Correct Guess
[Sun Jan  5 12:15:42 2025] Correct Guess
[Sun Jan  5 12:15:42 2025] Correct Guess
[Sun Jan  5 12:15:42 2025] Correct Guess
[Sun Jan  5 12:15:43 2025] Correct Guess
[Sun Jan  5 12:15:43 2025] Correct Guess
[Sun Jan  5 12:15:43 2025] Correct Guess
[Sun Jan  5 12:15:44 2025] Correct Guess
[Sun Jan  5 12:15:44 2025] Correct Guess
[Sun Jan  5 12:15:44 2025] Correct Guess
[Sun Jan  5 12:15:45 2025] Correct Guess
[Sun Jan  5 12:15:45 2025] Correct Guess
[Sun Jan  5 12:15:45 2025] Correct Guess
[Sun Jan  5 12:15:45 2025] Correct Guess
[Sun Jan  5 12:15:45 2025] Correct Guess
[Sun Jan  5 12:15:46 2025] Correct Guess
[Sun Jan  5 12:15:46 2025] Correct Guess
[Sun Jan  5 12:15:46 2025] Correct Guess
[Sun Jan  5 12:15:47 2025] Correct Guess
[Sun Jan  5 12:15:47 2025] Correct Guess
[Sun Jan  5 12:15:47 2025] Correct Guess
[Sun Jan  5 12:15:47 2025] Correct Guess
[Sun Jan  5 12:15:47 2025] Correct Guess
[Sun Jan  5 12:15:47 2025] Correct Guess
[Sun Jan  5 12:15:48 2025] Correct Guess
[Sun Jan  5 12:15:48 2025] Correct Guess
[Sun Jan  5 12:15:48 2025] Correct Guess
[Sun Jan  5 12:15:49 2025] Correct Guess
[Sun Jan  5 12:15:49 2025] Correct Guess
[Sun Jan  5 12:15:49 2025] Correct Guess
[Sun Jan  5 12:15:49 2025] Correct Guess
[Sun Jan  5 12:15:49 2025] Correct Guess
[Sun Jan  5 12:15:49 2025] Correct Guess
[Sun Jan  5 12:15:49 2025] Correct Guess
[Sun Jan  5 12:15:50 2025] Correct Guess
[Sun Jan  5 12:15:50 2025] Correct Guess
[Sun Jan  5 12:15:50 2025] Correct Guess
[Sun Jan  5 12:15:50 2025] Correct Guess
[Sun Jan  5 12:15:50 2025] Correct Guess
[Sun Jan  5 12:15:51 2025] Correct Guess
[Sun Jan  5 12:15:52 2025] Correct Guess
[Sun Jan  5 12:15:52 2025] Correct Guess
[Sun Jan  5 12:15:52 2025] Correct Guess
[Sun Jan  5 12:15:52 2025] Correct Guess
[Sun Jan  5 12:15:53 2025] Correct Guess
[Sun Jan  5 12:15:53 2025] Correct Guess
[Sun Jan  5 12:15:53 2025] Correct Guess
[Sun Jan  5 12:15:53 2025] Correct Guess
[Sun Jan  5 12:15:53 2025] Correct Guess
[Sun Jan  5 12:15:53 2025] Correct Guess
[Sun Jan  5 12:15:54 2025] Correct Guess
[Sun Jan  5 12:15:54 2025] Correct Guess
[Sun Jan  5 12:15:54 2025] Correct Guess
[Sun Jan  5 12:15:55 2025] Correct Guess
[Sun Jan  5 12:15:55 2025] Correct Guess
[Sun Jan  5 12:15:55 2025] Correct Guess
[Sun Jan  5 12:15:55 2025] Correct Guess
[Sun Jan  5 12:15:55 2025] Correct Guess
[Sun Jan  5 12:15:56 2025] Correct Guess
[Sun Jan  5 12:15:56 2025] Correct Guess
[Sun Jan  5 12:15:56 2025] Correct Guess
[Sun Jan  5 12:15:56 2025] Correct Guess
[Sun Jan  5 12:15:56 2025] Correct Guess
[Sun Jan  5 12:15:57 2025] Correct Guess
[Sun Jan  5 12:15:57 2025] Correct Guess
[Sun Jan  5 12:15:57 2025] Correct Guess
[Sun Jan  5 12:15:57 2025] Correct Guess
[Sun Jan  5 12:15:57 2025] Correct Guess
[Sun Jan  5 12:15:57 2025] Correct Guess
[Sun Jan  5 12:15:57 2025] Correct Guess
[Sun Jan  5 12:15:58 2025] Correct Guess
[Sun Jan  5 12:15:58 2025] Correct Guess
[Sun Jan  5 12:15:58 2025] Correct Guess
[Sun Jan  5 12:15:58 2025] Correct Guess
[Sun Jan  5 12:15:58 2025] Correct Guess
[Sun Jan  5 12:15:59 2025] Correct Guess
[Sun Jan  5 12:16:00 2025] Correct Guess
[Sun Jan  5 12:16:00 2025] Correct Guess
[Sun Jan  5 12:16:01 2025] Correct Guess
[Sun Jan  5 12:16:02 2025] Correct Guess
[Sun Jan  5 12:16:02 2025] Correct Guess
[Sun Jan  5 12:16:02 2025] Correct Guess
[Sun Jan  5 12:16:02 2025] Correct Guess
[Sun Jan  5 12:16:03 2025] Correct Guess
[Sun Jan  5 12:16:03 2025] Correct Guess
[Sun Jan  5 12:16:03 2025] Correct Guess
[Sun Jan  5 12:16:03 2025] Correct Guess
[Sun Jan  5 12:16:03 2025] Correct Guess
[Sun Jan  5 12:16:03 2025] Correct Guess
[Sun Jan  5 12:16:03 2025] Correct Guess
[Sun Jan  5 12:16:04 2025] Correct Guess
[Sun Jan  5 12:16:04 2025] Correct Guess
[Sun Jan  5 12:16:47 2025] Correct Guess
[Sun Jan  5 12:16:47 2025] Correct Guess
[Sun Jan  5 12:16:53 2025] Client Started
[Sun Jan  5 12:16:53 2025] Client Config Loaded
[Sun Jan  5 12:16:53 2025] Socket criado com sucesso
[Sun Jan  5 12:16:53 2025] Conectado ao servidor
[Sun Jan  5 12:16:55 2025] Correct Guess
[Sun Jan  5 12:16:55 2025] Correct Guess
[Sun Jan  5 12:16:56 2025] Correct Guess
[Sun Jan  5 12:16:56 2025] Correct Guess
[Sun Jan  5 12:16:56 2025] Correct Guess
[Sun Jan  5 12:16:56 2025] Correct Guess
[Sun Jan  5 12:16:56 2025] Correct Guess
[Sun Jan  5 12:16:57 2025] Correct Guess
[Sun Jan  5 12:16:57 2025] Correct Guess
[Sun Jan  5 12:16:57 2025] Correct Guess
[Sun Jan  5 12:16:58 2025] Correct Guess
[Sun Jan  5 12:16:58 2025] Correct Guess
[Sun Jan  5 12:16:58 2025] Correct Guess
[Sun Jan  5 12:16:58 2025] Correct Guess
[Sun Jan  5 12:16:59 2025] Correct Guess
[Sun Jan  5 12:16:59 2025] Correct Guess
[Sun Jan  5 12:16:59 2025] Correct Guess
[Sun Jan  5 12:16:59 2025] Correct Guess
[Sun Jan  5 12:17:00 2025] Correct Guess
[Sun Jan  5 12:17:00 2025] Correct Guess
[Sun Jan  5 12:17:00 2025] Correct Guess
[Sun Jan  5 12:17:00 2025] Correct Guess
[Sun Jan  5 12:17:01 2025] Correct Guess
[Sun Jan  5 12:17:01 2025] Correct Guess
[Sun Jan  5 12:17:01 2025] Correct Guess
[Sun Jan  5 12:17:02 2025] Correct Guess
[Sun Jan  5 12:17:02 2025] Correct Guess
[Sun Jan  5 12:17:02 2025] Correct Guess
[Sun Jan  5 12:17:02 2025] Correct Guess
[Sun Jan  5 12:17:02 2025] Correct Guess
[Sun Jan  5 12:17:03 2025] Correct Guess
[Sun Jan  5 12:17:03 2025] Correct Guess
[Sun Jan  5 12:17:03 2025] Correct Guess
[Sun Jan  5 12:17:03 2025] Correct Guess
[Sun Jan  5 12:17:04 2025] Correct Guess
[Sun Jan  5 12:17:04 2025] Correct Guess
[Sun Jan  5 12:17:04 2025] Correct Guess
[Sun Jan  5 12:17:04 2025] Correct Guess
[Sun Jan  5 12:17:05 2025] Correct Guess
[Sun Jan  5 12:17:05 2025] Correct Guess
[Sun Jan  5 12:17:05 2025] Correct Guess
[Sun Jan  5 12:17:06 2025] Correct Guess
[Sun Jan  5 12:17:06 2025] Correct Guess
[Sun Jan  5 12:17:07 2025] Correct Guess
[Sun Jan  5 12:17:07 2025] Correct Guess
[Sun Jan  5 12:17:07 2025] Correct Guess
[Sun Jan  5 12:17:07 2025] Correct Guess
[Sun Jan  5 12:17:07 2025] Correct Guess
[Sun Jan  5 12:17:07 2025] Correct Guess
[Sun Jan  5 12:17:07 2025] Correct Guess
[Sun Jan  5 12:17:08 2025] Correct Guess
[Sun Jan  5 12:17:08 2025] Correct Guess
[Sun Jan  5 12:17:08 2025] Correct Guess
[Sun Jan  5 12:17:09 2025] Correct Guess
[Sun Jan  5 12:17:09 2025] Correct Guess
[Sun Jan  5 12:17:10 2025] Correct Guess
[Sun Jan  5 12:17:10 2025] Correct Guess
[Sun Jan  5 12:17:10 2025] Correct Guess
[Sun Jan  5 12:17:10 2025] Correct Guess
[Sun Jan  5 12:17:10 2025] Correct Guess
[Sun Jan  5 12:17:11 2025] Correct Guess
[Sun Jan  5 12:17:11 2025] Correct Guess
[Sun Jan  5 12:17:11 2025] Correct Guess
[Sun Jan  5 12:17:11 2025] Correct Guess
[Sun Jan  5 12:17:12 2025] Correct Guess
[Sun Jan  5 12:17:12 2025] Correct Guess
[Sun Jan  5 12:17:13 2025] Correct Guess
[Sun Jan  5 12:17:13 2025] Correct Guess
[Sun Jan  5 12:17:13 2025] Correct Guess
[Sun Jan  5 12:17:13 2025] Correct Guess
[Sun Jan  5 12:17:13 2025] Correct Guess
[Sun Jan  5 12:17:14 2025] Correct Guess
[Sun Jan  5 12:17:14 2025] Correct Guess
[Sun Jan  5 12:17:14 2025] Correct Guess
[Sun Jan  5 12:17:14 2025] Correct Guess
[Sun Jan  5 12:17:15 2025] Correct Guess
[Sun Jan  5 12:17:15 2025] Correct Guess
[Sun Jan  5 12:17:16 2025] Correct Guess
[Sun Jan  5 12:17:16 2025] Correct Guess
[Sun Jan  5 12:17:16 2025] Correct Guess
[Sun Jan  5 12:17:16 2025] Correct Guess
[Sun Jan  5 12:17:17 2025] Correct Guess
[Sun Jan  5 12:17:17 2025] Correct Guess
[Sun Jan  5 12:17:17 2025] Correct Guess
[Sun Jan  5 12:17:17 2025] Correct Guess
[Sun Jan  5 12:17:17 2025] Correct Guess
[Sun Jan  5 12:17:18 2025] Correct Guess
[Sun Jan  5 12:17:18 2025] Correct Guess
[Sun Jan  5 12:17:18 2025] Correct Guess
[Sun Jan  5 12:17:18 2025] Correct Guess
[Sun Jan  5 12:17:18 2025] Correct Guess
[Sun Jan  5 12:17:18 2025] Correct Guess
[Sun Jan  5 12:17:18 2025] Correct Guess
[Sun Jan  5 12:17:19 2025] Correct Guess
[Sun Jan  5 12:17:19 2025] Correct Guess
[Sun Jan  5 12:17:19 2025] Correct Guess
[Sun Jan  5 12:17:20 2025] Correct Guess
[Sun Jan  5 12:17:20 2025] Correct Guess
[Sun Jan  5 12:17:20 2025] Correct Guess
[Sun Jan  5 12:17:20 2025] Correct Guess
[Sun Jan  5 12:17:21 2025] Correct Guess
[Sun Jan  5 12:17:21 2025] Correct Guess
[Sun Jan  5 12:17:21 2025] Correct Guess
[Sun Jan  5 12:17:22 2025] Correct Guess
[Sun Jan  5 12:17:22 2025] Correct Guess
[Sun Jan  5 12:17:22 2025] Correct Guess
[Sun Jan  5 12:17:22 2025] Correct Guess
[Sun Jan  5 12:17:22 2025] Correct Guess
[Sun Jan  5 12:17:22 2025] Correct Guess
[Sun Jan  5 12:17:23 2025] Correct Guess
[Sun Jan  5 12:18:21 2025] Correct Guess
[Sun Jan  5 12:18:21 2025] Correct Guess
[Sun Jan  5 12:18:27 2025] Client Started
[Sun Jan  5 12:18:27 2025] Client Config Loaded
[Sun Jan  5 12:18:27 2025] Socket criado com sucesso
[Sun Jan  5 12:18:27 2025] Conectado ao servidor
[Sun Jan  5 12:18:29 2025] Correct Guess
[Sun Jan  5 12:18:29 2025] Correct Guess
[Sun Jan  5 12:18:30 2025] Correct Guess
[Sun Jan  5 12:18:30 2025] Correct Guess
[Sun Jan  5 12:18:31 2025] Correct Guess
[Sun Jan  5 12:18:31 2025] Correct Guess
[Sun Jan  5 12:18:32 2025] Correct Guess
[Sun Jan  5 12:18:32 2025] Correct Guess
[Sun Jan  5 12:18:32 2025] Correct Guess
[Sun Jan  5 12:18:32 2025] Correct Guess
[Sun Jan  5 12:18:32 2025] Correct Guess
[Sun Jan  5 12:18:32 2025] Correct Guess
[Sun Jan  5 12:18:33 2025] Correct Guess
[Sun Jan  5 12:18:34 2025] Correct Guess
[Sun Jan  5 12:18:34 2025] Correct Guess
[Sun Jan  5 12:18:34 2025] Correct Guess
[Sun Jan  5 12:18:34 2025] Correct Guess
[Sun Jan  5 12:18:35 2025] Correct Guess
[Sun Jan  5 12:18:35 2025] Correct Guess
[Sun Jan  5 12:18:35 2025] Correct Guess
[Sun Jan  5 12:18:35 2025] Correct Guess
[Sun Jan  5 12:18:36 2025] Correct Guess
[Sun Jan  5 12:18:36 2025] Correct Guess
[Sun Jan  5 12:18:36 2025] Correct Guess
[Sun Jan  5 12:18:36 2025] Correct Guess
[Sun Jan  5 12:18:37 2025] Correct Guess
[Sun Jan  5 12:18:37 2025] Correct Guess
[Sun Jan  5 12:18:38 2025] Correct Guess
[Sun Jan  5 12:18:38 2025] Correct Guess
[Sun Jan  5 12:18:38 2025] Correct Guess
[Sun Jan  5 12:18:38 2025] Correct Guess
[Sun Jan  5 12:18:38 2025] Correct Guess
[Sun Jan  5 12:18:38 2025] Correct Guess
[Sun Jan  5 12:18:38 2025] Correct Guess
[Sun Jan  5 12:18:39 2025] Correct Guess
[Sun Jan  5 12:18:40 2025] Correct Guess
[Sun Jan  5 12:18:40 2025] Correct Guess
[Sun Jan  5 12:18:40 2025] Correct Guess
[Sun Jan  5 12:18:41 2025] Correct Guess
[Sun Jan  5 12:18:41 2025] Correct Guess
[Sun Jan  5 12:18:41 2025] Correct Guess
[Sun Jan  5 12:18:41 2025] Correct Guess
[Sun Jan  5 12:18:41 2025] Correct Guess
[Sun Jan  5 12:18:42 2025] Correct Guess
[Sun Jan  5 12:18:42 2025] Correct Guess
[Sun Jan  5 12:18:42 2025] Correct Guess
[Sun Jan  5 12:18:42 2025] Correct Guess
[Sun Jan  5 12:18:43 2025] Correct Guess
[Sun Jan  5 12:18:43 2025] Correct Guess
[Sun Jan  5 12:18:43 2025] Correct Guess
[Sun Jan  5 12:18:44 2025] Correct Guess
[Sun Jan  5 12:18:44 2025] Correct Guess
[Sun Jan  5 12:18:44 2025] Correct Guess
[Sun Jan  5 12:18:44 2025] Correct Guess
[Sun Jan  5 12:18:44 2025] Correct Guess
[Sun Jan  5 12:18:44 2025] Correct Guess
[Sun Jan  5 12:18:44 2025] Correct Guess
[Sun Jan  5 12:18:44 2025] Correct Guess
[Sun Jan  5 12:18:45 2025] Correct Guess
[Sun Jan  5 12:18:45 2025] Correct Guess
[Sun Jan  5 12:18:45 2025] Correct Guess
[Sun Jan  5 12:18:45 2025] Correct Guess
[Sun Jan  5 12:18:45 2025] Correct Guess
[Sun Jan  5 12:18:45 2025] Correct Guess
[Sun Jan  5 12:18:45 2025] Correct Guess
[Sun Jan  5 12:18:46 2025] Correct Guess
[Sun Jan  5 12:18:46 2025] Correct Guess
[Sun Jan  5 12:18:47 2025] Correct Guess
[Sun Jan  5 12:18:47 2025] Correct Guess
[Sun Jan  5 12:18:47 2025] Correct Guess
[Sun Jan  5 12:18:47 2025] Correct Guess
[Sun Jan  5 12:18:48 2025] Correct Guess
[Sun Jan  5 12:18:48 2025] Correct Guess
[Sun Jan  5 12:18:48 2025] Correct Guess
[Sun Jan  5 12:18:48 2025] Correct Guess
[Sun Jan  5 12:18:48 2025] Correct Guess
[Sun Jan  5 12:18:48 2025] Correct Guess
[Sun Jan  5 12:18:49 2025] Correct Guess
[Sun Jan  5 12:18:49 2025] Correct Guess
[Sun Jan  5 12:18:50 2025] Correct Guess
[Sun Jan  5 12:18:50 2025] Correct Guess
[Sun Jan  5 12:18:50 2025] Correct Guess
[Sun Jan  5 12:18:51 2025] Correct Guess
[Sun Jan  5 12:18:51 2025] Correct Guess
[Sun Jan  5 12:18:51 2025] Correct Guess
[Sun Jan  5 12:18:51 2025] Correct Guess
[Sun Jan  5 12:18:51 2025] Correct Guess
[Sun Jan  5 12:18:52 2025] Correct Guess
[Sun Jan  5 12:18:52 2025] Correct Guess
[Sun Jan  5 12:18:52 2025] Correct Guess
[Sun Jan  5 12:18:52 2025] Correct Guess
[Sun Jan  5 12:18:52 2025] Correct Guess
[Sun Jan  5 12:18:53 2025] Correct Guess
[Sun Jan  5 12:18:53 2025] Correct Guess
[Sun Jan  5 12:18:53 2025] Correct Guess
[Sun Jan  5 12:18:53 2025] Correct Guess
[Sun Jan  5 12:18:53 2025] Correct Guess
[Sun Jan  5 12:18:53 2025] Correct Guess
[Sun Jan  5 12:18:54 2025] Correct Guess
[Sun Jan  5 12:18:54 2025] Correct Guess
[Sun Jan  5 12:18:54 2025] Correct Guess
[Sun Jan  5 12:18:54 2025] Correct Guess
[Sun Jan  5 12:18:54 2025] Correct Guess
[Sun Jan  5 12:18:54 2025] Correct Guess
[Sun Jan  5 12:18:54 2025] Correct Guess
[Sun Jan  5 12:18:54 2025] Correct Guess
[Sun Jan  5 12:18:55 2025] Correct Guess
[Sun Jan  5 12:18:55 2025] Correct Guess
[Sun Jan  5 12:18:55 2025] Correct Guess
[Sun Jan  5 12:18:55 2025] Correct Guess
[Sun Jan  5 12:30:01 2025] Correct Guess
[Sun Jan  5 12:30:01 2025] Correct Guess
[Sun Jan  5 12:30:08 2025] Client Started
[Sun Jan  5 12:30:08 2025] Client Config Loaded
[Sun Jan  5 12:30:08 2025] Socket criado com sucesso
[Sun Jan  5 12:30:08 2025] Conectado ao servidor
[Sun Jan  5 12:30:10 2025] Correct Guess
[Sun Jan  5 12:30:10 2025] Correct Guess
[Sun Jan  5 12:30:10 2025] Correct Guess
[Sun Jan  5 12:30:11 2025] Correct Guess
[Sun Jan  5 12:30:11 2025] Correct Guess
[Sun Jan  5 12:30:11 2025] Correct Guess
[Sun Jan  5 12:30:11 2025] Correct Guess
[Sun Jan  5 12:30:11 2025] Correct Guess
[Sun Jan  5 12:30:13 2025] Correct Guess
[Sun Jan  5 12:30:14 2025] Correct Guess
[Sun Jan  5 12:30:14 2025] Correct Guess
[Sun Jan  5 12:30:14 2025] Correct Guess
[Sun Jan  5 12:30:14 2025] Correct Guess
[Sun Jan  5 12:30:14 2025] Correct Guess
[Sun Jan  5 12:30:15 2025] Correct Guess
[Sun Jan  5 12:30:15 2025] Correct Guess
[Sun Jan  5 12:30:15 2025] Correct Guess
[Sun Jan  5 12:30:15 2025] Correct Guess
[Sun Jan  5 12:30:15 2025] Correct Guess
[Sun Jan  5 12:30:15 2025] Correct Guess
[Sun Jan  5 12:30:16 2025] Correct Guess
[Sun Jan  5 12:30:16 2025] Correct Guess
[Sun Jan  5 12:30:16 2025] Correct Guess
[Sun Jan  5 12:30:16 2025] Correct Guess
[Sun Jan  5 12:30:16 2025] Correct Guess
[Sun Jan  5 12:30:16 2025] Correct Guess
[Sun Jan  5 12:30:16 2025] Correct Guess
[Sun Jan  5 12:30:17 2025] Correct Guess
[Sun Jan  5 12:30:17 2025] Correct Guess
[Sun Jan  5 12:30:17 2025] Correct Guess
[Sun Jan  5 12:30:18 2025] Correct Guess
[Sun Jan  5 12:30:18 2025] Correct Guess
[Sun Jan  5 12:30:18 2025] Correct Guess
[Sun Jan  5 12:30:18 2025] Correct Guess
[Sun Jan  5 12:30:18 2025] Correct Guess
[Sun Jan  5 12:30:19 2025] Correct Guess
[Sun Jan  5 12:30:19 2025] Correct Guess
[Sun Jan  5 12:30:19 2025] Correct Guess
[Sun Jan  5 12:30:20 2025] Correct Guess
[Sun Jan  5 12:30:20 2025] Correct Guess
[Sun Jan  5 12:30:20 2025] Correct Guess
[Sun Jan  5 12:30:20 2025] Correct Guess
[Sun Jan  5 12:30:20 2025] Correct Guess
[Sun Jan  5 12:30:20 2025] Correct Guess
[Sun Jan  5 12:30:20 2025] Correct Guess
[Sun Jan  5 12:30:21 2025] Correct Guess
[Sun Jan  5 12:30:21 2025] Correct Guess
[Sun Jan  5 12:30:21 2025] Correct Guess
[Sun Jan  5 12:30:21 2025] Correct Guess
[Sun Jan  5 12:30:21 2025] Correct Guess
[Sun Jan  5 12:30:21 2025] Correct Guess
[Sun Jan  5 12:30:21 2025] Correct Guess
[Sun Jan  5 12:30:23 2025] Correct Guess
[Sun Jan  5 12:30:23 2025] Correct Guess
[Sun Jan  5 12:30:23 2025] Correct Guess
[Sun Jan  5 12:30:23 2025] Correct Guess
[Sun Jan  5 12:30:23 2025] Correct Guess
[Sun Jan  5 12:30:24 2025] Correct Guess
[Sun Jan  5 12:30:24 2025] Correct Guess
[Sun Jan  5 12:30:25 2025] Correct Guess
[Sun Jan  5 12:30:25 2025] Correct Guess
[Sun Jan  5 12:30:25 2025] Correct Guess
[Sun Jan  5 12:30:25 2025] Correct Guess
[Sun Jan  5 12:30:25 2025] Correct Guess
[Sun Jan  5 12:30:25 2025] Correct Guess
[Sun Jan  5 12:30:25 2025] Correct Guess
[Sun Jan  5 12:30:26 2025] Correct Guess
[Sun Jan  5 12:30:26 2025] Correct Guess
[Sun Jan  5 12:30:26 2025] Correct Guess
[Sun Jan  5 12:30:27 2025] Correct Guess
[Sun Jan  5 12:30:27 2025] Correct Guess
[Sun Jan  5 12:30:28 2025] Correct Guess
[Sun Jan  5 12:30:28 2025] Correct Guess
[Sun Jan  5 12:30:28 2025] Correct Guess
[Sun Jan  5 12:30:28 2025] Correct Guess
[Sun Jan  5 12:30:29 2025] Correct Guess
[Sun Jan  5 12:30:29 2025] Correct Guess
[Sun Jan  5 12:30:29 2025] Correct Guess
[Sun Jan  5 12:30:29 2025] Correct Guess
[Sun Jan  5 12:30:29 2025] Correct Guess
[Sun Jan  5 12:30:29 2025] Correct Guess
[Sun Jan  5 12:30:30 2025] Correct Guess
[Sun Jan  5 12:30:30 2025] Correct Guess
[Sun Jan  5 12:30:30 2025] Correct Guess
[Sun Jan  5 12:30:30 2025] Correct Guess
[Sun Jan  5 12:30:30 2025] Correct Guess
[Sun Jan  5 12:30:31 2025] Correct Guess
[Sun Jan  5 12:30:31 2025] Correct Guess
[Sun Jan  5 12:30:31 2025] Correct Guess
[Sun Jan  5 12:30:32 2025] Correct Guess
[Sun Jan  5 12:30:32 2025] Correct Guess
[Sun Jan  5 12:30:32 2025] Correct Guess
[Sun Jan  5 12:30:32 2025] Correct Guess
[Sun Jan  5 12:30:33 2025] Correct Guess
[Sun Jan  5 12:30:33 2025] Correct Guess
[Sun Jan  5 12:30:33 2025] Correct Guess
[Sun Jan  5 12:30:33 2025] Correct Guess
[Sun Jan  5 12:30:34 2025] Correct Guess
[Sun Jan  5 12:30:34 2025] Correct Guess
[Sun Jan  5 12:30:34 2025] Correct Guess
[Sun Jan  5 12:30:34 2025] Correct Guess
[Sun Jan  5 12:30:34 2025] Correct Guess
[Sun Jan  5 12:30:34 2025] Correct Guess
[Sun Jan  5 12:30:35 2025] Correct Guess
[Sun Jan  5 12:30:35 2025] Correct Guess
[Sun Jan  5 12:30:35 2025] Correct Guess
[Sun Jan  5 12:30:36 2025] Correct Guess
[Sun Jan  5 12:30:36 2025] Correct Guess
[Sun Jan  5 12:30:36 2025] Correct Guess
[Sun Jan  5 12:30:36 2025] Correct Guess
[Sun Jan  5 12:31:04 2025] Correct Guess
[Sun Jan  5 12:31:04 2025] Correct Guess
[Sun Jan  5 12:31:12 2025] Client Started
[Sun Jan  5 12:31:12 2025] Client Config Loaded
[Sun Jan  5 12:31:12 2025] Socket criado com sucesso
[Sun Jan  5 12:31:12 2025] Conectado ao servidor
[Sun Jan  5 12:31:14 2025] Correct Guess
[Sun Jan  5 12:31:14 2025] Correct Guess
[Sun Jan  5 12:31:14 2025] Correct Guess
[Sun Jan  5 12:31:14 2025] Correct Guess
[Sun Jan  5 12:31:14 2025] Correct Guess
[Sun Jan  5 12:31:14 2025] Correct Guess
[Sun Jan  5 12:31:15 2025] Correct Guess
[Sun Jan  5 12:31:15 2025] Correct Guess
[Sun Jan  5 12:31:15 2025] Correct Guess
[Sun Jan  5 12:31:15 2025] Correct Guess
[Sun Jan  5 12:31:15 2025] Correct Guess
[Sun Jan  5 12:31:15 2025] Correct Guess
[Sun Jan  5 12:31:15 2025] Correct Guess
[Sun Jan  5 12:31:16 2025] Correct Guess
[Sun Jan  5 12:31:16 2025] Correct Guess
[Sun Jan  5 12:31:17 2025] Correct Guess
[Sun Jan  5 12:31:17 2025] Correct Guess
[Sun Jan  5 12:31:18 2025] Correct Guess
[Sun Jan  5 12:31:18 2025] Correct Guess
[Sun Jan  5 12:31:18 2025] Correct Guess
[Sun Jan  5 12:31:18 2025] Correct Guess
[Sun Jan  5 12:31:18 2025] Correct Guess
[Sun Jan  5 12:31:18 2025] Correct Guess
[Sun Jan  5 12:31:19 2025] Correct Guess
[Sun Jan  5 12:31:19 2025] Correct Guess
[Sun Jan  5 12:31:19 2025] Correct Guess
[Sun Jan  5 12:31:19 2025] Correct Guess
[Sun Jan  5 12:31:19 2025] Correct Guess
[Sun Jan  5 12:31:20 2025] Correct Guess
[Sun Jan  5 12:31:20 2025] Correct Guess
[Sun Jan  5 12:31:21 2025] Correct Guess
[Sun Jan  5 12:31:21 2025] Correct Guess
[Sun Jan  5 12:31:21 2025] Correct Guess
[Sun Jan  5 12:31:21 2025] Correct Guess
[Sun Jan  5 12:31:21 2025] Correct Guess
[Sun Jan  5 12:31:22 2025] Correct Guess
[Sun Jan  5 12:31:22 2025] Correct Guess
[Sun Jan  5 12:31:22 2025] Correct Guess
[Sun Jan  5 12:31:22 2025] Correct Guess
[Sun Jan  5 12:31:22 2025] Correct Guess
[Sun Jan  5 12:31:22 2025] Correct Guess
[Sun Jan  5 12:31:23 2025] Correct Guess
[Sun Jan  5 12:31:23 2025] Correct Guess
[Sun Jan  5 12:31:23 2025] Correct Guess
[Sun Jan  5 12:31:24 2025] Correct Guess
[Sun Jan  5 12:31:24 2025] Correct Guess
[Sun Jan  5 12:31:26 2025] Correct Guess
[Sun Jan  5 12:31:26 2025] Correct Guess
[Sun Jan  5 12:31:26 2025] Correct Guess
[Sun Jan  5 12:31:26 2025] Correct Guess
[Sun Jan  5 12:31:26 2025] Correct Guess
[Sun Jan  5 12:31:26 2025] Correct Guess
[Sun Jan  5 12:31:27 2025] Correct Guess
[Sun Jan  5 12:31:27 2025] Correct Guess
[Sun Jan  5 12:31:27 2025] Correct Guess
[Sun Jan  5 12:31:28 2025] Correct Guess
[Sun Jan  5 12:31:28 2025] Correct Guess
[Sun Jan  5 12:31:28 2025] Correct Guess
[Sun Jan  5 12:31:28 2025] Correct Guess
[Sun Jan  5 12:31:28 2025] Correct Guess
[Sun Jan  5 12:31:29 2025] Correct Guess
[Sun Jan  5 12:31:29 2025] Correct Guess
[Sun Jan  5 12:31:29 2025] Correct Guess
[Sun Jan  5 12:31:29 2025] Correct Guess
[Sun Jan  5 12:31:29 2025] Correct Guess
[Sun Jan  5 12:31:29 2025] Correct Guess
[Sun Jan  5 12:31:30 2025] Correct Guess
[Sun Jan  5 12:31:30 2025] Correct Guess
[Sun Jan  5 12:31:30 2025] Correct Guess
[Sun Jan  5 12:31:30 2025] Correct Guess
[Sun Jan  5 12:31:30 2025] Correct Guess
[Sun Jan  5 12:31:30 2025] Correct Guess
[Sun Jan  5 12:31:30 2025] Correct Guess
[Sun Jan  5 12:31:31 2025] Correct Guess
[Sun Jan  5 12:31:31 2025] Correct Guess
[Sun Jan  5 12:31:32 2025] Correct Guess
[Sun Jan  5 12:31:32 2025] Correct Guess
[Sun Jan  5 12:31:32 2025] Correct Guess
[Sun Jan  5 12:31:32 2025] Correct Guess
[Sun Jan  5 12:31:32 2025] Correct Guess
[Sun Jan  5 12:31:33 2025] Correct Guess
[Sun Jan  5 12:31:33 2025] Correct Guess
[Sun Jan  5 12:31:33 2025] Correct Guess
[Sun Jan  5 12:31:33 2025] Correct Guess
[Sun Jan  5 12:31:34 2025] Correct Guess
[Sun Jan  5 12:31:34 2025] Correct Guess
[Sun Jan  5 12:31:34 2025] Correct Guess
[Sun Jan  5 12:31:34 2025] Correct Guess
[Sun Jan  5 12:31:34 2025] Correct Guess
[Sun Jan  5 12:31:35 2025] Correct Guess
[Sun Jan  5 12:31:35 2025] Correct Guess
[Sun Jan  5 12:31:36 2025] Correct Guess
[Sun Jan  5 12:31:37 2025] Correct Guess
[Sun Jan  5 12:31:37 2025] Correct Guess
[Sun Jan  5 12:31:37 2025] Correct Guess
[Sun Jan  5 12:31:37 2025] Correct Guess
[Sun Jan  5 12:31:37 2025] Correct Guess
[Sun Jan  5 12:31:37 2025] Correct Guess
[Sun Jan  5 12:31:37 2025] Correct Guess
[Sun Jan  5 12:31:37 2025] Correct Guess
[Sun Jan  5 12:31:38 2025] Correct Guess
[Sun Jan  5 12:31:38 2025] Correct Guess
[Sun Jan  5 12:31:38 2025] Correct Guess
[Sun Jan  5 12:31:38 2025] Correct Guess
[Sun Jan  5 12:31:38 2025] Correct Guess
[Sun Jan  5 12:31:38 2025] Correct Guess
[Sun Jan  5 12:31:39 2025] Correct Guess
[Sun Jan  5 12:31:39 2025] Correct Guess
[Sun Jan  5 12:31:39 2025] Correct Guess
[Sun Jan  5 12:31:39 2025] Correct Guess
[Sun Jan  5 12:31:58 2025] Correct Guess
[Sun Jan  5 12:31:58 2025] Correct Guess
[Sun Jan  5 12:32:03 2025] Client Started
[Sun Jan  5 12:32:03 2025] Client Config Loaded
[Sun Jan  5 12:32:03 2025] Socket criado com sucesso
[Sun Jan  5 12:32:03 2025] Conectado ao servidor
[Sun Jan  5 12:32:06 2025] Correct Guess
[Sun Jan  5 12:32:06 2025] Correct Guess
[Sun Jan  5 12:32:06 2025] Correct Guess
[Sun Jan  5 12:32:06 2025] Correct Guess
[Sun Jan  5 12:32:06 2025] Correct Guess
[Sun Jan  5 12:32:06 2025] Correct Guess
[Sun Jan  5 12:32:07 2025] Correct Guess
[Sun Jan  5 12:32:07 2025] Correct Guess
[Sun Jan  5 12:32:07 2025] Correct Guess
[Sun Jan  5 12:32:07 2025] Correct Guess
[Sun Jan  5 12:32:07 2025] Correct Guess
[Sun Jan  5 12:32:08 2025] Correct Guess
[Sun Jan  5 12:32:08 2025] Correct Guess
[Sun Jan  5 12:32:09 2025] Correct Guess
[Sun Jan  5 12:32:09 2025] Correct Guess
[Sun Jan  5 12:32:09 2025] Correct Guess
[Sun Jan  5 12:32:09 2025] Correct Guess
[Sun Jan  5 12:32:09 2025] Correct Guess
[Sun Jan  5 12:32:10 2025] Correct Guess
[Sun Jan  5 12:32:10 2025] Correct Guess
[Sun Jan  5 12:32:10 2025] Correct Guess
[Sun Jan  5 12:32:10 2025] Correct Guess
[Sun Jan  5 12:32:10 2025] Correct Guess
[Sun Jan  5 12:32:11 2025] Correct Guess
[Sun Jan  5 12:32:12 2025] Correct Guess
[Sun Jan  5 12:32:12 2025] Correct Guess
[Sun Jan  5 12:32:12 2025] Correct Guess
[Sun Jan  5 12:32:13 2025] Correct Guess
[Sun Jan  5 12:32:13 2025] Correct Guess
[Sun Jan  5 12:32:13 2025] Correct Guess
[Sun Jan  5 12:32:13 2025] Correct Guess
[Sun Jan  5 12:32:14 2025] Correct Guess
[Sun Jan  5 12:32:14 2025] Correct Guess
[Sun Jan  5 12:32:14 2025] Correct Guess
[Sun Jan  5 12:32:15 2025] Correct Guess
[Sun Jan  5 12:32:15 2025] Correct Guess
[Sun Jan  5 12:32:15 2025] Correct Guess
[Sun Jan  5 12:32:15 2025] Correct Guess
[Sun Jan  5 12:32:15 2025] Correct Guess
[Sun Jan  5 12:32:16 2025] Correct Guess
[Sun Jan  5 12:32:16 2025] Correct Guess
[Sun Jan  5 12:32:16 2025] Correct Guess
[Sun Jan  5 12:32:16 2025] Correct Guess
[Sun Jan  5 12:32:17 2025] Correct Guess
[Sun Jan  5 12:32:17 2025] Correct Guess
[Sun Jan  5 12:32:17 2025] Correct Guess
[Sun Jan  5 12:32:18 2025] Correct Guess
[Sun Jan  5 12:32:18 2025] Correct Guess
[Sun Jan  5 12:32:18 2025] Correct Guess
[Sun Jan  5 12:32:19 2025] Correct Guess
[Sun Jan  5 12:32:19 2025] Correct Guess
[Sun Jan  5 12:32:19 2025] Correct Guess
[Sun Jan  5 12:32:19 2025] Correct Guess
[Sun Jan  5 12:32:19 2025] Correct Guess
[Sun Jan  5 12:32:19 2025] Correct Guess
[Sun Jan  5 12:32:19 2025] Correct Guess
[Sun Jan  5 12:32:20 2025] Correct Guess
[Sun Jan  5 12:32:20 2025] Correct Guess
[Sun Jan  5 12:32:20 2025] Correct Guess
[Sun Jan  5 12:32:20 2025] Correct Guess
[Sun Jan  5 12:32:20 2025] Correct Guess
[Sun Jan  5 12:32:20 2025] Correct Guess
[Sun Jan  5 12:32:21 2025] Correct Guess
[Sun Jan  5 12:32:21 2025] Correct Guess
[Sun Jan  5 12:32:21 2025] Correct Guess
[Sun Jan  5 12:32:21 2025] Correct Guess
[Sun Jan  5 12:32:22 2025] Correct Guess
[Sun Jan  5 12:32:22 2025] Correct Guess
[Sun Jan  5 12:32:23 2025] Correct Guess
[Sun Jan  5 12:32:23 2025] Correct Guess
[Sun Jan  5 12:32:23 2025] Correct Guess
[Sun Jan  5 12:32:24 2025] Correct Guess
[Sun Jan  5 12:32:24 2025] Correct Guess
[Sun Jan  5 12:32:24 2025] Correct Guess
[Sun Jan  5 12:32:24 2025] Correct Guess
[Sun Jan  5 12:32:25 2025] Correct Guess
[Sun Jan  5 12:32:25 2025] Correct Guess
[Sun Jan  5 12:32:25 2025] Correct Guess
[Sun Jan  5 12:32:26 2025] Correct Guess
[Sun Jan  5 12:32:26 2025] Correct Guess
[Sun Jan  5 12:32:26 2025] Correct Guess
[Sun Jan  5 12:35:41 2025] Client Started
[Sun Jan  5 12:35:41 2025] Client Config Loaded
[Sun Jan  5 12:35:41 2025] Socket criado com sucesso
[Sun Jan  5 12:35:41 2025] Conectado ao servidor
[Sun Jan  5 12:35:44 2025] Correct Guess
[Sun Jan  5 12:35:45 2025] Correct Guess
[Sun Jan  5 12:35:45 2025] Correct Guess
[Sun Jan  5 12:35:45 2025] Correct Guess
[Sun Jan  5 12:35:46 2025] Correct Guess
[Sun Jan  5 12:35:46 2025] Correct Guess
[Sun Jan  5 12:35:46 2025] Correct Guess
[Sun Jan  5 12:35:46 2025] Correct Guess
[Sun Jan  5 12:35:46 2025] Correct Guess
[Sun Jan  5 12:35:47 2025] Correct Guess
[Sun Jan  5 12:35:47 2025] Correct Guess
[Sun Jan  5 12:35:47 2025] Correct Guess
[Sun Jan  5 12:35:47 2025] Correct Guess
[Sun Jan  5 12:35:47 2025] Correct Guess
[Sun Jan  5 12:35:48 2025] Correct Guess
[Sun Jan  5 12:35:48 2025] Correct Guess
[Sun Jan  5 12:35:48 2025] Correct Guess
[Sun Jan  5 12:35:48 2025] Correct Guess
[Sun Jan  5 12:35:48 2025] Correct Guess
[Sun Jan  5 12:35:49 2025] Correct Guess
[Sun Jan  5 12:35:49 2025] Correct Guess
[Sun Jan  5 12:35:49 2025] Correct Guess
[Sun Jan  5 12:35:49 2025] Correct Guess
[Sun Jan  5 12:35:49 2025] Correct Guess
[Sun Jan  5 12:35:49 2025] Correct Guess
[Sun Jan  5 12:35:49 2025] Correct Guess
[Sun Jan  5 12:35:50 2025] Correct Guess
[Sun Jan  5 12:35:50 2025] Correct Guess
[Sun Jan  5 12:35:50 2025] Correct Guess
[Sun Jan  5 12:35:51 2025] Correct Guess
[Sun Jan  5 12:35:51 2025] Correct Guess
[Sun Jan  5 12:35:52 2025] Correct Guess
[Sun Jan  5 12:35:52 2025] Correct Guess
[Sun Jan  5 12:35:52 2025] Correct Guess
[Sun Jan  5 12:35:52 2025] Correct Guess
[Sun Jan  5 12:35:53 2025] Correct Guess
[Sun Jan  5 12:35:53 2025] Correct Guess
[Sun Jan  5 12:35:53 2025] Correct Guess
[Sun Jan  5 12:35:54 2025] Correct Guess
[Sun Jan  5 12:35:54 2025] Correct Guess
[Sun Jan  5 12:35:54 2025] Correct Guess
[Sun Jan  5 12:35:54 2025] Correct Guess
[Sun Jan  5 12:35:54 2025] Correct Guess
[Sun Jan  5 12:35:54 2025] Correct Guess
[Sun Jan  5 12:35:55 2025] Correct Guess
[Sun Jan  5 12:35:55 2025] Correct Guess
[Sun Jan  5 12:35:55 2025] Correct Guess
[Sun Jan  5 12:35:56 2025] Correct Guess
[Sun Jan  5 12:35:57 2025] Correct Guess
[Sun Jan  5 12:35:57 2025] Correct Guess
[Sun Jan  5 12:35:57 2025] Correct Guess
[Sun Jan  5 12:35:57 2025] Correct Guess
[Sun Jan  5 12:35:58 2025] Correct Guess
[Sun Jan  5 12:35:58 2025] Correct Guess
[Sun Jan  5 12:35:58 2025] Correct Guess
[Sun Jan  5 12:35:59 2025] Correct Guess
[Sun Jan  5 12:35:59 2025] Correct Guess
[Sun Jan  5 12:35:59 2025] Correct Guess
[Sun Jan  5 12:35:59 2025] Correct Guess
[Sun Jan  5 12:35:59 2025] Correct Guess
[Sun Jan  5 12:35:59 2025] Correct Guess
[Sun Jan  5 12:35:59 2025] Correct Guess
[Sun Jan  5 12:35:59 2025] Correct Guess
[Sun Jan  5 12:35:59 2025] Correct Guess
[Sun Jan  5 12:36:00 2025] Correct Guess
[Sun Jan  5 12:36:00 2025] Correct Guess
[Sun Jan  5 12:36:01 2025] Correct Guess
[Sun Jan  5 12:36:01 2025] Correct Guess
[Sun Jan  5 12:36:01 2025] Correct Guess
[Sun Jan  5 12:36:01 2025] Correct Guess
[Sun Jan  5 12:36:01 2025] Correct Guess
[Sun Jan  5 12:36:02 2025] Correct Guess
[Sun Jan  5 12:36:02 2025] Correct Guess
[Sun Jan  5 12:36:02 2025] Correct Guess
[Sun Jan  5 12:36:02 2025] Correct Guess
[Sun Jan  5 12:36:03 2025] Correct Guess
[Sun Jan  5 12:36:03 2025] Correct Guess
[Sun Jan  5 12:36:03 2025] Correct Guess
[Sun Jan  5 12:36:03 2025] Correct Guess
[Sun Jan  5 12:36:03 2025] Correct Guess
[Sun Jan  5 12:36:03 2025] Correct Guess
[Sun Jan  5 12:36:03 2025] Correct Guess
[Sun Jan  5 12:36:03 2025] Correct Guess
[Sun Jan  5 12:36:04 2025] Correct Guess
[Sun Jan  5 12:36:04 2025] Correct Guess
[Sun Jan  5 12:36:04 2025] Correct Guess
[Sun Jan  5 12:36:04 2025] Correct Guess
[Sun Jan  5 12:36:04 2025] Correct Guess
[Sun Jan  5 12:36:04 2025] Correct Guess
[Sun Jan  5 12:36:05 2025] Correct Guess
[Sun Jan  5 12:36:05 2025] Correct Guess
[Sun Jan  5 12:36:05 2025] Correct Guess
[Sun Jan  5 12:36:06 2025] Correct Guess
[Sun Jan  5 12:36:06 2025] Correct Guess
[Sun Jan  5 12:36:06 2025] Correct Guess
[Sun Jan  5 12:37:01 2025] Client Started
[Sun Jan  5 12:37:01 2025] Client Config Loaded
[Sun Jan  5 12:37:01 2025] Socket criado com sucesso
[Sun Jan  5 12:37:01 2025] Conectado ao servidor
[Sun Jan  5 12:37:03 2025] Correct Guess
[Sun Jan  5 12:37:03 2025] Correct Guess
[Sun Jan  5 12:37:03 2025] Correct Guess
[Sun Jan  5 12:37:03 2025] Correct Guess
[Sun Jan  5 12:37:04 2025] Correct Guess
[Sun Jan  5 12:37:04 2025] Correct Guess
[Sun Jan  5 12:37:04 2025] Correct Guess
[Sun Jan  5 12:37:04 2025] Correct Guess
[Sun Jan  5 12:37:04 2025] Correct Guess
[Sun Jan  5 12:37:04 2025] Correct Guess
[Sun Jan  5 12:37:04 2025] Correct Guess
[Sun Jan  5 12:37:05 2025] Correct Guess
[Sun Jan  5 12:37:05 2025] Correct Guess
[Sun Jan  5 12:37:06 2025] Correct Guess
[Sun Jan  5 12:37:06 2025] Correct Guess
[Sun Jan  5 12:37:06 2025] Correct Guess
[Sun Jan  5 12:37:06 2025] Correct Guess
[Sun Jan  5 12:37:07 2025] Correct Guess
[Sun Jan  5 12:37:08 2025] Correct Guess
[Sun Jan  5 12:37:09 2025] Correct Guess
[Sun Jan  5 12:37:09 2025] Correct Guess
[Sun Jan  5 12:37:10 2025] Correct Guess
[Sun Jan  5 12:37:10 2025] Correct Guess
[Sun Jan  5 12:37:10 2025] Correct Guess
[Sun Jan  5 12:37:10 2025] Correct Guess
[Sun Jan  5 12:37:11 2025] Correct Guess
[Sun Jan  5 12:37:11 2025] Correct Guess
[Sun Jan  5 12:37:11 2025] Correct Guess
[Sun Jan  5 12:37:11 2025] Correct Guess
[Sun Jan  5 12:37:12 2025] Correct Guess
[Sun Jan  5 12:37:12 2025] Correct Guess
[Sun Jan  5 12:37:13 2025] Correct Guess
[Sun Jan  5 12:37:14 2025] Correct Guess
[Sun Jan  5 12:37:14 2025] Correct Guess
[Sun Jan  5 12:37:14 2025] Correct Guess
[Sun Jan  5 12:37:14 2025] Correct Guess
[Sun Jan  5 12:37:14 2025] Correct Guess
[Sun Jan  5 12:37:14 2025] Correct Guess
[Sun Jan  5 12:37:14 2025] Correct Guess
[Sun Jan  5 12:37:14 2025] Correct Guess
[Sun Jan  5 12:37:15 2025] Correct Guess
[Sun Jan  5 12:37:15 2025] Correct Guess
[Sun Jan  5 12:37:15 2025] Correct Guess
[Sun Jan  5 12:37:15 2025] Correct Guess
[Sun Jan  5 12:37:15 2025] Correct Guess
[Sun Jan  5 12:37:16 2025] Correct Guess
[Sun Jan  5 12:37:16 2025] Correct Guess
[Sun Jan  5 12:37:16 2025] Correct Guess
[Sun Jan  5 12:37:16 2025] Correct Guess
[Sun Jan  5 12:37:16 2025] Correct Guess
[Sun Jan  5 12:37:17 2025] Correct Guess
[Sun Jan  5 12:37:17 2025] Correct Guess
[Sun Jan  5 12:37:17 2025] Correct Guess
[Sun Jan  5 12:37:18 2025] Correct Guess
[Sun Jan  5 12:37:18 2025] Correct Guess
[Sun Jan  5 12:37:18 2025] Correct Guess
[Sun Jan  5 12:37:19 2025] Correct Guess
[Sun Jan  5 12:37:19 2025] Correct Guess
[Sun Jan  5 12:37:19 2025] Correct Guess
[Sun Jan  5 12:37:19 2025] Correct Guess
[Sun Jan  5 12:37:20 2025] Correct Guess
[Sun Jan  5 12:37:20 2025] Correct Guess
[Sun Jan  5 12:37:21 2025] Correct Guess
[Sun Jan  5 12:37:21 2025] Correct Guess
[Sun Jan  5 12:37:21 2025] Correct Guess
[Sun Jan  5 12:37:22 2025] Correct Guess
[Sun Jan  5 12:37:22 2025] Correct Guess
[Sun Jan  5 12:37:22 2025] Correct Guess
[Sun Jan  5 12:37:22 2025] Correct Guess
[Sun Jan  5 12:37:23 2025] Correct Guess
[Sun Jan  5 12:37:23 2025] Correct Guess
[Sun Jan  5 12:37:23 2025] Correct Guess
[Sun Jan  5 12:37:23 2025] Correct Guess
[Sun Jan  5 12:37:24 2025] Correct Guess
[Sun Jan  5 12:37:24 2025] Correct Guess
[Sun Jan  5 12:37:24 2025] Correct Guess
[Sun Jan  5 12:37:24 2025] Correct Guess
[Sun Jan  5 12:37:24 2025] Correct Guess
[Sun Jan  5 12:37:24 2025] Correct Guess
[Sun Jan  5 12:37:24 2025] Correct Guess
[Sun Jan  5 12:37:25 2025] Correct Guess
[Sun Jan  5 12:37:25 2025] Correct Guess
[Sun Jan  5 12:37:25 2025] Correct Guess
[Sun Jan  5 12:37:25 2025] Correct Guess
[Sun Jan  5 12:37:25 2025] Correct Guess
[Sun Jan  5 12:37:26 2025] Correct Guess
[Sun Jan  5 12:37:26 2025] Correct Guess
[Sun Jan  5 12:37:27 2025] Correct Guess
[Sun Jan  5 12:37:27 2025] Correct Guess
[Sun Jan  5 12:37:27 2025] Correct Guess
[Sun Jan  5 12:37:27 2025] Correct Guess
[Sun Jan  5 12:37:27 2025] Correct Guess
[Sun Jan  5 12:37:27 2025] Correct Guess
[Sun Jan  5 12:37:27 2025] Correct Guess
[Sun Jan  5 12:37:28 2025] Correct Guess
[Sun Jan  5 12:37:28 2025] Correct Guess
[Sun Jan  5 12:37:29 2025] Correct Guess
[Sun Jan  5 12:37:29 2025] Correct Guess
[Sun Jan  5 12:37:29 2025] Correct Guess
[Sun Jan  5 12:37:29 2025] Correct Guess
[Sun Jan  5 12:37:29 2025] Correct Guess
[Sun Jan  5 12:37:30 2025] Correct Guess
[Sun Jan  5 12:37:30 2025] Correct Guess
[Sun Jan  5 12:37:30 2025] Correct Guess
[Sun Jan  5 12:37:30 2025] Correct Guess
[Sun Jan  5 12:37:30 2025] Correct Guess
[Sun Jan  5 12:37:30 2025] Correct Guess
[Sun Jan  5 12:37:30 2025] Correct Guess
[Sun Jan  5 12:37:30 2025] Correct Guess
[Sun Jan  5 12:37:31 2025] Correct Guess
[Sun Jan  5 12:37:31 2025] Correct Guess
[Sun Jan  5 12:37:31 2025] Correct Guess
[Sun Jan  5 12:37:31 2025] Correct Guess
[Sun Jan  5 12:37:31 2025] Correct Guess
[Sun Jan  5 12:37:31 2025] Correct Guess
[Sun Jan  5 12:37:31 2025] Correct Guess
[Sun Jan  5 12:37:32 2025] Correct Guess
[Sun Jan  5 12:37:32 2025] Correct Guess
[Sun Jan  5 12:37:33 2025] Correct Guess
[Sun Jan  5 12:37:33 2025] Correct Guess
[Sun Jan  5 12:37:33 2025] Correct Guess
[Sun Jan  5 12:37:33 2025] Correct Guess
[Sun Jan  5 12:37:33 2025] Correct Guess
[Sun Jan  5 12:37:33 2025] Correct Guess
[Sun Jan  5 12:37:33 2025] Correct Guess
[Sun Jan  5 12:37:34 2025] Correct Guess
[Sun Jan  5 12:37:34 2025] Correct Guess
[Sun Jan  5 12:37:34 2025] Correct Guess
[Sun Jan  5 12:37:35 2025] Correct Guess
[Sun Jan  5 12:37:35 2025] Correct Guess
[Sun Jan  5 12:37:36 2025] Correct Guess
[Sun Jan  5 12:37:36 2025] Correct Guess
[Sun Jan  5 12:37:36 2025] Correct Guess
[Sun Jan  5 12:37:36 2025] Correct Guess
[Sun Jan  5 12:37:36 2025] Correct Guess
[Sun Jan  5 12:37:36 2025] Correct Guess
[Sun Jan  5 12:37:37 2025] Correct Guess
[Sun Jan  5 12:37:37 2025] Correct Guess
[Sun Jan  5 12:37:38 2025] Correct Guess
[Sun Jan  5 12:37:38 2025] Correct Guess
[Sun Jan  5 12:37:38 2025] Correct Guess
[Sun Jan  5 12:37:38 2025] Correct Guess
[Sun Jan  5 12:37:39 2025] Correct Guess
[Sun Jan  5 12:37:39 2025] Correct Guess
[Sun Jan  5 12:37:39 2025] Correct Guess
[Sun Jan  5 12:37:39 2025] Correct Guess
[Sun Jan  5 12:37:39 2025] Correct Guess
[Sun Jan  5 12:37:39 2025] Correct Guess
